Component: ARM Compiler 5.06 update 7 (build 960) Tool: armlink [4d3601]

==============================================================================

Section Cross References

    startup_stm32f407xx.o(STACK) refers (Special) to heapauxi.o(.text) for __use_two_region_memory
    startup_stm32f407xx.o(HEAP) refers (Special) to heapauxi.o(.text) for __use_two_region_memory
    startup_stm32f407xx.o(RESET) refers (Special) to heapauxi.o(.text) for __use_two_region_memory
    startup_stm32f407xx.o(RESET) refers to startup_stm32f407xx.o(STACK) for __initial_sp
    startup_stm32f407xx.o(RESET) refers to startup_stm32f407xx.o(.text) for Reset_Handler
    startup_stm32f407xx.o(RESET) refers to stm32f4xx_it.o(i.NMI_Handler) for NMI_Handler
    startup_stm32f407xx.o(RESET) refers to stm32f4xx_it.o(i.HardFault_Handler) for HardFault_Handler
    startup_stm32f407xx.o(RESET) refers to stm32f4xx_it.o(i.MemManage_Handler) for MemManage_Handler
    startup_stm32f407xx.o(RESET) refers to stm32f4xx_it.o(i.BusFault_Handler) for BusFault_Handler
    startup_stm32f407xx.o(RESET) refers to stm32f4xx_it.o(i.UsageFault_Handler) for UsageFault_Handler
    startup_stm32f407xx.o(RESET) refers to stm32f4xx_it.o(i.SVC_Handler) for SVC_Handler
    startup_stm32f407xx.o(RESET) refers to stm32f4xx_it.o(i.DebugMon_Handler) for DebugMon_Handler
    startup_stm32f407xx.o(RESET) refers to stm32f4xx_it.o(i.PendSV_Handler) for PendSV_Handler
    startup_stm32f407xx.o(RESET) refers to stm32f4xx_it.o(i.SysTick_Handler) for SysTick_Handler
    startup_stm32f407xx.o(RESET) refers to stm32f4xx_it.o(i.DMA1_Stream1_IRQHandler) for DMA1_Stream1_IRQHandler
    startup_stm32f407xx.o(RESET) refers to stm32f4xx_it.o(i.CAN1_RX0_IRQHandler) for CAN1_RX0_IRQHandler
    startup_stm32f407xx.o(RESET) refers to stm32f4xx_it.o(i.TIM1_UP_TIM10_IRQHandler) for TIM1_UP_TIM10_IRQHandler
    startup_stm32f407xx.o(RESET) refers to remote_control.o(i.USART3_IRQHandler) for USART3_IRQHandler
    startup_stm32f407xx.o(RESET) refers to stm32f4xx_it.o(i.CAN2_RX0_IRQHandler) for CAN2_RX0_IRQHandler
    startup_stm32f407xx.o(RESET) refers to encoding_disk.o(i.USART6_IRQHandler) for USART6_IRQHandler
    startup_stm32f407xx.o(.text) refers (Special) to heapauxi.o(.text) for __use_two_region_memory
    startup_stm32f407xx.o(.text) refers to system_stm32f4xx.o(i.SystemInit) for SystemInit
    startup_stm32f407xx.o(.text) refers to __main.o(!!!main) for __main
    startup_stm32f407xx.o(.text) refers to startup_stm32f407xx.o(HEAP) for Heap_Mem
    startup_stm32f407xx.o(.text) refers to startup_stm32f407xx.o(STACK) for Stack_Mem
    main.o(i.SystemClock_Config) refers to rt_memclr_w.o(.text) for __aeabi_memclr4
    main.o(i.SystemClock_Config) refers to stm32f4xx_hal_rcc.o(i.HAL_RCC_OscConfig) for HAL_RCC_OscConfig
    main.o(i.SystemClock_Config) refers to stm32f4xx_hal_rcc.o(i.HAL_RCC_ClockConfig) for HAL_RCC_ClockConfig
    main.o(i.main) refers to stm32f4xx_hal.o(i.HAL_Init) for HAL_Init
    main.o(i.main) refers to main.o(i.SystemClock_Config) for SystemClock_Config
    main.o(i.main) refers to gpio.o(i.MX_GPIO_Init) for MX_GPIO_Init
    main.o(i.main) refers to dma.o(i.MX_DMA_Init) for MX_DMA_Init
    main.o(i.main) refers to can.o(i.MX_CAN1_Init) for MX_CAN1_Init
    main.o(i.main) refers to can.o(i.MX_CAN2_Init) for MX_CAN2_Init
    main.o(i.main) refers to usart.o(i.MX_USART3_UART_Init) for MX_USART3_UART_Init
    main.o(i.main) refers to tim.o(i.MX_TIM1_Init) for MX_TIM1_Init
    main.o(i.main) refers to usart.o(i.MX_USART6_UART_Init) for MX_USART6_UART_Init
    main.o(i.main) refers to stm32f4xx_hal_tim.o(i.HAL_TIM_Base_Start_IT) for HAL_TIM_Base_Start_IT
    main.o(i.main) refers to can_receive.o(i.CAN1_Filter_Init) for CAN1_Filter_Init
    main.o(i.main) refers to can_receive.o(i.CAN_Start) for CAN_Start
    main.o(i.main) refers to can_receive.o(i.CAN2_Filter_Init) for CAN2_Filter_Init
    main.o(i.main) refers to pid_user.o(i.pid_chassis_init) for pid_chassis_init
    main.o(i.main) refers to pid_user.o(i.pid_other_init) for pid_other_init
    main.o(i.main) refers to remote_control.o(i.remote_control_init) for remote_control_init
    main.o(i.main) refers to tim.o(.bss) for htim1
    main.o(i.main) refers to usart.o(.bss) for huart6
    main.o(i.main) refers to can.o(.bss) for hcan1
    gpio.o(i.MX_GPIO_Init) refers to rt_memclr_w.o(.text) for __aeabi_memclr4
    gpio.o(i.MX_GPIO_Init) refers to stm32f4xx_hal_gpio.o(i.HAL_GPIO_WritePin) for HAL_GPIO_WritePin
    gpio.o(i.MX_GPIO_Init) refers to stm32f4xx_hal_gpio.o(i.HAL_GPIO_Init) for HAL_GPIO_Init
    can.o(i.HAL_CAN_MspDeInit) refers to stm32f4xx_hal_gpio.o(i.HAL_GPIO_DeInit) for HAL_GPIO_DeInit
    can.o(i.HAL_CAN_MspDeInit) refers to stm32f4xx_hal_cortex.o(i.HAL_NVIC_DisableIRQ) for HAL_NVIC_DisableIRQ
    can.o(i.HAL_CAN_MspDeInit) refers to can.o(.data) for .data
    can.o(i.HAL_CAN_MspInit) refers to rt_memclr_w.o(.text) for __aeabi_memclr4
[...]
    .ARM.Collect$$libinit$$0000000C          0x08000202   Section        0  libinit2.o(.ARM.Collect$$libinit$$0000000C)
    .ARM.Collect$$libinit$$0000000E          0x08000202   Section        0  libinit2.o(.ARM.Collect$$libinit$$0000000E)
    .ARM.Collect$$libinit$$00000011          0x08000202   Section        0  libinit2.o(.ARM.Collect$$libinit$$00000011)
    .ARM.Collect$$libinit$$00000013          0x08000202   Section        0  libinit2.o(.ARM.Collect$$libinit$$00000013)
    .ARM.Collect$$libinit$$00000015          0x08000202   Section        0  libinit2.o(.ARM.Collect$$libinit$$00000015)
    .ARM.Collect$$libinit$$00000017          0x08000202   Section        0  libinit2.o(.ARM.Collect$$libinit$$00000017)
    .ARM.Collect$$libinit$$00000019          0x08000202   Section        0  libinit2.o(.ARM.Collect$$libinit$$00000019)
    .ARM.Collect$$libinit$$0000001B          0x08000202   Section        0  libinit2.o(.ARM.Collect$$libinit$$0000001B)
    .ARM.Collect$$libinit$$0000001D          0x08000202   Section        0  libinit2.o(.ARM.Collect$$libinit$$0000001D)
    .ARM.Collect$$libinit$$0000001F          0x08000202   Section        0  libinit2.o(.ARM.Collect$$libinit$$0000001F)
    .ARM.Collect$$libinit$$00000021          0x08000202   Section        0  libinit2.o(.ARM.Collect$$libinit$$00000021)
    .ARM.Collect$$libinit$$00000023          0x08000202   Section        0  libinit2.o(.ARM.Collect$$libinit$$00000023)
    .ARM.Collect$$libinit$$00000025          0x08000202   Section        0  libinit2.o(.ARM.Collect$$libinit$$00000025)
    .ARM.Collect$$libinit$$0000002C          0x08000202   Section        0  libinit2.o(.ARM.Collect$$libinit$$0000002C)
    .ARM.Collect$$libinit$$0000002E          0x08000202   Section        0  libinit2.o(.ARM.Collect$$libinit$$0000002E)
    .ARM.Collect$$libinit$$00000030          0x08000202   Section        0  libinit2.o(.ARM.Collect$$libinit$$00000030)
    .ARM.Collect$$libinit$$00000032          0x08000202   Section        0  libinit2.o(.ARM.Collect$$libinit$$00000032)
    .ARM.Collect$$libinit$$00000033          0x08000202   Section        2  libinit2.o(.ARM.Collect$$libinit$$00000033)
    .ARM.Collect$$libshutdown$$00000000      0x08000204   Section        2  libshutdown.o(.ARM.Collect$$libshutdown$$00000000)
    .ARM.Collect$$libshutdown$$00000002      0x08000206   Section        0  libshutdown2.o(.ARM.Collect$$libshutdown$$00000002)
    .ARM.Collect$$libshutdown$$00000004      0x08000206   Section        0  libshutdown2.o(.ARM.Collect$$libshutdown$$00000004)
    .ARM.Collect$$libshutdown$$00000006      0x08000206   Section        0  libshutdown2.o(.ARM.Collect$$libshutdown$$00000006)
    .ARM.Collect$$libshutdown$$00000009      0x08000206   Section        0  libshutdown2.o(.ARM.Collect$$libshutdown$$00000009)
    .ARM.Collect$$libshutdown$$0000000C      0x08000206   Section        0  libshutdown2.o(.ARM.Collect$$libshutdown$$0000000C)
    .ARM.Collect$$libshutdown$$0000000E      0x08000206   Section        0  libshutdown2.o(.ARM.Collect$$libshutdown$$0000000E)
    .ARM.Collect$$libshutdown$$00000011      0x08000206   Section        0  libshutdown2.o(.ARM.Collect$$libshutdown$$00000011)
    .ARM.Collect$$libshutdown$$00000012      0x08000206   Section        2  libshutdown2.o(.ARM.Collect$$libshutdown$$00000012)
    .ARM.Collect$$rtentry$$00000000          0x08000208   Section        0  __rtentry.o(.ARM.Collect$$rtentry$$00000000)
    .ARM.Collect$$rtentry$$00000002          0x08000208   Section        0  __rtentry2.o(.ARM.Collect$$rtentry$$00000002)
    .ARM.Collect$$rtentry$$00000004          0x08000208   Section        6  __rtentry4.o(.ARM.Collect$$rtentry$$00000004)
    .ARM.Collect$$rtentry$$00000009          0x0800020e   Section        0  __rtentry2.o(.ARM.Collect$$rtentry$$00000009)
    .ARM.Collect$$rtentry$$0000000A          0x0800020e   Section        4  __rtentry2.o(.ARM.Collect$$rtentry$$0000000A)
    .ARM.Collect$$rtentry$$0000000C          0x08000212   Section        0  __rtentry2.o(.ARM.Collect$$rtentry$$0000000C)
    .ARM.Collect$$rtentry$$0000000D          0x08000212   Section        8  __rtentry2.o(.ARM.Collect$$rtentry$$0000000D)
    .ARM.Collect$$rtexit$$00000000           0x0800021a   Section        2  rtexit.o(.ARM.Collect$$rtexit$$00000000)
    .ARM.Collect$$rtexit$$00000002           0x0800021c   Section        0  rtexit2.o(.ARM.Collect$$rtexit$$00000002)
    .ARM.Collect$$rtexit$$00000003           0x0800021c   Section        4  rtexit2.o(.ARM.Collect$$rtexit$$00000003)
    .ARM.Collect$$rtexit$$00000004           0x08000220   Section        6  rtexit2.o(.ARM.Collect$$rtexit$$00000004)
    .text                                    0x08000228   Section       64  startup_stm32f407xx.o(.text)
    $v0                                      0x08000228   Number         0  startup_stm32f407xx.o(.text)
    .text                                    0x08000268   Section      238  lludivv7m.o(.text)
    .text                                    0x08000356   Section       78  rt_memclr_w.o(.text)
    .text                                    0x080003a4   Section        0  heapauxi.o(.text)
    .text                                    0x080003aa   Section       74  sys_stackheap_outer.o(.text)
    .text                                    0x080003f4   Section        0  exit.o(.text)
    .text                                    0x08000408   Section        8  libspace.o(.text)
    .text                                    0x08000410   Section        0  sys_exit.o(.text)
    .text                                    0x0800041c   Section        2  use_no_semi.o(.text)
    .text                                    0x0800041e   Section        0  indicate_semi.o(.text)
    i.BusFault_Handler                       0x0800041e   Section        0  stm32f4xx_it.o(i.BusFault_Handler)
    i.CAN1_Filter_Init                       0x08000420   Section        0  can_receive.o(i.CAN1_Filter_Init)
    i.CAN1_RX0_IRQHandler                    0x0800044c   Section        0  stm32f4xx_it.o(i.CAN1_RX0_IRQHandler)
    i.CAN1_cmd_chassis_1                     0x08000458   Section        0  can_receive.o(i.CAN1_cmd_chassis_1)
    i.CAN1_cmd_chassis_2                     0x080004a0   Section        0  can_receive.o(i.CAN1_cmd_chassis_2)
    i.CAN2_Filter_Init                       0x080004e8   Section        0  can_receive.o(i.CAN2_Filter_Init)
    i.CAN2_RX0_IRQHandler                    0x08000514   Section        0  stm32f4xx_it.o(i.CAN2_RX0_IRQHandler)
    i.CAN_Start                              0x08000520   Section        0  can_receive.o(i.CAN_Start)
    i.DMA1_Stream1_IRQHandler                0x08000540   Section        0  stm32f4xx_it.o(i.DMA1_Stream1_IRQHandler)
    i.DMA_CalcBaseAndBitshift                0x0800054c   Section        0  stm32f4xx_hal_dma.o(i.DMA_CalcBaseAndBitshift)
    DMA_CalcBaseAndBitshift                  0x0800054d   Thumb Code    34  stm32f4xx_hal_dma.o(i.DMA_CalcBaseAndBitshift)
    i.DMA_CheckFifoParam                     0x08000574   Section        0  stm32f4xx_hal_dma.o(i.DMA_CheckFifoParam)
    DMA_CheckFifoParam                       0x08000575   Thumb Code    84  stm32f4xx_hal_dma.o(i.DMA_CheckFifoParam)
    i.Data_Analyse                           0x080005c8   Section        0  encoding_disk.o(i.Data_Analyse)
    i.DebugMon_Handler                       0x08000658   Section        0  stm32f4xx_it.o(i.DebugMon_Handler)
    i.Error_Handler                          0x0800065a   Section        0  main.o(i.Error_Handler)
    i.HAL_CAN_ActivateNotification           0x0800065e   Section        0  stm32f4xx_hal_can.o(i.HAL_CAN_ActivateNotification)
    i.HAL_CAN_AddTxMessage                   0x08000682   Section        0  stm32f4xx_hal_can.o(i.HAL_CAN_AddTxMessage)
    i.HAL_CAN_ConfigFilter                   0x08000760   Section        0  stm32f4xx_hal_can.o(i.HAL_CAN_ConfigFilter)
    i.HAL_CAN_ErrorCallback                  0x0800086c   Section        0  stm32f4xx_hal_can.o(i.HAL_CAN_ErrorCallback)
    i.HAL_CAN_GetRxMessage                   0x0800086e   Section        0  stm32f4xx_hal_can.o(i.HAL_CAN_GetRxMessage)
    i.HAL_CAN_IRQHandler                     0x08000956   Section        0  stm32f4xx_hal_can.o(i.HAL_CAN_IRQHandler)
    i.HAL_CAN_Init                           0x08000b52   Section        0  stm32f4xx_hal_can.o(i.HAL_CAN_Init)
    i.HAL_CAN_MspInit                        0x08000c6c   Section        0  can.o(i.HAL_CAN_MspInit)
    i.HAL_CAN_RxFifo0FullCallback            0x08000d68   Section        0  stm32f4xx_hal_can.o(i.HAL_CAN_RxFifo0FullCallback)
    i.HAL_CAN_RxFifo0MsgPendingCallback      0x08000d6c   Section        0  can_receive.o(i.HAL_CAN_RxFifo0MsgPendingCallback)
    i.HAL_CAN_RxFifo1FullCallback            0x08000e30   Section        0  stm32f4xx_hal_can.o(i.HAL_CAN_RxFifo1FullCallback)
    i.HAL_CAN_RxFifo1MsgPendingCallback      0x08000e32   Section        0  stm32f4xx_hal_can.o(i.HAL_CAN_RxFifo1MsgPendingCallback)
    i.HAL_CAN_SleepCallback                  0x08000e34   Section        0  stm32f4xx_hal_can.o(i.HAL_CAN_SleepCallback)
    i.HAL_CAN_Start                          0x08000e38   Section        0  stm32f4xx_hal_can.o(i.HAL_CAN_Start)
    i.HAL_CAN_TxMailbox0AbortCallback        0x08000e90   Section        0  stm32f4xx_hal_can.o(i.HAL_CAN_TxMailbox0AbortCallback)
    i.HAL_CAN_TxMailbox0CompleteCallback     0x08000e92   Section        0  stm32f4xx_hal_can.o(i.HAL_CAN_TxMailbox0CompleteCallback)
    i.HAL_CAN_TxMailbox1AbortCallback        0x08000e94   Section        0  stm32f4xx_hal_can.o(i.HAL_CAN_TxMailbox1AbortCallback)
    i.HAL_CAN_TxMailbox1CompleteCallback     0x08000e96   Section        0  stm32f4xx_hal_can.o(i.HAL_CAN_TxMailbox1CompleteCallback)
    i.HAL_CAN_TxMailbox2AbortCallback        0x08000e98   Section        0  stm32f4xx_hal_can.o(i.HAL_CAN_TxMailbox2AbortCallback)
    i.HAL_CAN_TxMailbox2CompleteCallback     0x08000e9a   Section        0  stm32f4xx_hal_can.o(i.HAL_CAN_TxMailbox2CompleteCallback)
    i.HAL_CAN_WakeUpFromRxMsgCallback        0x08000e9c   Section        0  stm32f4xx_hal_can.o(i.HAL_CAN_WakeUpFromRxMsgCallback)
    i.HAL_DMA_IRQHandler                     0x08000ea0   Section        0  stm32f4xx_hal_dma.o(i.HAL_DMA_IRQHandler)
    i.HAL_DMA_Init                           0x08001040   Section        0  stm32f4xx_hal_dma.o(i.HAL_DMA_Init)
    i.HAL_GPIO_Init                          0x08001114   Section        0  stm32f4xx_hal_gpio.o(i.HAL_GPIO_Init)
    i.HAL_GPIO_WritePin                      0x08001304   Section        0  stm32f4xx_hal_gpio.o(i.HAL_GPIO_WritePin)
    i.HAL_GetTick                            0x08001310   Section        0  stm32f4xx_hal.o(i.HAL_GetTick)
    i.HAL_IncTick                            0x0800131c   Section        0  stm32f4xx_hal.o(i.HAL_IncTick)
    i.HAL_Init                               0x0800132c   Section        0  stm32f4xx_hal.o(i.HAL_Init)
    i.HAL_InitTick                           0x08001360   Section        0  stm32f4xx_hal.o(i.HAL_InitTick)
    i.HAL_MspInit                            0x080013a0   Section        0  stm32f4xx_hal_msp.o(i.HAL_MspInit)
    i.HAL_NVIC_EnableIRQ                     0x080013d0   Section        0  stm32f4xx_hal_cortex.o(i.HAL_NVIC_EnableIRQ)
    i.HAL_NVIC_SetPriority                   0x080013ec   Section        0  stm32f4xx_hal_cortex.o(i.HAL_NVIC_SetPriority)
    i.HAL_NVIC_SetPriorityGrouping           0x0800142c   Section        0  stm32f4xx_hal_cortex.o(i.HAL_NVIC_SetPriorityGrouping)
    i.HAL_RCC_ClockConfig                    0x08001450   Section        0  stm32f4xx_hal_rcc.o(i.HAL_RCC_ClockConfig)
    i.HAL_RCC_GetPCLK1Freq                   0x08001584   Section        0  stm32f4xx_hal_rcc.o(i.HAL_RCC_GetPCLK1Freq)
    i.HAL_RCC_GetPCLK2Freq                   0x080015a4   Section        0  stm32f4xx_hal_rcc.o(i.HAL_RCC_GetPCLK2Freq)
    i.HAL_RCC_GetSysClockFreq                0x080015c4   Section        0  stm32f4xx_hal_rcc.o(i.HAL_RCC_GetSysClockFreq)
    i.HAL_RCC_OscConfig                      0x08001628   Section        0  stm32f4xx_hal_rcc.o(i.HAL_RCC_OscConfig)
    i.HAL_SYSTICK_Config                     0x08001994   Section        0  stm32f4xx_hal_cortex.o(i.HAL_SYSTICK_Config)
    i.HAL_TIMEx_BreakCallback                0x080019bc   Section        0  stm32f4xx_hal_tim_ex.o(i.HAL_TIMEx_BreakCallback)
    i.HAL_TIMEx_CommutCallback               0x080019be   Section        0  stm32f4xx_hal_tim_ex.o(i.HAL_TIMEx_CommutCallback)
    i.HAL_TIMEx_MasterConfigSynchronization  0x080019c0   Section        0  stm32f4xx_hal_tim_ex.o(i.HAL_TIMEx_MasterConfigSynchronization)
    i.HAL_TIM_Base_Init                      0x08001a50   Section        0  stm32f4xx_hal_tim.o(i.HAL_TIM_Base_Init)
    i.HAL_TIM_Base_MspInit                   0x08001aac   Section        0  tim.o(i.HAL_TIM_Base_MspInit)
    i.HAL_TIM_Base_Start_IT                  0x08001ae8   Section        0  stm32f4xx_hal_tim.o(i.HAL_TIM_Base_Start_IT)
    i.HAL_TIM_ConfigClockSource              0x08001b68   Section        0  stm32f4xx_hal_tim.o(i.HAL_TIM_ConfigClockSource)
    i.HAL_TIM_IC_CaptureCallback             0x08001c44   Section        0  stm32f4xx_hal_tim.o(i.HAL_TIM_IC_CaptureCallback)
    i.HAL_TIM_IRQHandler                     0x08001c46   Section        0  stm32f4xx_hal_tim.o(i.HAL_TIM_IRQHandler)
    i.HAL_TIM_OC_DelayElapsedCallback        0x08001dac   Section        0  stm32f4xx_hal_tim.o(i.HAL_TIM_OC_DelayElapsedCallback)
    i.HAL_TIM_PWM_PulseFinishedCallback      0x08001dae   Section        0  stm32f4xx_hal_tim.o(i.HAL_TIM_PWM_PulseFinishedCallback)
    i.HAL_TIM_PeriodElapsedCallback          0x08001db0   Section        0  tim_user.o(i.HAL_TIM_PeriodElapsedCallback)
    i.HAL_TIM_TriggerCallback                0x08001fa8   Section        0  stm32f4xx_hal_tim.o(i.HAL_TIM_TriggerCallback)
    i.HAL_UART_Init                          0x08001faa   Section        0  stm32f4xx_hal_uart.o(i.HAL_UART_Init)
    i.HAL_UART_MspInit                       0x0800200c   Section        0  usart.o(i.HAL_UART_MspInit)
    i.HardFault_Handler                      0x08002108   Section        0  stm32f4xx_it.o(i.HardFault_Handler)
    i.MX_CAN1_Init                           0x0800210c   Section        0  can.o(i.MX_CAN1_Init)
    i.MX_CAN2_Init                           0x08002150   Section        0  can.o(i.MX_CAN2_Init)
    i.MX_DMA_Init                            0x08002194   Section        0  dma.o(i.MX_DMA_Init)
    i.MX_GPIO_Init                           0x080021c0   Section        0  gpio.o(i.MX_GPIO_Init)
    i.MX_TIM1_Init                           0x080022f4   Section        0  tim.o(i.MX_TIM1_Init)
    i.MX_USART3_UART_Init                    0x0800235c   Section        0  usart.o(i.MX_USART3_UART_Init)
    i.MX_USART6_UART_Init                    0x08002398   Section        0  usart.o(i.MX_USART6_UART_Init)
    i.MemManage_Handler                      0x080023d0   Section        0  stm32f4xx_it.o(i.MemManage_Handler)
    i.NMI_Handler                            0x080023d2   Section        0  stm32f4xx_it.o(i.NMI_Handler)
    i.PID_calc                               0x080023d4   Section        0  pid.o(i.PID_calc)
    i.PID_init                               0x080024fc   Section        0  pid.o(i.PID_init)
    i.PID_position_realize_2                 0x08002558   Section        0  pid_user.o(i.PID_position_realize_2)
    i.PID_velocity_realize_1                 0x08002590   Section        0  pid_user.o(i.PID_velocity_realize_1)
    i.PID_velocity_realize_2                 0x080025cc   Section        0  pid_user.o(i.PID_velocity_realize_2)
    i.PendSV_Handler                         0x08002608   Section        0  stm32f4xx_it.o(i.PendSV_Handler)
    i.RC_VC_DATA                             0x0800260c   Section        0  tim_user.o(i.RC_VC_DATA)
    i.RC_init                                0x08002670   Section        0  bsp_rc.o(i.RC_init)
    i.SVC_Handler                            0x080026d0   Section        0  stm32f4xx_it.o(i.SVC_Handler)
    i.SysTick_Handler                        0x080026d2   Section        0  stm32f4xx_it.o(i.SysTick_Handler)
    i.SystemClock_Config                     0x080026d8   Section        0  main.o(i.SystemClock_Config)
    i.SystemInit                             0x0800276c   Section        0  system_stm32f4xx.o(i.SystemInit)
    i.TIM1_UP_TIM10_IRQHandler               0x0800277c   Section        0  stm32f4xx_it.o(i.TIM1_UP_TIM10_IRQHandler)
    i.TIM_Base_SetConfig                     0x08002788   Section        0  stm32f4xx_hal_tim.o(i.TIM_Base_SetConfig)
    i.TIM_ETR_SetConfig                      0x08002850   Section        0  stm32f4xx_hal_tim.o(i.TIM_ETR_SetConfig)
    i.TIM_ITRx_SetConfig                     0x08002864   Section        0  stm32f4xx_hal_tim.o(i.TIM_ITRx_SetConfig)
    TIM_ITRx_SetConfig                       0x08002865   Thumb Code    16  stm32f4xx_hal_tim.o(i.TIM_ITRx_SetConfig)
    i.TIM_TI1_ConfigInputStage               0x08002874   Section        0  stm32f4xx_hal_tim.o(i.TIM_TI1_ConfigInputStage)
    TIM_TI1_ConfigInputStage                 0x08002875   Thumb Code    34  stm32f4xx_hal_tim.o(i.TIM_TI1_ConfigInputStage)
    i.TIM_TI2_ConfigInputStage               0x08002896   Section        0  stm32f4xx_hal_tim.o(i.TIM_TI2_ConfigInputStage)
    TIM_TI2_ConfigInputStage                 0x08002897   Thumb Code    36  stm32f4xx_hal_tim.o(i.TIM_TI2_ConfigInputStage)
    i.UART_SetConfig                         0x080028bc   Section        0  stm32f4xx_hal_uart.o(i.UART_SetConfig)
    UART_SetConfig                           0x080028bd   Thumb Code   258  stm32f4xx_hal_uart.o(i.UART_SetConfig)
    i.USART3_IRQHandler                      0x080029c8   Section        0  remote_control.o(i.USART3_IRQHandler)
    i.USART6_IRQHandler                      0x08002a7c   Section        0  encoding_disk.o(i.USART6_IRQHandler)
    i.UsageFault_Handler                     0x08002aa0   Section        0  stm32f4xx_it.o(i.UsageFault_Handler)
    i.__NVIC_SetPriority                     0x08002aa2   Section        0  stm32f4xx_hal_cortex.o(i.__NVIC_SetPriority)
    __NVIC_SetPriority                       0x08002aa3   Thumb Code    32  stm32f4xx_hal_cortex.o(i.__NVIC_SetPriority)
    i.cam                                    0x08002ac4   Section        0  tim_user.o(i.cam)
    i.collect                                0x08002aec   Section        0  tim_user.o(i.collect)
    i.get_moto_offset                        0x08002b20   Section        0  can_receive.o(i.get_moto_offset)
    i.get_motor_measure                      0x08002b2a   Section        0  can_receive.o(i.get_motor_measure)
    i.main                                   0x08002b6c   Section        0  main.o(i.main)
    i.pid_call_2                             0x08002bd0   Section        0  pid_user.o(i.pid_call_2)
    i.pid_chassis_init                       0x08002be4   Section        0  pid_user.o(i.pid_chassis_init)
    i.pid_other_init                         0x08002c58   Section        0  pid_user.o(i.pid_other_init)
    i.remote_control_init                    0x08002cd8   Section        0  remote_control.o(i.remote_control_init)
    i.sbus_to_rc                             0x08002ce8   Section        0  remote_control.o(i.sbus_to_rc)
    sbus_to_rc                               0x08002ce9   Thumb Code   180  remote_control.o(i.sbus_to_rc)
    i.shoot                                  0x08002d9c   Section        0  tim_user.o(i.shoot)
    x$fpl$d2f                                0x08002e40   Section       98  d2f.o(x$fpl$d2f)
    $v0                                      0x08002e40   Number         0  d2f.o(x$fpl$d2f)
    x$fpl$dflt                               0x08002ea2   Section       46  dflt_clz.o(x$fpl$dflt)
    $v0                                      0x08002ea2   Number         0  dflt_clz.o(x$fpl$dflt)
    x$fpl$dmul                               0x08002ed0   Section      340  dmul.o(x$fpl$dmul)
    $v0                                      0x08002ed0   Number         0  dmul.o(x$fpl$dmul)
    x$fpl$dnaninf                            0x08003024   Section      156  dnaninf.o(x$fpl$dnaninf)
    $v0                                      0x08003024   Number         0  dnaninf.o(x$fpl$dnaninf)
    x$fpl$dretinf                            0x080030c0   Section       12  dretinf.o(x$fpl$dretinf)
    $v0                                      0x080030c0   Number         0  dretinf.o(x$fpl$dretinf)
    x$fpl$fpinit                             0x080030cc   Section       10  fpinit.o(x$fpl$fpinit)
    $v0                                      0x080030cc   Number         0  fpinit.o(x$fpl$fpinit)
    x$fpl$fretinf                            0x080030d6   Section       10  fretinf.o(x$fpl$fretinf)
    $v0                                      0x080030d6   Number         0  fretinf.o(x$fpl$fretinf)
    .constdata                               0x080030e0   Section        8  stm32f4xx_hal_dma.o(.constdata)
    x$fpl$usenofp                            0x080030e0   Section        0  usenofp.o(x$fpl$usenofp)
    flagBitshiftOffset                       0x080030e0   Data           8  stm32f4xx_hal_dma.o(.constdata)
    .constdata                               0x080030e8   Section       16  system_stm32f4xx.o(.constdata)
    .constdata                               0x080030f8   Section        8  system_stm32f4xx.o(.constdata)
    .data                                    0x20000000   Section        4  can.o(.data)
    HAL_RCC_CAN1_CLK_ENABLED                 0x20000000   Data           4  can.o(.data)
    .data                                    0x20000004   Section       12  stm32f4xx_hal.o(.data)
    .data                                    0x20000010   Section        4  system_stm32f4xx.o(.data)
    .data                                    0x20000014   Section       10  can_receive.o(.data)
    i                                        0x20000014   Data           1  can_receive.o(.data)
    i                                        0x20000015   Data           1  can_receive.o(.data)
    chassis_can_send_data                    0x20000016   Data           8  can_receive.o(.data)
    .data                                    0x20000020   Section        4  can_receive.o(.data)
    .data                                    0x20000024   Section        4  can_receive.o(.data)
    .data                                    0x20000028   Section        4  can_receive.o(.data)
    .data                                    0x2000002c   Section        4  can_receive.o(.data)
    .data                                    0x20000030   Section        4  can_receive.o(.data)
    .data                                    0x20000034   Section        4  can_receive.o(.data)
    .data                                    0x20000038   Section        4  can_receive.o(.data)
    .data                                    0x2000003c   Section        4  can_receive.o(.data)
    .data                                    0x20000040   Section        4  can_receive.o(.data)
    .data                                    0x20000044   Section        4  can_receive.o(.data)
    .data                                    0x20000048   Section        4  can_receive.o(.data)
    .data                                    0x2000004c   Section        4  can_receive.o(.data)
    .data                                    0x20000050   Section        4  can_receive.o(.data)
    .data                                    0x20000054   Section        4  can_receive.o(.data)
    .data                                    0x20000058   Section        4  can_receive.o(.data)
    .data                                    0x2000005c   Section        4  can_receive.o(.data)
    .data                                    0x20000060   Section       24  pid_user.o(.data)
    .data                                    0x20000078   Section        2  remote_control.o(.data)
    this_time_rx_len                         0x20000078   Data           2  remote_control.o(.data)
    .data                                    0x2000007c   Section       12  tim_user.o(.data)
    .data                                    0x20000088   Section       28  encoding_disk.o(.data)
    ch                                       0x20000088   Data           1  encoding_disk.o(.data)
    count                                    0x20000089   Data           1  encoding_disk.o(.data)
    i                                        0x2000008a   Data           1  encoding_disk.o(.data)
    .bss                                     0x200000a4   Section       80  can.o(.bss)
    .bss                                     0x200000f4   Section       72  tim.o(.bss)
    .bss                                     0x2000013c   Section      232  usart.o(.bss)
    .bss                                     0x20000224   Section      472  can_receive.o(.bss)
    chassis_tx_message                       0x200003e4   Data          24  can_receive.o(.bss)
    .bss                                     0x200003fc   Section     2304  pid_user.o(.bss)
    .bss                                     0x20000cfc   Section       94  remote_control.o(.bss)
    sbus_rx_buf                              0x20000d12   Data          72  remote_control.o(.bss)
    .bss                                     0x20000d5c   Section       24  encoding_disk.o(.bss)
    posture                                  0x20000d5c   Data          24  encoding_disk.o(.bss)
    .bss                                     0x20000d74   Section       96  libspace.o(.bss)
    HEAP                                     0x20000dd8   Section      512  startup_stm32f407xx.o(HEAP)
    Heap_Mem                                 0x20000dd8   Data         512  startup_stm32f407xx.o(HEAP)
    STACK                                    0x20000fd8   Section     1024  startup_stm32f407xx.o(STACK)
    Stack_Mem                                0x20000fd8   Data        1024  startup_stm32f407xx.o(STACK)
    __initial_sp                             0x200013d8   Data           0  startup_stm32f407xx.o(STACK)

    Global Symbols

    Symbol Name                              Value     Ov Type        Size  Object(Section)

    BuildAttributes$$THM_ISAv4$E$P$D$K$B$S$7EM$VFPi3$EXTD16$VFPS$VFMA$PE$A:L22UL41UL21$X:L11$S22US41US21$IEEE1$IW$USESV6$~STKCKD$USESV7$~SHL$OSPACE$ROPI$EBA8$UX$STANDARDLIB$REQ8$PRES8$EABIv2 0x00000000   Number         0  anon$$obj.o ABSOLUTE
    __ARM_use_no_argv                        0x00000000   Number         0  main.o ABSOLUTE
    __ARM_exceptions_init                     - Undefined Weak Reference
    __alloca_initialize                       - Undefined Weak Reference
    __arm_fini_                               - Undefined Weak Reference
    __arm_preinit_                            - Undefined Weak Reference
    __cpp_initialize__aeabi_                  - Undefined Weak Reference
    __cxa_finalize                            - Undefined Weak Reference
    __rt_locale                               - Undefined Weak Reference
    __sigvec_lookup                           - Undefined Weak Reference
    _atexit_init                              - Undefined Weak Reference
    _call_atexit_fns                          - Undefined Weak Reference
    _clock_init                               - Undefined Weak Reference
    _fp_trap_init                             - Undefined Weak Reference
    _fp_trap_shutdown                         - Undefined Weak Reference
    _get_lc_collate                           - Undefined Weak Reference
    _get_lc_ctype                             - Undefined Weak Reference
    _get_lc_monetary                          - Undefined Weak Reference
    _get_lc_numeric                           - Undefined Weak Reference
    _get_lc_time                              - Undefined Weak Reference
    _getenv_init                              - Undefined Weak Reference
    _handle_redirection                       - Undefined Weak Reference
    _init_alloc                               - Undefined Weak Reference
    _init_user_alloc                          - Undefined Weak Reference
    _initio                                   - Undefined Weak Reference
    _rand_init                                - Undefined Weak Reference
    _signal_finish                            - Undefined Weak Reference
    _signal_init                              - Undefined Weak Reference
    _terminate_alloc                          - Undefined Weak Reference
    _terminate_user_alloc                     - Undefined Weak Reference
    _terminateio                              - Undefined Weak Reference
    __Vectors_Size                           0x00000188   Number         0  startup_stm32f407xx.o ABSOLUTE
    __Vectors                                0x08000000   Data           4  startup_stm32f407xx.o(RESET)
    __Vectors_End                            0x08000188   Data           0  startup_stm32f407xx.o(RESET)
    __main                                   0x08000189   Thumb Code     8  __main.o(!!!main)
    __scatterload                            0x08000191   Thumb Code     0  __scatter.o(!!!scatter)
    __scatterload_rt2                        0x08000191   Thumb Code    44  __scatter.o(!!!scatter)
    __scatterload_rt2_thumb_only             0x08000191   Thumb Code     0  __scatter.o(!!!scatter)
    __scatterload_null                       0x0800019f   Thumb Code     0  __scatter.o(!!!scatter)
    __scatterload_copy                       0x080001c5   Thumb Code    26  __scatter_copy.o(!!handler_copy)
    __scatterload_zeroinit                   0x080001e1   Thumb Code    28  __scatter_zi.o(!!handler_zi)
    __rt_lib_init                            0x080001fd   Thumb Code     0  libinit.o(.ARM.Collect$$libinit$$00000000)
    __rt_lib_init_fp_1                       0x080001ff   Thumb Code     0  libinit2.o(.ARM.Collect$$libinit$$00000001)
    __rt_lib_init_alloca_1                   0x08000203   Thumb Code     0  libinit2.o(.ARM.Collect$$libinit$$0000002E)
    __rt_lib_init_argv_1                     0x08000203   Thumb Code     0  libinit2.o(.ARM.Collect$$libinit$$0000002C)
    __rt_lib_init_atexit_1                   0x08000203   Thumb Code     0  libinit2.o(.ARM.Collect$$libinit$$0000001B)
    __rt_lib_init_clock_1                    0x08000203   Thumb Code     0  libinit2.o(.ARM.Collect$$libinit$$00000021)
    __rt_lib_init_cpp_1                      0x08000203   Thumb Code     0  libinit2.o(.ARM.Collect$$libinit$$00000032)
    __rt_lib_init_exceptions_1               0x08000203   Thumb Code     0  libinit2.o(.ARM.Collect$$libinit$$00000030)
    __rt_lib_init_fp_trap_1                  0x08000203   Thumb Code     0  libinit2.o(.ARM.Collect$$libinit$$0000001F)
    __rt_lib_init_getenv_1                   0x08000203   Thumb Code     0  libinit2.o(.ARM.Collect$$libinit$$00000023)
    __rt_lib_init_heap_1                     0x08000203   Thumb Code     0  libinit2.o(.ARM.Collect$$libinit$$0000000A)
    __rt_lib_init_lc_collate_1               0x08000203   Thumb Code     0  libinit2.o(.ARM.Collect$$libinit$$00000011)
    __rt_lib_init_lc_ctype_1                 0x08000203   Thumb Code     0  libinit2.o(.ARM.Collect$$libinit$$00000013)
    __rt_lib_init_lc_monetary_1              0x08000203   Thumb Code     0  libinit2.o(.ARM.Collect$$libinit$$00000015)
    __rt_lib_init_lc_numeric_1               0x08000203   Thumb Code     0  libinit2.o(.ARM.Collect$$libinit$$00000017)
    __rt_lib_init_lc_time_1                  0x08000203   Thumb Code     0  libinit2.o(.ARM.Collect$$libinit$$00000019)
    __rt_lib_init_preinit_1                  0x08000203   Thumb Code     0  libinit2.o(.ARM.Collect$$libinit$$00000004)
    __rt_lib_init_rand_1                     0x08000203   Thumb Code     0  libinit2.o(.ARM.Collect$$libinit$$0000000E)
    __rt_lib_init_return                     0x08000203   Thumb Code     0  libinit2.o(.ARM.Collect$$libinit$$00000033)
    __rt_lib_init_signal_1                   0x08000203   Thumb Code     0  libinit2.o(.ARM.Collect$$libinit$$0000001D)
    __rt_lib_init_stdio_1                    0x08000203   Thumb Code     0  libinit2.o(.ARM.Collect$$libinit$$00000025)
    __rt_lib_init_user_alloc_1               0x08000203   Thumb Code     0  libinit2.o(.ARM.Collect$$libinit$$0000000C)
    __rt_lib_shutdown                        0x08000205   Thumb Code     0  libshutdown.o(.ARM.Collect$$libshutdown$$00000000)
    __rt_lib_shutdown_cpp_1                  0x08000207   Thumb Code     0  libshutdown2.o(.ARM.Collect$$libshutdown$$00000004)
    __rt_lib_shutdown_fini_1                 0x08000207   Thumb Code     0  libshutdown2.o(.ARM.Collect$$libshutdown$$00000002)
    __rt_lib_shutdown_fp_trap_1              0x08000207   Thumb Code     0  libshutdown2.o(.ARM.Collect$$libshutdown$$00000009)
    __rt_lib_shutdown_heap_1                 0x08000207   Thumb Code     0  libshutdown2.o(.ARM.Collect$$libshutdown$$00000011)
    __rt_lib_shutdown_return                 0x08000207   Thumb Code     0  libshutdown2.o(.ARM.Collect$$libshutdown$$00000012)
    __rt_lib_shutdown_signal_1               0x08000207   Thumb Code     0  libshutdown2.o(.ARM.Collect$$libshutdown$$0000000C)
    __rt_lib_shutdown_stdio_1                0x08000207   Thumb Code     0  libshutdown2.o(.ARM.Collect$$libshutdown$$00000006)
    __rt_lib_shutdown_user_alloc_1           0x08000207   Thumb Code     0  libshutdown2.o(.ARM.Collect$$libshutdown$$0000000E)
    __rt_entry                               0x08000209   Thumb Code     0  __rtentry.o(.ARM.Collect$$rtentry$$00000000)
    __rt_entry_presh_1                       0x08000209   Thumb Code     0  __rtentry2.o(.ARM.Collect$$rtentry$$00000002)
    __rt_entry_sh                            0x08000209   Thumb Code     0  __rtentry4.o(.ARM.Collect$$rtentry$$00000004)
    __rt_entry_li                            0x0800020f   Thumb Code     0  __rtentry2.o(.ARM.Collect$$rtentry$$0000000A)
    __rt_entry_postsh_1                      0x0800020f   Thumb Code     0  __rtentry2.o(.ARM.Collect$$rtentry$$00000009)
    __rt_entry_main                          0x08000213   Thumb Code     0  __rtentry2.o(.ARM.Collect$$rtentry$$0000000D)
    __rt_entry_postli_1                      0x08000213   Thumb Code     0  __rtentry2.o(.ARM.Collect$$rtentry$$0000000C)
    __rt_exit                                0x0800021b   Thumb Code     0  rtexit.o(.ARM.Collect$$rtexit$$00000000)
    __rt_exit_ls                             0x0800021d   Thumb Code     0  rtexit2.o(.ARM.Collect$$rtexit$$00000003)
    __rt_exit_prels_1                        0x0800021d   Thumb Code     0  rtexit2.o(.ARM.Collect$$rtexit$$00000002)
    __rt_exit_exit                           0x08000221   Thumb Code     0  rtexit2.o(.ARM.Collect$$rtexit$$00000004)
    Reset_Handler                            0x08000229   Thumb Code     8  startup_stm32f407xx.o(.text)
    ADC_IRQHandler                           0x08000243   Thumb Code     0  startup_stm32f407xx.o(.text)
    CAN1_RX1_IRQHandler                      0x08000243   Thumb Code     0  startup_stm32f407xx.o(.text)
    CAN1_SCE_IRQHandler                      0x08000243   Thumb Code     0  startup_stm32f407xx.o(.text)
    CAN1_TX_IRQHandler                       0x08000243   Thumb Code     0  startup_stm32f407xx.o(.text)
    CAN2_RX1_IRQHandler                      0x08000243   Thumb Code     0  startup_stm32f407xx.o(.text)
    CAN2_SCE_IRQHandler                      0x08000243   Thumb Code     0  startup_stm32f407xx.o(.text)
    CAN2_TX_IRQHandler                       0x08000243   Thumb Code     0  startup_stm32f407xx.o(.text)
    DCMI_IRQHandler                          0x08000243   Thumb Code     0  startup_stm32f407xx.o(.text)
    DMA1_Stream0_IRQHandler                  0x08000243   Thumb Code     0  startup_stm32f407xx.o(.text)
    DMA1_Stream2_IRQHandler                  0x08000243   Thumb Code     0  startup_stm32f407xx.o(.text)
    DMA1_Stream3_IRQHandler                  0x08000243   Thumb Code     0  startup_stm32f407xx.o(.text)
    DMA1_Stream4_IRQHandler                  0x08000243   Thumb Code     0  startup_stm32f407xx.o(.text)
    DMA1_Stream5_IRQHandler                  0x08000243   Thumb Code     0  startup_stm32f407xx.o(.text)
    DMA1_Stream6_IRQHandler                  0x08000243   Thumb Code     0  startup_stm32f407xx.o(.text)
    DMA1_Stream7_IRQHandler                  0x08000243   Thumb Code     0  startup_stm32f407xx.o(.text)
    DMA2_Stream0_IRQHandler                  0x08000243   Thumb Code     0  startup_stm32f407xx.o(.text)
    DMA2_Stream1_IRQHandler                  0x08000243   Thumb Code     0  startup_stm32f407xx.o(.text)
    DMA2_Stream2_IRQHandler                  0x08000243   Thumb Code     0  startup_stm32f407xx.o(.text)
    DMA2_Stream3_IRQHandler                  0x08000243   Thumb Code     0  startup_stm32f407xx.o(.text)
    DMA2_Stream4_IRQHandler                  0x08000243   Thumb Code     0  startup_stm32f407xx.o(.text)
    DMA2_Stream5_IRQHandler                  0x08000243   Thumb Code     0  startup_stm32f407xx.o(.text)
    DMA2_Stream6_IRQHandler                  0x08000243   Thumb Code     0  startup_stm32f407xx.o(.text)
    DMA2_Stream7_IRQHandler                  0x08000243   Thumb Code     0  startup_stm32f407xx.o(.text)
    ETH_IRQHandler                           0x08000243   Thumb Code     0  startup_stm32f407xx.o(.text)
    ETH_WKUP_IRQHandler                      0x08000243   Thumb Code     0  startup_stm32f407xx.o(.text)
    EXTI0_IRQHandler                         0x08000243   Thumb Code     0  startup_stm32f407xx.o(.text)
    EXTI15_10_IRQHandler                     0x08000243   Thumb Code     0  startup_stm32f407xx.o(.text)
    EXTI1_IRQHandler                         0x08000243   Thumb Code     0  startup_stm32f407xx.o(.text)
    EXTI2_IRQHandler                         0x08000243   Thumb Code     0  startup_stm32f407xx.o(.text)
    EXTI3_IRQHandler                         0x08000243   Thumb Code     0  startup_stm32f407xx.o(.text)
    EXTI4_IRQHandler                         0x08000243   Thumb Code     0  startup_stm32f407xx.o(.text)
    EXTI9_5_IRQHandler                       0x08000243   Thumb Code     0  startup_stm32f407xx.o(.text)
    FLASH_IRQHandler                         0x08000243   Thumb Code     0  startup_stm32f407xx.o(.text)
    FMC_IRQHandler                           0x08000243   Thumb Code     0  startup_stm32f407xx.o(.text)
    FPU_IRQHandler                           0x08000243   Thumb Code     0  startup_stm32f407xx.o(.text)
    HASH_RNG_IRQHandler                      0x08000243   Thumb Code     0  startup_stm32f407xx.o(.text)
    I2C1_ER_IRQHandler                       0x08000243   Thumb Code     0  startup_stm32f407xx.o(.text)
    I2C1_EV_IRQHandler                       0x08000243   Thumb Code     0  startup_stm32f407xx.o(.text)
    I2C2_ER_IRQHandler                       0x08000243   Thumb Code     0  startup_stm32f407xx.o(.text)
    I2C2_EV_IRQHandler                       0x08000243   Thumb Code     0  startup_stm32f407xx.o(.text)
    I2C3_ER_IRQHandler                       0x08000243   Thumb Code     0  startup_stm32f407xx.o(.text)
    I2C3_EV_IRQHandler                       0x08000243   Thumb Code     0  startup_stm32f407xx.o(.text)
    OTG_FS_IRQHandler                        0x08000243   Thumb Code     0  startup_stm32f407xx.o(.text)
    OTG_FS_WKUP_IRQHandler                   0x08000243   Thumb Code     0  startup_stm32f407xx.o(.text)
    OTG_HS_EP1_IN_IRQHandler                 0x08000243   Thumb Code     0  startup_stm32f407xx.o(.text)
    OTG_HS_EP1_OUT_IRQHandler                0x08000243   Thumb Code     0  startup_stm32f407xx.o(.text)
    OTG_HS_IRQHandler                        0x08000243   Thumb Code     0  startup_stm32f407xx.o(.text)
    OTG_HS_WKUP_IRQHandler                   0x08000243   Thumb Code     0  startup_stm32f407xx.o(.text)
    PVD_IRQHandler                           0x08000243   Thumb Code     0  startup_stm32f407xx.o(.text)
    RCC_IRQHandler                           0x08000243   Thumb Code     0  startup_stm32f407xx.o(.text)
    RTC_Alarm_IRQHandler                     0x08000243   Thumb Code     0  startup_stm32f407xx.o(.text)
    RTC_WKUP_IRQHandler                      0x08000243   Thumb Code     0  startup_stm32f407xx.o(.text)
    SDIO_IRQHandler                          0x08000243   Thumb Code     0  startup_stm32f407xx.o(.text)
    SPI1_IRQHandler                          0x08000243   Thumb Code     0  startup_stm32f407xx.o(.text)
    SPI2_IRQHandler                          0x08000243   Thumb Code     0  startup_stm32f407xx.o(.text)
    SPI3_IRQHandler                          0x08000243   Thumb Code     0  startup_stm32f407xx.o(.text)
    TAMP_STAMP_IRQHandler                    0x08000243   Thumb Code     0  startup_stm32f407xx.o(.text)
    TIM1_BRK_TIM9_IRQHandler                 0x08000243   Thumb Code     0  startup_stm32f407xx.o(.text)
    TIM1_CC_IRQHandler                       0x08000243   Thumb Code     0  startup_stm32f407xx.o(.text)
    TIM1_TRG_COM_TIM11_IRQHandler            0x08000243   Thumb Code     0  startup_stm32f407xx.o(.text)
    TIM2_IRQHandler                          0x08000243   Thumb Code     0  startup_stm32f407xx.o(.text)
    TIM3_IRQHandler                          0x08000243   Thumb Code     0  startup_stm32f407xx.o(.text)
    TIM4_IRQHandler                          0x08000243   Thumb Code     0  startup_stm32f407xx.o(.text)
    TIM5_IRQHandler                          0x08000243   Thumb Code     0  startup_stm32f407xx.o(.text)
    TIM6_DAC_IRQHandler                      0x08000243   Thumb Code     0  startup_stm32f407xx.o(.text)
    TIM7_IRQHandler                          0x08000243   Thumb Code     0  startup_stm32f407xx.o(.text)
    TIM8_BRK_TIM12_IRQHandler                0x08000243   Thumb Code     0  startup_stm32f407xx.o(.text)
    TIM8_CC_IRQHandler                       0x08000243   Thumb Code     0  startup_stm32f407xx.o(.text)
    TIM8_TRG_COM_TIM14_IRQHandler            0x08000243   Thumb Code     0  startup_stm32f407xx.o(.text)
    TIM8_UP_TIM13_IRQHandler                 0x08000243   Thumb Code     0  startup_stm32f407xx.o(.text)
    UART4_IRQHandler                         0x08000243   Thumb Code     0  startup_stm32f407xx.o(.text)
    UART5_IRQHandler                         0x08000243   Thumb Code     0  startup_stm32f407xx.o(.text)
    USART1_IRQHandler                        0x08000243   Thumb Code     0  startup_stm32f407xx.o(.text)
    USART2_IRQHandler                        0x08000243   Thumb Code     0  startup_stm32f407xx.o(.text)
    WWDG_IRQHandler                          0x08000243   Thumb Code     0  startup_stm32f407xx.o(.text)
    __user_initial_stackheap                 0x08000245   Thumb Code     0  startup_stm32f407xx.o(.text)
    __aeabi_uldivmod                         0x08000269   Thumb Code     0  lludivv7m.o(.text)
    _ll_udiv                                 0x08000269   Thumb Code   238  lludivv7m.o(.text)
    __aeabi_memclr4                          0x08000357   Thumb Code     0  rt_memclr_w.o(.text)
    __aeabi_memclr8                          0x08000357   Thumb Code     0  rt_memclr_w.o(.text)
    __rt_memclr_w                            0x08000357   Thumb Code    78  rt_memclr_w.o(.text)
    _memset_w                                0x0800035b   Thumb Code     0  rt_memclr_w.o(.text)
    __use_two_region_memory                  0x080003a5   Thumb Code     2  heapauxi.o(.text)
    __rt_heap_escrow$2region                 0x080003a7   Thumb Code     2  heapauxi.o(.text)
    __rt_heap_expand$2region                 0x080003a9   Thumb Code     2  heapauxi.o(.text)
    __user_setup_stackheap                   0x080003ab   Thumb Code    74  sys_stackheap_outer.o(.text)
    exit                                     0x080003f5   Thumb Code    18  exit.o(.text)
    __user_libspace                          0x08000409   Thumb Code     8  libspace.o(.text)
    __user_perproc_libspace                  0x08000409   Thumb Code     0  libspace.o(.text)
    __user_perthread_libspace                0x08000409   Thumb Code     0  libspace.o(.text)
    _sys_exit                                0x08000411   Thumb Code     8  sys_exit.o(.text)
    __I$use$semihosting                      0x0800041d   Thumb Code     0  use_no_semi.o(.text)
    __use_no_semihosting_swi                 0x0800041d   Thumb Code     2  use_no_semi.o(.text)
    BusFault_Handler                         0x0800041f   Thumb Code     2  stm32f4xx_it.o(i.BusFault_Handler)
    __semihosting_library_function           0x0800041f   Thumb Code     0  indicate_semi.o(.text)
    CAN1_Filter_Init                         0x08000421   Thumb Code    38  can_receive.o(i.CAN1_Filter_Init)
    CAN1_RX0_IRQHandler                      0x0800044d   Thumb Code     6  stm32f4xx_it.o(i.CAN1_RX0_IRQHandler)
    CAN1_cmd_chassis_1                       0x08000459   Thumb Code    60  can_receive.o(i.CAN1_cmd_chassis_1)
    CAN1_cmd_chassis_2                       0x080004a1   Thumb Code    60  can_receive.o(i.CAN1_cmd_chassis_2)
    CAN2_Filter_Init                         0x080004e9   Thumb Code    38  can_receive.o(i.CAN2_Filter_Init)
    CAN2_RX0_IRQHandler                      0x08000515   Thumb Code     6  stm32f4xx_it.o(i.CAN2_RX0_IRQHandler)
    CAN_Start                                0x08000521   Thumb Code    30  can_receive.o(i.CAN_Start)
    DMA1_Stream1_IRQHandler                  0x08000541   Thumb Code     6  stm32f4xx_it.o(i.DMA1_Stream1_IRQHandler)
    Data_Analyse                             0x080005c9   Thumb Code   136  encoding_disk.o(i.Data_Analyse)
    DebugMon_Handler                         0x08000659   Thumb Code     2  stm32f4xx_it.o(i.DebugMon_Handler)
    Error_Handler                            0x0800065b   Thumb Code     4  main.o(i.Error_Handler)
    HAL_CAN_ActivateNotification             0x0800065f   Thumb Code    36  stm32f4xx_hal_can.o(i.HAL_CAN_ActivateNotification)
    HAL_CAN_AddTxMessage                     0x08000683   Thumb Code   220  stm32f4xx_hal_can.o(i.HAL_CAN_AddTxMessage)
    HAL_CAN_ConfigFilter                     0x08000761   Thumb Code   262  stm32f4xx_hal_can.o(i.HAL_CAN_ConfigFilter)
    HAL_CAN_ErrorCallback                    0x0800086d   Thumb Code     2  stm32f4xx_hal_can.o(i.HAL_CAN_ErrorCallback)
    HAL_CAN_GetRxMessage                     0x0800086f   Thumb Code   232  stm32f4xx_hal_can.o(i.HAL_CAN_GetRxMessage)
    HAL_CAN_IRQHandler                       0x08000957   Thumb Code   508  stm32f4xx_hal_can.o(i.HAL_CAN_IRQHandler)
    HAL_CAN_Init                             0x08000b53   Thumb Code   282  stm32f4xx_hal_can.o(i.HAL_CAN_Init)
    HAL_CAN_MspInit                          0x08000c6d   Thumb Code   226  can.o(i.HAL_CAN_MspInit)
    HAL_CAN_RxFifo0FullCallback              0x08000d69   Thumb Code     2  stm32f4xx_hal_can.o(i.HAL_CAN_RxFifo0FullCallback)
    HAL_CAN_RxFifo0MsgPendingCallback        0x08000d6d   Thumb Code   178  can_receive.o(i.HAL_CAN_RxFifo0MsgPendingCallback)
    HAL_CAN_RxFifo1FullCallback              0x08000e31   Thumb Code     2  stm32f4xx_hal_can.o(i.HAL_CAN_RxFifo1FullCallback)
    HAL_CAN_RxFifo1MsgPendingCallback        0x08000e33   Thumb Code     2  stm32f4xx_hal_can.o(i.HAL_CAN_RxFifo1MsgPendingCallback)
    HAL_CAN_SleepCallback                    0x08000e35   Thumb Code     2  stm32f4xx_hal_can.o(i.HAL_CAN_SleepCallback)
    HAL_CAN_Start                            0x08000e39   Thumb Code    88  stm32f4xx_hal_can.o(i.HAL_CAN_Start)
    HAL_CAN_TxMailbox0AbortCallback          0x08000e91   Thumb Code     2  stm32f4xx_hal_can.o(i.HAL_CAN_TxMailbox0AbortCallback)
    HAL_CAN_TxMailbox0CompleteCallback       0x08000e93   Thumb Code     2  stm32f4xx_hal_can.o(i.HAL_CAN_TxMailbox0CompleteCallback)
    HAL_CAN_TxMailbox1AbortCallback          0x08000e95   Thumb Code     2  stm32f4xx_hal_can.o(i.HAL_CAN_TxMailbox1AbortCallback)
    HAL_CAN_TxMailbox1CompleteCallback       0x08000e97   Thumb Code     2  stm32f4xx_hal_can.o(i.HAL_CAN_TxMailbox1CompleteCallback)
    HAL_CAN_TxMailbox2AbortCallback          0x08000e99   Thumb Code     2  stm32f4xx_hal_can.o(i.HAL_CAN_TxMailbox2AbortCallback)
    HAL_CAN_TxMailbox2CompleteCallback       0x08000e9b   Thumb Code     2  stm32f4xx_hal_can.o(i.HAL_CAN_TxMailbox2CompleteCallback)
    HAL_CAN_WakeUpFromRxMsgCallback          0x08000e9d   Thumb Code     2  stm32f4xx_hal_can.o(i.HAL_CAN_WakeUpFromRxMsgCallback)
    HAL_DMA_IRQHandler                       0x08000ea1   Thumb Code   412  stm32f4xx_hal_dma.o(i.HAL_DMA_IRQHandler)
    HAL_DMA_Init                             0x08001041   Thumb Code   206  stm32f4xx_hal_dma.o(i.HAL_DMA_Init)
    HAL_GPIO_Init                            0x08001115   Thumb Code   450  stm32f4xx_hal_gpio.o(i.HAL_GPIO_Init)
    HAL_GPIO_WritePin                        0x08001305   Thumb Code    10  stm32f4xx_hal_gpio.o(i.HAL_GPIO_WritePin)
    HAL_GetTick                              0x08001311   Thumb Code     6  stm32f4xx_hal.o(i.HAL_GetTick)
    HAL_IncTick                              0x0800131d   Thumb Code    12  stm32f4xx_hal.o(i.HAL_IncTick)
    HAL_Init                                 0x0800132d   Thumb Code    48  stm32f4xx_hal.o(i.HAL_Init)
    HAL_InitTick                             0x08001361   Thumb Code    54  stm32f4xx_hal.o(i.HAL_InitTick)
    HAL_MspInit                              0x080013a1   Thumb Code    42  stm32f4xx_hal_msp.o(i.HAL_MspInit)
    HAL_NVIC_EnableIRQ                       0x080013d1   Thumb Code    26  stm32f4xx_hal_cortex.o(i.HAL_NVIC_EnableIRQ)
    HAL_NVIC_SetPriority                     0x080013ed   Thumb Code    60  stm32f4xx_hal_cortex.o(i.HAL_NVIC_SetPriority)
    HAL_NVIC_SetPriorityGrouping             0x0800142d   Thumb Code    26  stm32f4xx_hal_cortex.o(i.HAL_NVIC_SetPriorityGrouping)
    HAL_RCC_ClockConfig                      0x08001451   Thumb Code   288  stm32f4xx_hal_rcc.o(i.HAL_RCC_ClockConfig)
    HAL_RCC_GetPCLK1Freq                     0x08001585   Thumb Code    20  stm32f4xx_hal_rcc.o(i.HAL_RCC_GetPCLK1Freq)
    HAL_RCC_GetPCLK2Freq                     0x080015a5   Thumb Code    20  stm32f4xx_hal_rcc.o(i.HAL_RCC_GetPCLK2Freq)
    HAL_RCC_GetSysClockFreq                  0x080015c5   Thumb Code    88  stm32f4xx_hal_rcc.o(i.HAL_RCC_GetSysClockFreq)
    HAL_RCC_OscConfig                        0x08001629   Thumb Code   856  stm32f4xx_hal_rcc.o(i.HAL_RCC_OscConfig)
    HAL_SYSTICK_Config                       0x08001995   Thumb Code    40  stm32f4xx_hal_cortex.o(i.HAL_SYSTICK_Config)
    HAL_TIMEx_BreakCallback                  0x080019bd   Thumb Code     2  stm32f4xx_hal_tim_ex.o(i.HAL_TIMEx_BreakCallback)
    HAL_TIMEx_CommutCallback                 0x080019bf   Thumb Code     2  stm32f4xx_hal_tim_ex.o(i.HAL_TIMEx_CommutCallback)
    HAL_TIMEx_MasterConfigSynchronization    0x080019c1   Thumb Code   116  stm32f4xx_hal_tim_ex.o(i.HAL_TIMEx_MasterConfigSynchronization)
    HAL_TIM_Base_Init                        0x08001a51   Thumb Code    90  stm32f4xx_hal_tim.o(i.HAL_TIM_Base_Init)
    HAL_TIM_Base_MspInit                     0x08001aad   Thumb Code    50  tim.o(i.HAL_TIM_Base_MspInit)
    HAL_TIM_Base_Start_IT                    0x08001ae9   Thumb Code   100  stm32f4xx_hal_tim.o(i.HAL_TIM_Base_Start_IT)
    HAL_TIM_ConfigClockSource                0x08001b69   Thumb Code   220  stm32f4xx_hal_tim.o(i.HAL_TIM_ConfigClockSource)
    HAL_TIM_IC_CaptureCallback               0x08001c45   Thumb Code     2  stm32f4xx_hal_tim.o(i.HAL_TIM_IC_CaptureCallback)
    HAL_TIM_IRQHandler                       0x08001c47   Thumb Code   358  stm32f4xx_hal_tim.o(i.HAL_TIM_IRQHandler)
    HAL_TIM_OC_DelayElapsedCallback          0x08001dad   Thumb Code     2  stm32f4xx_hal_tim.o(i.HAL_TIM_OC_DelayElapsedCallback)
    HAL_TIM_PWM_PulseFinishedCallback        0x08001daf   Thumb Code     2  stm32f4xx_hal_tim.o(i.HAL_TIM_PWM_PulseFinishedCallback)
    HAL_TIM_PeriodElapsedCallback            0x08001db1   Thumb Code   442  tim_user.o(i.HAL_TIM_PeriodElapsedCallback)
    HAL_TIM_TriggerCallback                  0x08001fa9   Thumb Code     2  stm32f4xx_hal_tim.o(i.HAL_TIM_TriggerCallback)
    HAL_UART_Init                            0x08001fab   Thumb Code    98  stm32f4xx_hal_uart.o(i.HAL_UART_Init)
    HAL_UART_MspInit                         0x0800200d   Thumb Code   222  usart.o(i.HAL_UART_MspInit)
    HardFault_Handler                        0x08002109   Thumb Code     2  stm32f4xx_it.o(i.HardFault_Handler)
    MX_CAN1_Init                             0x0800210d   Thumb Code    60  can.o(i.MX_CAN1_Init)
    MX_CAN2_Init                             0x08002151   Thumb Code    60  can.o(i.MX_CAN2_Init)
    MX_DMA_Init                              0x08002195   Thumb Code    40  dma.o(i.MX_DMA_Init)
    MX_GPIO_Init                             0x080021c1   Thumb Code   286  gpio.o(i.MX_GPIO_Init)
    MX_TIM1_Init                             0x080022f5   Thumb Code    96  tim.o(i.MX_TIM1_Init)
    MX_USART3_UART_Init                      0x0800235d   Thumb Code    46  usart.o(i.MX_USART3_UART_Init)
    MX_USART6_UART_Init                      0x08002399   Thumb Code    48  usart.o(i.MX_USART6_UART_Init)
    MemManage_Handler                        0x080023d1   Thumb Code     2  stm32f4xx_it.o(i.MemManage_Handler)
    NMI_Handler                              0x080023d3   Thumb Code     2  stm32f4xx_it.o(i.NMI_Handler)
    PID_calc                                 0x080023d5   Thumb Code   292  pid.o(i.PID_calc)
    PID_init                                 0x080024fd   Thumb Code    88  pid.o(i.PID_init)
    PID_position_realize_2                   0x08002559   Thumb Code    48  pid_user.o(i.PID_position_realize_2)
    PID_velocity_realize_1                   0x08002591   Thumb Code    52  pid_user.o(i.PID_velocity_realize_1)
    PID_velocity_realize_2                   0x080025cd   Thumb Code    52  pid_user.o(i.PID_velocity_realize_2)
    PendSV_Handler                           0x08002609   Thumb Code     2  stm32f4xx_it.o(i.PendSV_Handler)
    RC_VC_DATA                               0x0800260d   Thumb Code    86  tim_user.o(i.RC_VC_DATA)
    RC_init                                  0x08002671   Thumb Code    84  bsp_rc.o(i.RC_init)
    SVC_Handler                              0x080026d1   Thumb Code     2  stm32f4xx_it.o(i.SVC_Handler)
    SysTick_Handler                          0x080026d3   Thumb Code     4  stm32f4xx_it.o(i.SysTick_Handler)
    SystemClock_Config                       0x080026d9   Thumb Code   140  main.o(i.SystemClock_Config)
    SystemInit                               0x0800276d   Thumb Code    12  system_stm32f4xx.o(i.SystemInit)
    TIM1_UP_TIM10_IRQHandler                 0x0800277d   Thumb Code     6  stm32f4xx_it.o(i.TIM1_UP_TIM10_IRQHandler)
    TIM_Base_SetConfig                       0x08002789   Thumb Code   156  stm32f4xx_hal_tim.o(i.TIM_Base_SetConfig)
    TIM_ETR_SetConfig                        0x08002851   Thumb Code    20  stm32f4xx_hal_tim.o(i.TIM_ETR_SetConfig)
    USART3_IRQHandler                        0x080029c9   Thumb Code   156  remote_control.o(i.USART3_IRQHandler)
    USART6_IRQHandler                        0x08002a7d   Thumb Code    30  encoding_disk.o(i.USART6_IRQHandler)
    UsageFault_Handler                       0x08002aa1   Thumb Code     2  stm32f4xx_it.o(i.UsageFault_Handler)
    cam                                      0x08002ac5   Thumb Code    26  tim_user.o(i.cam)
    collect                                  0x08002aed   Thumb Code    34  tim_user.o(i.collect)
    get_moto_offset                          0x08002b21   Thumb Code    10  can_receive.o(i.get_moto_offset)
    get_motor_measure                        0x08002b2b   Thumb Code    66  can_receive.o(i.get_motor_measure)
    main                                     0x08002b6d   Thumb Code    88  main.o(i.main)
    pid_call_2                               0x08002bd1   Thumb Code    18  pid_user.o(i.pid_call_2)
    pid_chassis_init                         0x08002be5   Thumb Code    92  pid_user.o(i.pid_chassis_init)
    pid_other_init                           0x08002c59   Thumb Code   100  pid_user.o(i.pid_other_init)
    remote_control_init                      0x08002cd9   Thumb Code    12  remote_control.o(i.remote_control_init)
    shoot                                    0x08002d9d   Thumb Code   130  tim_user.o(i.shoot)
    __aeabi_d2f                              0x08002e41   Thumb Code     0  d2f.o(x$fpl$d2f)
    _d2f                                     0x08002e41   Thumb Code    98  d2f.o(x$fpl$d2f)
    __aeabi_i2d                              0x08002ea3   Thumb Code     0  dflt_clz.o(x$fpl$dflt)
    _dflt                                    0x08002ea3   Thumb Code    46  dflt_clz.o(x$fpl$dflt)
    __aeabi_dmul                             0x08002ed1   Thumb Code     0  dmul.o(x$fpl$dmul)
    _dmul                                    0x08002ed1   Thumb Code   332  dmul.o(x$fpl$dmul)
    __fpl_dnaninf                            0x08003025   Thumb Code   156  dnaninf.o(x$fpl$dnaninf)
    __fpl_dretinf                            0x080030c1   Thumb Code    12  dretinf.o(x$fpl$dretinf)
    _fp_init                                 0x080030cd   Thumb Code    10  fpinit.o(x$fpl$fpinit)
    __fplib_config_fpu_vfp                   0x080030d5   Thumb Code     0  fpinit.o(x$fpl$fpinit)
    __fplib_config_pureend_doubles           0x080030d5   Thumb Code     0  fpinit.o(x$fpl$fpinit)
    __fpl_fretinf                            0x080030d7   Thumb Code    10  fretinf.o(x$fpl$fretinf)
    __I$use$fp                               0x080030e0   Number         0  usenofp.o(x$fpl$usenofp)
    AHBPrescTable                            0x080030e8   Data          16  system_stm32f4xx.o(.constdata)
    APBPrescTable                            0x080030f8   Data           8  system_stm32f4xx.o(.constdata)
    Region$$Table$$Base                      0x08003100   Number         0  anon$$obj.o(Region$$Table)
    Region$$Table$$Limit                     0x08003120   Number         0  anon$$obj.o(Region$$Table)
    uwTickFreq                               0x20000004   Data           1  stm32f4xx_hal.o(.data)
    uwTickPrio                               0x20000008   Data           4  stm32f4xx_hal.o(.data)
    uwTick                                   0x2000000c   Data           4  stm32f4xx_hal.o(.data)
    SystemCoreClock                          0x20000010   Data           4  system_stm32f4xx.o(.data)
    Target_1                                 0x20000020   Data           4  can_receive.o(.data)
    Target_2                                 0x20000024   Data           4  can_receive.o(.data)
    Target_3                                 0x20000028   Data           4  can_receive.o(.data)
    Target_4                                 0x2000002c   Data           4  can_receive.o(.data)
    Target_5                                 0x20000030   Data           4  can_receive.o(.data)
    Target_6                                 0x20000034   Data           4  can_receive.o(.data)
    Target_7                                 0x20000038   Data           4  can_receive.o(.data)
    Target_8                                 0x2000003c   Data           4  can_receive.o(.data)
    Speed_Motor_Target_1                     0x20000040   Data           4  can_receive.o(.data)
    Speed_Motor_Target_2                     0x20000044   Data           4  can_receive.o(.data)
    Speed_Motor_Target_3                     0x20000048   Data           4  can_receive.o(.data)
    Speed_Motor_Target_4                     0x2000004c   Data           4  can_receive.o(.data)
    Speed_Motor_Target_5                     0x20000050   Data           4  can_receive.o(.data)
    Speed_Motor_Target_6                     0x20000054   Data           4  can_receive.o(.data)
    Speed_Motor_Target_7                     0x20000058   Data           4  can_receive.o(.data)
    Position_Motor_Target_8                  0x2000005c   Data           4  can_receive.o(.data)
    motor_speed_3508_pid                     0x20000060   Data          12  pid_user.o(.data)
    motor_position_3508_pid                  0x2000006c   Data          12  pid_user.o(.data)
    Vcx                                      0x2000007c   Data           4  tim_user.o(.data)
    Vcy                                      0x20000080   Data           4  tim_user.o(.data)
    Vcr                                      0x20000084   Data           4  tim_user.o(.data)
    pos_x                                    0x2000008c   Data           4  encoding_disk.o(.data)
    pos_y                                    0x20000090   Data           4  encoding_disk.o(.data)
    zangle                                   0x20000094   Data           4  encoding_disk.o(.data)
    xangle                                   0x20000098   Data           4  encoding_disk.o(.data)
    yangle                                   0x2000009c   Data           4  encoding_disk.o(.data)
    w_z                                      0x200000a0   Data           4  encoding_disk.o(.data)
    hcan1                                    0x200000a4   Data          40  can.o(.bss)
    hcan2                                    0x200000cc   Data          40  can.o(.bss)
    htim1                                    0x200000f4   Data          72  tim.o(.bss)
    huart3                                   0x2000013c   Data          68  usart.o(.bss)
    huart6                                   0x20000180   Data          68  usart.o(.bss)
    hdma_usart3_rx                           0x200001c4   Data          96  usart.o(.bss)
    motor_can1                               0x20000224   Data         224  can_receive.o(.bss)
    motor_can2                               0x20000304   Data         224  can_receive.o(.bss)
    pid_v                                    0x200003fc   Data         576  pid_user.o(.bss)
    pid_pos                                  0x2000063c   Data         576  pid_user.o(.bss)
    pid_v_2                                  0x2000087c   Data         576  pid_user.o(.bss)
    pid_pos_2                                0x20000abc   Data         576  pid_user.o(.bss)
    rc_ctrl                                  0x20000cfc   Data          22  remote_control.o(.bss)
    __libspace_start                         0x20000d74   Data          96  libspace.o(.bss)
    __temporary_stack_top$libspace           0x20000dd4   Data           0  libspace.o(.bss)



==============================================================================

Memory Map of the image

  Image Entry point : 0x08000189

  Load Region LR_IROM1 (Base: 0x08000000, Size: 0x000031c4, Max: 0x00100000, ABSOLUTE)

    Execution Region ER_IROM1 (Exec base: 0x08000000, Load base: 0x08000000, Size: 0x00003120, Max: 0x00100000, ABSOLUTE)

    Exec Addr    Load Addr    Size         Type   Attr      Idx    E Section Name        Object

    0x08000000   0x08000000   0x00000188   Data   RO            3    RESET               startup_stm32f407xx.o
    0x08000188   0x08000188   0x00000008   Code   RO         3687  * !!!main             c_w.l(__main.o)
    0x08000190   0x08000190   0x00000034   Code   RO         3873    !!!scatter          c_w.l(__scatter.o)
    0x080001c4   0x080001c4   0x0000001a   Code   RO         3875    !!handler_copy      c_w.l(__scatter_copy.o)
    0x080001de   0x080001de   0x00000002   PAD
    0x080001e0   0x080001e0   0x0000001c   Code   RO         3877    !!handler_zi        c_w.l(__scatter_zi.o)
    0x080001fc   0x080001fc   0x00000002   Code   RO         3741    .ARM.Collect$$libinit$$00000000  c_w.l(libinit.o)
    0x080001fe   0x080001fe   0x00000004   Code   RO         3753    .ARM.Collect$$libinit$$00000001  c_w.l(libinit2.o)
    0x08000202   0x08000202   0x00000000   Code   RO         3756    .ARM.Collect$$libinit$$00000004  c_w.l(libinit2.o)
    0x08000202   0x08000202   0x00000000   Code   RO         3759    .ARM.Collect$$libinit$$0000000A  c_w.l(libinit2.o)
    0x08000202   0x08000202   0x00000000   Code   RO         3761    .ARM.Collect$$libinit$$0000000C  c_w.l(libinit2.o)
    0x08000202   0x08000202   0x00000000   Code   RO         3763    .ARM.Collect$$libinit$$0000000E  c_w.l(libinit2.o)
    0x08000202   0x08000202   0x00000000   Code   RO         3766    .ARM.Collect$$libinit$$00000011  c_w.l(libinit2.o)
    0x08000202   0x08000202   0x00000000   Code   RO         3768    .ARM.Collect$$libinit$$00000013  c_w.l(libinit2.o)
    0x08000202   0x08000202   0x00000000   Code   RO         3770    .ARM.Collect$$libinit$$00000015  c_w.l(libinit2.o)
    0x08000202   0x08000202   0x00000000   Code   RO         3772    .ARM.Collect$$libinit$$00000017  c_w.l(libinit2.o)
    0x08000202   0x08000202   0x00000000   Code   RO         3774    .ARM.Collect$$libinit$$00000019  c_w.l(libinit2.o)
    0x08000202   0x08000202   0x00000000   Code   RO         3776    .ARM.Collect$$libinit$$0000001B  c_w.l(libinit2.o)
    0x08000202   0x08000202   0x00000000   Code   RO         3778    .ARM.Collect$$libinit$$0000001D  c_w.l(libinit2.o)
    0x08000202   0x08000202   0x00000000   Code   RO         3780    .ARM.Collect$$libinit$$0000001F  c_w.l(libinit2.o)
    0x08000202   0x08000202   0x00000000   Code   RO         3782    .ARM.Collect$$libinit$$00000021  c_w.l(libinit2.o)
    0x08000202   0x08000202   0x00000000   Code   RO         3784    .ARM.Collect$$libinit$$00000023  c_w.l(libinit2.o)
    0x08000202   0x08000202   0x00000000   Code   RO         3786    .ARM.Collect$$libinit$$00000025  c_w.l(libinit2.o)
    0x08000202   0x08000202   0x00000000   Code   RO         3790    .ARM.Collect$$libinit$$0000002C  c_w.l(libinit2.o)
    0x08000202   0x08000202   0x00000000   Code   RO         3792    .ARM.Collect$$libinit$$0000002E  c_w.l(libinit2.o)
    0x08000202   0x08000202   0x00000000   Code   RO         3794    .ARM.Collect$$libinit$$00000030  c_w.l(libinit2.o)
    0x08000202   0x08000202   0x00000000   Code   RO         3796    .ARM.Collect$$libinit$$00000032  c_w.l(libinit2.o)
    0x08000202   0x08000202   0x00000002   Code   RO         3797    .ARM.Collect$$libinit$$00000033  c_w.l(libinit2.o)
    0x08000204   0x08000204   0x00000002   Code   RO         3828    .ARM.Collect$$libshutdown$$00000000  c_w.l(libshutdown.o)
    0x08000206   0x08000206   0x00000000   Code   RO         3854    .ARM.Collect$$libshutdown$$00000002  c_w.l(libshutdown2.o)
    0x08000206   0x08000206   0x00000000   Code   RO         3856    .ARM.Collect$$libshutdown$$00000004  c_w.l(libshutdown2.o)
    0x08000206   0x08000206   0x00000000   Code   RO         3858    .ARM.Collect$$libshutdown$$00000006  c_w.l(libshutdown2.o)
    0x08000206   0x08000206   0x00000000   Code   RO         3861    .ARM.Collect$$libshutdown$$00000009  c_w.l(libshutdown2.o)
    0x08000206   0x08000206   0x00000000   Code   RO         3864    .ARM.Collect$$libshutdown$$0000000C  c_w.l(libshutdown2.o)
    0x08000206   0x08000206   0x00000000   Code   RO         3866    .ARM.Collect$$libshutdown$$0000000E  c_w.l(libshutdown2.o)
    0x08000206   0x08000206   0x00000000   Code   RO         3869    .ARM.Collect$$libshutdown$$00000011  c_w.l(libshutdown2.o)
    0x08000206   0x08000206   0x00000002   Code   RO         3870    .ARM.Collect$$libshutdown$$00000012  c_w.l(libshutdown2.o)
    0x08000208   0x08000208   0x00000000   Code   RO         3699    .ARM.Collect$$rtentry$$00000000  c_w.l(__rtentry.o)
    0x08000208   0x08000208   0x00000000   Code   RO         3712    .ARM.Collect$$rtentry$$00000002  c_w.l(__rtentry2.o)
    0x08000208   0x08000208   0x00000006   Code   RO         3724    .ARM.Collect$$rtentry$$00000004  c_w.l(__rtentry4.o)
    0x0800020e   0x0800020e   0x00000000   Code   RO         3714    .ARM.Collect$$rtentry$$00000009  c_w.l(__rtentry2.o)
    0x0800020e   0x0800020e   0x00000004   Code   RO         3715    .ARM.Collect$$rtentry$$0000000A  c_w.l(__rtentry2.o)
    0x08000212   0x08000212   0x00000000   Code   RO         3717    .ARM.Collect$$rtentry$$0000000C  c_w.l(__rtentry2.o)
    0x08000212   0x08000212   0x00000008   Code   RO         3718    .ARM.Collect$$rtentry$$0000000D  c_w.l(__rtentry2.o)
    0x0800021a   0x0800021a   0x00000002   Code   RO         3745    .ARM.Collect$$rtexit$$00000000  c_w.l(rtexit.o)
    0x0800021c   0x0800021c   0x00000000   Code   RO         3801    .ARM.Collect$$rtexit$$00000002  c_w.l(rtexit2.o)
    0x0800021c   0x0800021c   0x00000004   Code   RO         3802    .ARM.Collect$$rtexit$$00000003  c_w.l(rtexit2.o)
    0x08000220   0x08000220   0x00000006   Code   RO         3803    .ARM.Collect$$rtexit$$00000004  c_w.l(rtexit2.o)
    0x08000226   0x08000226   0x00000002   PAD
    0x08000228   0x08000228   0x00000040   Code   RO            4    .text               startup_stm32f407xx.o
    0x08000268   0x08000268   0x000000ee   Code   RO         3681    .text               c_w.l(lludivv7m.o)
    0x08000356   0x08000356   0x0000004e   Code   RO         3683    .text               c_w.l(rt_memclr_w.o)
    0x080003a4   0x080003a4   0x00000006   Code   RO         3685    .text               c_w.l(heapauxi.o)
    0x080003aa   0x080003aa   0x0000004a   Code   RO         3728    .text               c_w.l(sys_stackheap_outer.o)
    0x080003f4   0x080003f4   0x00000012   Code   RO         3730    .text               c_w.l(exit.o)
    0x08000406   0x08000406   0x00000002   PAD
    0x08000408   0x08000408   0x00000008   Code   RO         3742    .text               c_w.l(libspace.o)
    0x08000410   0x08000410   0x0000000c   Code   RO         3798    .text               c_w.l(sys_exit.o)
    0x0800041c   0x0800041c   0x00000002   Code   RO         3817    .text               c_w.l(use_no_semi.o)
    0x0800041e   0x0800041e   0x00000000   Code   RO         3819    .text               c_w.l(indicate_semi.o)
    0x0800041e   0x0800041e   0x00000002   Code   RO          375    i.BusFault_Handler  stm32f4xx_it.o
    0x08000420   0x08000420   0x0000002c   Code   RO         3324    i.CAN1_Filter_Init  can_receive.o
    0x0800044c   0x0800044c   0x0000000c   Code   RO          376    i.CAN1_RX0_IRQHandler  stm32f4xx_it.o
    0x08000458   0x08000458   0x00000048   Code   RO         3325    i.CAN1_cmd_chassis_1  can_receive.o
    0x080004a0   0x080004a0   0x00000048   Code   RO         3326    i.CAN1_cmd_chassis_2  can_receive.o
    0x080004e8   0x080004e8   0x0000002c   Code   RO         3327    i.CAN2_Filter_Init  can_receive.o
    0x08000514   0x08000514   0x0000000c   Code   RO          377    i.CAN2_RX0_IRQHandler  stm32f4xx_it.o
    0x08000520   0x08000520   0x0000001e   Code   RO         3330    i.CAN_Start         can_receive.o
    0x0800053e   0x0800053e   0x00000002   PAD
    0x08000540   0x08000540   0x0000000c   Code   RO          378    i.DMA1_Stream1_IRQHandler  stm32f4xx_it.o
    0x0800054c   0x0800054c   0x00000028   Code   RO         1192    i.DMA_CalcBaseAndBitshift  stm32f4xx_hal_dma.o
    0x08000574   0x08000574   0x00000054   Code   RO         1193    i.DMA_CheckFifoParam  stm32f4xx_hal_dma.o
    0x080005c8   0x080005c8   0x00000090   Code   RO         3645    i.Data_Analyse      encoding_disk.o
    0x08000658   0x08000658   0x00000002   Code   RO          379    i.DebugMon_Handler  stm32f4xx_it.o
    0x0800065a   0x0800065a   0x00000004   Code   RO           13    i.Error_Handler     main.o
    0x0800065e   0x0800065e   0x00000024   Code   RO          500    i.HAL_CAN_ActivateNotification  stm32f4xx_hal_can.o
    0x08000682   0x08000682   0x000000dc   Code   RO          501    i.HAL_CAN_AddTxMessage  stm32f4xx_hal_can.o
    0x0800075e   0x0800075e   0x00000002   PAD
    0x08000760   0x08000760   0x0000010c   Code   RO          502    i.HAL_CAN_ConfigFilter  stm32f4xx_hal_can.o
    0x0800086c   0x0800086c   0x00000002   Code   RO          505    i.HAL_CAN_ErrorCallback  stm32f4xx_hal_can.o
    0x0800086e   0x0800086e   0x000000e8   Code   RO          508    i.HAL_CAN_GetRxMessage  stm32f4xx_hal_can.o
    0x08000956   0x08000956   0x000001fc   Code   RO          512    i.HAL_CAN_IRQHandler  stm32f4xx_hal_can.o
    0x08000b52   0x08000b52   0x0000011a   Code   RO          513    i.HAL_CAN_Init      stm32f4xx_hal_can.o
    0x08000c6c   0x08000c6c   0x000000fc   Code   RO          213    i.HAL_CAN_MspInit   can.o
    0x08000d68   0x08000d68   0x00000002   Code   RO          520    i.HAL_CAN_RxFifo0FullCallback  stm32f4xx_hal_can.o
    0x08000d6a   0x08000d6a   0x00000002   PAD
    0x08000d6c   0x08000d6c   0x000000c4   Code   RO         3331    i.HAL_CAN_RxFifo0MsgPendingCallback  can_receive.o
    0x08000e30   0x08000e30   0x00000002   Code   RO          522    i.HAL_CAN_RxFifo1FullCallback  stm32f4xx_hal_can.o
    0x08000e32   0x08000e32   0x00000002   Code   RO          523    i.HAL_CAN_RxFifo1MsgPendingCallback  stm32f4xx_hal_can.o
    0x08000e34   0x08000e34   0x00000002   Code   RO          524    i.HAL_CAN_SleepCallback  stm32f4xx_hal_can.o
    0x08000e36   0x08000e36   0x00000002   PAD
    0x08000e38   0x08000e38   0x00000058   Code   RO          525    i.HAL_CAN_Start     stm32f4xx_hal_can.o
    0x08000e90   0x08000e90   0x00000002   Code   RO          527    i.HAL_CAN_TxMailbox0AbortCallback  stm32f4xx_hal_can.o
    0x08000e92   0x08000e92   0x00000002   Code   RO          528    i.HAL_CAN_TxMailbox0CompleteCallback  stm32f4xx_hal_can.o
    0x08000e94   0x08000e94   0x00000002   Code   RO          529    i.HAL_CAN_TxMailbox1AbortCallback  stm32f4xx_hal_can.o
    0x08000e96   0x08000e96   0x00000002   Code   RO          530    i.HAL_CAN_TxMailbox1CompleteCallback  stm32f4xx_hal_can.o
    0x08000e98   0x08000e98   0x00000002   Code   RO          531    i.HAL_CAN_TxMailbox2AbortCallback  stm32f4xx_hal_can.o
    0x08000e9a   0x08000e9a   0x00000002   Code   RO          532    i.HAL_CAN_TxMailbox2CompleteCallback  stm32f4xx_hal_can.o
    0x08000e9c   0x08000e9c   0x00000002   Code   RO          534    i.HAL_CAN_WakeUpFromRxMsgCallback  stm32f4xx_hal_can.o
    0x08000e9e   0x08000e9e   0x00000002   PAD
    0x08000ea0   0x08000ea0   0x000001a0   Code   RO         1200    i.HAL_DMA_IRQHandler  stm32f4xx_hal_dma.o
    0x08001040   0x08001040   0x000000d4   Code   RO         1201    i.HAL_DMA_Init      stm32f4xx_hal_dma.o
    0x08001114   0x08001114   0x000001f0   Code   RO         1088    i.HAL_GPIO_Init     stm32f4xx_hal_gpio.o
    0x08001304   0x08001304   0x0000000a   Code   RO         1092    i.HAL_GPIO_WritePin  stm32f4xx_hal_gpio.o
    0x0800130e   0x0800130e   0x00000002   PAD
    0x08001310   0x08001310   0x0000000c   Code   RO         1620    i.HAL_GetTick       stm32f4xx_hal.o
    0x0800131c   0x0800131c   0x00000010   Code   RO         1626    i.HAL_IncTick       stm32f4xx_hal.o
    0x0800132c   0x0800132c   0x00000034   Code   RO         1627    i.HAL_Init          stm32f4xx_hal.o
    0x08001360   0x08001360   0x00000040   Code   RO         1628    i.HAL_InitTick      stm32f4xx_hal.o
    0x080013a0   0x080013a0   0x00000030   Code   RO          475    i.HAL_MspInit       stm32f4xx_hal_msp.o
    0x080013d0   0x080013d0   0x0000001a   Code   RO         1477    i.HAL_NVIC_EnableIRQ  stm32f4xx_hal_cortex.o
    0x080013ea   0x080013ea   0x00000002   PAD
    0x080013ec   0x080013ec   0x00000040   Code   RO         1483    i.HAL_NVIC_SetPriority  stm32f4xx_hal_cortex.o
    0x0800142c   0x0800142c   0x00000024   Code   RO         1484    i.HAL_NVIC_SetPriorityGrouping  stm32f4xx_hal_cortex.o
    0x08001450   0x08001450   0x00000134   Code   RO          734    i.HAL_RCC_ClockConfig  stm32f4xx_hal_rcc.o
    0x08001584   0x08001584   0x00000020   Code   RO          741    i.HAL_RCC_GetPCLK1Freq  stm32f4xx_hal_rcc.o
    0x080015a4   0x080015a4   0x00000020   Code   RO          742    i.HAL_RCC_GetPCLK2Freq  stm32f4xx_hal_rcc.o
    0x080015c4   0x080015c4   0x00000064   Code   RO          743    i.HAL_RCC_GetSysClockFreq  stm32f4xx_hal_rcc.o
    0x08001628   0x08001628   0x0000036c   Code   RO          746    i.HAL_RCC_OscConfig  stm32f4xx_hal_rcc.o
    0x08001994   0x08001994   0x00000028   Code   RO         1488    i.HAL_SYSTICK_Config  stm32f4xx_hal_cortex.o
    0x080019bc   0x080019bc   0x00000002   Code   RO         2571    i.HAL_TIMEx_BreakCallback  stm32f4xx_hal_tim_ex.o
    0x080019be   0x080019be   0x00000002   Code   RO         2572    i.HAL_TIMEx_CommutCallback  stm32f4xx_hal_tim_ex.o
    0x080019c0   0x080019c0   0x00000090   Code   RO         2590    i.HAL_TIMEx_MasterConfigSynchronization  stm32f4xx_hal_tim_ex.o
    0x08001a50   0x08001a50   0x0000005a   Code   RO         1867    i.HAL_TIM_Base_Init  stm32f4xx_hal_tim.o
    0x08001aaa   0x08001aaa   0x00000002   PAD
    0x08001aac   0x08001aac   0x0000003c   Code   RO          286    i.HAL_TIM_Base_MspInit  tim.o
    0x08001ae8   0x08001ae8   0x00000080   Code   RO         1872    i.HAL_TIM_Base_Start_IT  stm32f4xx_hal_tim.o
    0x08001b68   0x08001b68   0x000000dc   Code   RO         1876    i.HAL_TIM_ConfigClockSource  stm32f4xx_hal_tim.o
    0x08001c44   0x08001c44   0x00000002   Code   RO         1901    i.HAL_TIM_IC_CaptureCallback  stm32f4xx_hal_tim.o
    0x08001c46   0x08001c46   0x00000166   Code   RO         1915    i.HAL_TIM_IRQHandler  stm32f4xx_hal_tim.o
    0x08001dac   0x08001dac   0x00000002   Code   RO         1918    i.HAL_TIM_OC_DelayElapsedCallback  stm32f4xx_hal_tim.o
    0x08001dae   0x08001dae   0x00000002   Code   RO         1945    i.HAL_TIM_PWM_PulseFinishedCallback  stm32f4xx_hal_tim.o
    0x08001db0   0x08001db0   0x000001f8   Code   RO         3588    i.HAL_TIM_PeriodElapsedCallback  tim_user.o
    0x08001fa8   0x08001fa8   0x00000002   Code   RO         1958    i.HAL_TIM_TriggerCallback  stm32f4xx_hal_tim.o
    0x08001faa   0x08001faa   0x00000062   Code   RO         2867    i.HAL_UART_Init     stm32f4xx_hal_uart.o
    0x0800200c   0x0800200c   0x000000fc   Code   RO          328    i.HAL_UART_MspInit  usart.o
    0x08002108   0x08002108   0x00000002   Code   RO          380    i.HardFault_Handler  stm32f4xx_it.o
    0x0800210a   0x0800210a   0x00000002   PAD
    0x0800210c   0x0800210c   0x00000044   Code   RO          214    i.MX_CAN1_Init      can.o
    0x08002150   0x08002150   0x00000044   Code   RO          215    i.MX_CAN2_Init      can.o
    0x08002194   0x08002194   0x0000002c   Code   RO          261    i.MX_DMA_Init       dma.o
    0x080021c0   0x080021c0   0x00000134   Code   RO          188    i.MX_GPIO_Init      gpio.o
    0x080022f4   0x080022f4   0x00000068   Code   RO          287    i.MX_TIM1_Init      tim.o
    0x0800235c   0x0800235c   0x0000003c   Code   RO          329    i.MX_USART3_UART_Init  usart.o
    0x08002398   0x08002398   0x00000038   Code   RO          330    i.MX_USART6_UART_Init  usart.o
    0x080023d0   0x080023d0   0x00000002   Code   RO          381    i.MemManage_Handler  stm32f4xx_it.o
    0x080023d2   0x080023d2   0x00000002   Code   RO          382    i.NMI_Handler       stm32f4xx_it.o
    0x080023d4   0x080023d4   0x00000128   Code   RO         3432    i.PID_calc          pid.o
    0x080024fc   0x080024fc   0x0000005c   Code   RO         3434    i.PID_init          pid.o
    0x08002558   0x08002558   0x00000038   Code   RO         3469    i.PID_position_realize_2  pid_user.o
    0x08002590   0x08002590   0x0000003c   Code   RO         3470    i.PID_velocity_realize_1  pid_user.o
    0x080025cc   0x080025cc   0x0000003c   Code   RO         3471    i.PID_velocity_realize_2  pid_user.o
    0x08002608   0x08002608   0x00000002   Code   RO          383    i.PendSV_Handler    stm32f4xx_it.o
    0x0800260a   0x0800260a   0x00000002   PAD
    0x0800260c   0x0800260c   0x00000064   Code   RO         3589    i.RC_VC_DATA        tim_user.o
    0x08002670   0x08002670   0x00000060   Code   RO         3233    i.RC_init           bsp_rc.o
    0x080026d0   0x080026d0   0x00000002   Code   RO          384    i.SVC_Handler       stm32f4xx_it.o
    0x080026d2   0x080026d2   0x00000004   Code   RO          385    i.SysTick_Handler   stm32f4xx_it.o
    0x080026d6   0x080026d6   0x00000002   PAD
    0x080026d8   0x080026d8   0x00000094   Code   RO           14    i.SystemClock_Config  main.o
    0x0800276c   0x0800276c   0x00000010   Code   RO         3196    i.SystemInit        system_stm32f4xx.o
    0x0800277c   0x0800277c   0x0000000c   Code   RO          386    i.TIM1_UP_TIM10_IRQHandler  stm32f4xx_it.o
    0x08002788   0x08002788   0x000000c8   Code   RO         1960    i.TIM_Base_SetConfig  stm32f4xx_hal_tim.o
    0x08002850   0x08002850   0x00000014   Code   RO         1971    i.TIM_ETR_SetConfig  stm32f4xx_hal_tim.o
    0x08002864   0x08002864   0x00000010   Code   RO         1972    i.TIM_ITRx_SetConfig  stm32f4xx_hal_tim.o
    0x08002874   0x08002874   0x00000022   Code   RO         1978    i.TIM_TI1_ConfigInputStage  stm32f4xx_hal_tim.o
    0x08002896   0x08002896   0x00000024   Code   RO         1980    i.TIM_TI2_ConfigInputStage  stm32f4xx_hal_tim.o
    0x080028ba   0x080028ba   0x00000002   PAD
    0x080028bc   0x080028bc   0x0000010c   Code   RO         2893    i.UART_SetConfig    stm32f4xx_hal_uart.o
    0x080029c8   0x080029c8   0x000000b4   Code   RO         3539    i.USART3_IRQHandler  remote_control.o
    0x08002a7c   0x08002a7c   0x00000024   Code   RO         3646    i.USART6_IRQHandler  encoding_disk.o
    0x08002aa0   0x08002aa0   0x00000002   Code   RO          387    i.UsageFault_Handler  stm32f4xx_it.o
    0x08002aa2   0x08002aa2   0x00000020   Code   RO         1490    i.__NVIC_SetPriority  stm32f4xx_hal_cortex.o
    0x08002ac2   0x08002ac2   0x00000002   PAD
    0x08002ac4   0x08002ac4   0x00000028   Code   RO         3590    i.cam               tim_user.o
    0x08002aec   0x08002aec   0x00000034   Code   RO         3592    i.collect           tim_user.o
    0x08002b20   0x08002b20   0x0000000a   Code   RO         3332    i.get_moto_offset   can_receive.o
    0x08002b2a   0x08002b2a   0x00000042   Code   RO         3333    i.get_motor_measure  can_receive.o
    0x08002b6c   0x08002b6c   0x00000064   Code   RO           15    i.main              main.o
    0x08002bd0   0x08002bd0   0x00000012   Code   RO         3473    i.pid_call_2        pid_user.o
    0x08002be2   0x08002be2   0x00000002   PAD
    0x08002be4   0x08002be4   0x00000074   Code   RO         3474    i.pid_chassis_init  pid_user.o
    0x08002c58   0x08002c58   0x00000080   Code   RO         3475    i.pid_other_init    pid_user.o
    0x08002cd8   0x08002cd8   0x00000010   Code   RO         3541    i.remote_control_init  remote_control.o
    0x08002ce8   0x08002ce8   0x000000b4   Code   RO         3542    i.sbus_to_rc        remote_control.o
    0x08002d9c   0x08002d9c   0x000000a4   Code   RO         3593    i.shoot             tim_user.o
    0x08002e40   0x08002e40   0x00000062   Code   RO         3689    x$fpl$d2f           fz_wm.l(d2f.o)
    0x08002ea2   0x08002ea2   0x0000002e   Code   RO         3692    x$fpl$dflt          fz_wm.l(dflt_clz.o)
    0x08002ed0   0x08002ed0   0x00000154   Code   RO         3697    x$fpl$dmul          fz_wm.l(dmul.o)
    0x08003024   0x08003024   0x0000009c   Code   RO         3704    x$fpl$dnaninf       fz_wm.l(dnaninf.o)
    0x080030c0   0x080030c0   0x0000000c   Code   RO         3706    x$fpl$dretinf       fz_wm.l(dretinf.o)
    0x080030cc   0x080030cc   0x0000000a   Code   RO         3813    x$fpl$fpinit        fz_wm.l(fpinit.o)
    0x080030d6   0x080030d6   0x0000000a   Code   RO         3708    x$fpl$fretinf       fz_wm.l(fretinf.o)
    0x080030e0   0x080030e0   0x00000000   Code   RO         3710    x$fpl$usenofp       fz_wm.l(usenofp.o)
    0x080030e0   0x080030e0   0x00000008   Data   RO         1207    .constdata          stm32f4xx_hal_dma.o
    0x080030e8   0x080030e8   0x00000010   Data   RO         3197    .constdata          system_stm32f4xx.o
    0x080030f8   0x080030f8   0x00000008   Data   RO         3198    .constdata          system_stm32f4xx.o
    0x08003100   0x08003100   0x00000020   Data   RO         3871    Region$$Table       anon$$obj.o


    Execution Region RW_IRAM1 (Exec base: 0x20000000, Load base: 0x08003120, Size: 0x000013d8, Max: 0x0001c000, ABSOLUTE)

    Exec Addr    Load Addr    Size         Type   Attr      Idx    E Section Name        Object

    0x20000000   0x08003120   0x00000004   Data   RW          217    .data               can.o
    0x20000004   0x08003124   0x0000000c   Data   RW         1634    .data               stm32f4xx_hal.o
    0x20000010   0x08003130   0x00000004   Data   RW         3199    .data               system_stm32f4xx.o
    0x20000014   0x08003134   0x0000000a   Data   RW         3336    .data               can_receive.o
    0x2000001e   0x0800313e   0x00000002   PAD
    0x20000020   0x08003140   0x00000004   Data   RW         3337    .data               can_receive.o
    0x20000024   0x08003144   0x00000004   Data   RW         3338    .data               can_receive.o
    0x20000028   0x08003148   0x00000004   Data   RW         3339    .data               can_receive.o
    0x2000002c   0x0800314c   0x00000004   Data   RW         3340    .data               can_receive.o
    0x20000030   0x08003150   0x00000004   Data   RW         3341    .data               can_receive.o
    0x20000034   0x08003154   0x00000004   Data   RW         3342    .data               can_receive.o
    0x20000038   0x08003158   0x00000004   Data   RW         3343    .data               can_receive.o
    0x2000003c   0x0800315c   0x00000004   Data   RW         3344    .data               can_receive.o
    0x20000040   0x08003160   0x00000004   Data   RW         3345    .data               can_receive.o
    0x20000044   0x08003164   0x00000004   Data   RW         3346    .data               can_receive.o
    0x20000048   0x08003168   0x00000004   Data   RW         3347    .data               can_receive.o
    0x2000004c   0x0800316c   0x00000004   Data   RW         3348    .data               can_receive.o
    0x20000050   0x08003170   0x00000004   Data   RW         3349    .data               can_receive.o
    0x20000054   0x08003174   0x00000004   Data   RW         3350    .data               can_receive.o
    0x20000058   0x08003178   0x00000004   Data   RW         3351    .data               can_receive.o
    0x2000005c   0x0800317c   0x00000004   Data   RW         3352    .data               can_receive.o
    0x20000060   0x08003180   0x00000018   Data   RW         3477    .data               pid_user.o
    0x20000078   0x08003198   0x00000002   Data   RW         3544    .data               remote_control.o
    0x2000007a   0x0800319a   0x00000002   PAD
    0x2000007c   0x0800319c   0x0000000c   Data   RW         3594    .data               tim_user.o
    0x20000088   0x080031a8   0x0000001c   Data   RW         3648    .data               encoding_disk.o
    0x200000a4        -       0x00000050   Zero   RW          216    .bss                can.o
    0x200000f4        -       0x00000048   Zero   RW          288    .bss                tim.o
    0x2000013c        -       0x000000e8   Zero   RW          331    .bss                usart.o
    0x20000224        -       0x000001d8   Zero   RW         3335    .bss                can_receive.o
    0x200003fc        -       0x00000900   Zero   RW         3476    .bss                pid_user.o
    0x20000cfc        -       0x0000005e   Zero   RW         3543    .bss                remote_control.o
    0x20000d5a   0x080031c4   0x00000002   PAD
    0x20000d5c        -       0x00000018   Zero   RW         3647    .bss                encoding_disk.o
    0x20000d74        -       0x00000060   Zero   RW         3743    .bss                c_w.l(libspace.o)
    0x20000dd4   0x080031c4   0x00000004   PAD
    0x20000dd8        -       0x00000200   Zero   RW            2    HEAP                startup_stm32f407xx.o
    0x20000fd8        -       0x00000400   Zero   RW            1    STACK               startup_stm32f407xx.o


    Execution Region RW_IRAM2 (Exec base: 0x2001c000, Load base: 0x080031c4, Size: 0x00000000, Max: 0x00004000, ABSOLUTE)

    **** No section assigned to this execution region ****


==============================================================================

Image component sizes


      Code (inc. data)   RO Data    RW Data    ZI Data      Debug   Object Name

        96         12          0          0          0     583614   bsp_rc.o
       388         42          0          4         80       2518   can.o
       534         54          0         74        472       7001   can_receive.o
        44          4          0          0          0        790   dma.o
       180         20          0         28         24       2110   encoding_disk.o
       308         22          0          0          0       1163   gpio.o
       252         20          0          0          0     705792   main.o
       388          8          0          0          0       1874   pid.o
       438         76          0         24       2304       4815   pid_user.o
       376         28          0          2         94       4156   remote_control.o
        64         26        392          0       1536        852   startup_stm32f407xx.o
       144         24          0         12          0       8821   stm32f4xx_hal.o
      1658          6          0          0          0      14403   stm32f4xx_hal_can.o
       198         14          0          0          0      34003   stm32f4xx_hal_cortex.o
       752         16          8          0          0       4108   stm32f4xx_hal_dma.o
       506         46          0          0          0       2216   stm32f4xx_hal_gpio.o
        48          6          0          0          0        870   stm32f4xx_hal_msp.o
      1348         76          0          0          0       5280   stm32f4xx_hal_rcc.o
      1110         72          0          0          0      10269   stm32f4xx_hal_tim.o
       148         28          0          0          0       2481   stm32f4xx_hal_tim_ex.o
       366         10          0          0          0       2052   stm32f4xx_hal_uart.o
        68         24          0          0          0       6155   stm32f4xx_it.o
        16          4         24          4          0       1151   system_stm32f4xx.o
       164         18          0          0         72       1726   tim.o
       860        142          0         12          0       4494   tim_user.o
       368         52          0          0        232       2562   usart.o

    ----------------------------------------------------------------------
     10850        850        456        164       4816    1415276   Object Totals
         0          0         32          0          0          0   (incl. Generated)
        28          0          0          4          2          0   (incl. Padding)

    ----------------------------------------------------------------------

      Code (inc. data)   RO Data    RW Data    ZI Data      Debug   Library Member Name

         8          0          0          0          0         68   __main.o
         0          0          0          0          0          0   __rtentry.o
        12          0          0          0          0          0   __rtentry2.o
         6          0          0          0          0          0   __rtentry4.o
        52          8          0          0          0          0   __scatter.o
        26          0          0          0          0          0   __scatter_copy.o
        28          0          0          0          0          0   __scatter_zi.o
        18          0          0          0          0         80   exit.o
         6          0          0          0          0        152   heapauxi.o
         0          0          0          0          0          0   indicate_semi.o
         2          0          0          0          0          0   libinit.o
         6          0          0          0          0          0   libinit2.o
         2          0          0          0          0          0   libshutdown.o
         2          0          0          0          0          0   libshutdown2.o
         8          4          0          0         96         68   libspace.o
       238          0          0          0          0        100   lludivv7m.o
        78          0          0          0          0         80   rt_memclr_w.o
         2          0          0          0          0          0   rtexit.o
        10          0          0          0          0          0   rtexit2.o
        12          4          0          0          0         68   sys_exit.o
        74          0          0          0          0         80   sys_stackheap_outer.o
         2          0          0          0          0         68   use_no_semi.o
        98          4          0          0          0        140   d2f.o
        46          0          0          0          0        116   dflt_clz.o
       340         12          0          0          0        152   dmul.o
       156          4          0          0          0        140   dnaninf.o
        12          0          0          0          0        116   dretinf.o
        10          0          0          0          0        116   fpinit.o
        10          0          0          0          0        116   fretinf.o
         0          0          0          0          0          0   usenofp.o

    ----------------------------------------------------------------------
      1270         36          0          0        100       1660   Library Totals
         6          0          0          0          4          0   (incl. Padding)

    ----------------------------------------------------------------------

      Code (inc. data)   RO Data    RW Data    ZI Data      Debug   Library Name

       592         16          0          0         96        764   c_w.l
       672         20          0          0          0        896   fz_wm.l

    ----------------------------------------------------------------------
      1270         36          0          0        100       1660   Library Totals

    ----------------------------------------------------------------------

==============================================================================


      Code (inc. data)   RO Data    RW Data    ZI Data      Debug   

     12120        886        456        164       4916    1405976   Grand Totals
     12120        886        456        164       4916    1405976   ELF Image Totals
     12120        886        456        164          0          0   ROM Totals

==============================================================================

    Total RO  Size (Code + RO Data)                12576 (  12.28kB)
    Total RW  Size (RW Data + ZI Data)              5080 (   4.96kB)
    Total ROM Size (Code + RO Data + RW Data)      12740 (  12.44kB)

==============================================================================

