Component: ARM Compiler 5.06 update 7 (build 960) Tool: armlink [4d3601]

==============================================================================

Section Cross References

    startup_stm32f407xx.o(STACK) refers (Special) to heapauxi.o(.text) for __use_two_region_memory
    startup_stm32f407xx.o(HEAP) refers (Special) to heapauxi.o(.text) for __use_two_region_memory
    startup_stm32f407xx.o(RESET) refers (Special) to heapauxi.o(.text) for __use_two_region_memory
    startup_stm32f407xx.o(RESET) refers to startup_stm32f407xx.o(STACK) for __initial_sp
    startup_stm32f407xx.o(RESET) refers to startup_stm32f407xx.o(.text) for Reset_Handler
    startup_stm32f407xx.o(RESET) refers to stm32f4xx_it.o(i.NMI_Handler) for NMI_Handler
    startup_stm32f407xx.o(RESET) refers to stm32f4xx_it.o(i.HardFault_Handler) for HardFault_Handler
    startup_stm32f407xx.o(RESET) refers to stm32f4xx_it.o(i.MemManage_Handler) for MemManage_Handler
    startup_stm32f407xx.o(RESET) refers to stm32f4xx_it.o(i.BusFault_Handler) for BusFault_Handler
    startup_stm32f407xx.o(RESET) refers to stm32f4xx_it.o(i.UsageFault_Handler) for UsageFault_Handler
    startup_stm32f407xx.o(RESET) refers to port.o(.emb_text) for SVC_Handler
    startup_stm32f407xx.o(RESET) refers to stm32f4xx_it.o(i.DebugMon_Handler) for DebugMon_Handler
    startup_stm32f407xx.o(RESET) refers to port.o(i.SysTick_Handler) for SysTick_Handler
    startup_stm32f407xx.o(RESET) refers to stm32f4xx_it.o(i.DMA1_Stream1_IRQHandler) for DMA1_Stream1_IRQHandler
    startup_stm32f407xx.o(RESET) refers to stm32f4xx_it.o(i.CAN1_RX0_IRQHandler) for CAN1_RX0_IRQHandler
    startup_stm32f407xx.o(RESET) refers to stm32f4xx_it.o(i.USART1_IRQHandler) for USART1_IRQHandler
    startup_stm32f407xx.o(RESET) refers to remote_control.o(i.USART3_IRQHandler) for USART3_IRQHandler
    startup_stm32f407xx.o(RESET) refers to stm32f4xx_it.o(i.TIM6_DAC_IRQHandler) for TIM6_DAC_IRQHandler
    startup_stm32f407xx.o(RESET) refers to stm32f4xx_it.o(i.DMA2_Stream1_IRQHandler) for DMA2_Stream1_IRQHandler
    startup_stm32f407xx.o(RESET) refers to stm32f4xx_it.o(i.DMA2_Stream2_IRQHandler) for DMA2_Stream2_IRQHandler
    startup_stm32f407xx.o(RESET) refers to stm32f4xx_it.o(i.CAN2_RX0_IRQHandler) for CAN2_RX0_IRQHandler
    startup_stm32f407xx.o(RESET) refers to stm32f4xx_it.o(i.DMA2_Stream6_IRQHandler) for DMA2_Stream6_IRQHandler
    startup_stm32f407xx.o(RESET) refers to stm32f4xx_it.o(i.DMA2_Stream7_IRQHandler) for DMA2_Stream7_IRQHandler
    startup_stm32f407xx.o(RESET) refers to stm32f4xx_it.o(i.USART6_IRQHandler) for USART6_IRQHandler
    startup_stm32f407xx.o(.text) refers (Special) to heapauxi.o(.text) for __use_two_region_memory
    startup_stm32f407xx.o(.text) refers to system_stm32f4xx.o(i.SystemInit) for SystemInit
    startup_stm32f407xx.o(.text) refers to __main.o(!!!main) for __main
    startup_stm32f407xx.o(.text) refers to startup_stm32f407xx.o(HEAP) for Heap_Mem
    startup_stm32f407xx.o(.text) refers to startup_stm32f407xx.o(STACK) for Stack_Mem
    main.o(i.HAL_TIM_PeriodElapsedCallback) refers to stm32f4xx_hal.o(i.HAL_IncTick) for HAL_IncTick
    main.o(i.SystemClock_Config) refers to rt_memclr_w.o(.text) for __aeabi_memclr4
    main.o(i.SystemClock_Config) refers to stm32f4xx_hal_rcc.o(i.HAL_RCC_OscConfig) for HAL_RCC_OscConfig
    main.o(i.SystemClock_Config) refers to stm32f4xx_hal_rcc.o(i.HAL_RCC_ClockConfig) for HAL_RCC_ClockConfig
    main.o(i.main) refers to stm32f4xx_hal.o(i.HAL_Init) for HAL_Init
    main.o(i.main) refers to main.o(i.SystemClock_Config) for SystemClock_Config
    main.o(i.main) refers to gpio.o(i.MX_GPIO_Init) for MX_GPIO_Init
    main.o(i.main) refers to dma.o(i.MX_DMA_Init) for MX_DMA_Init
    main.o(i.main) refers to can.o(i.MX_CAN1_Init) for MX_CAN1_Init
    main.o(i.main) refers to can.o(i.MX_CAN2_Init) for MX_CAN2_Init
    main.o(i.main) refers to usart.o(i.MX_USART1_UART_Init) for MX_USART1_UART_Init
    main.o(i.main) refers to usart.o(i.MX_USART3_UART_Init) for MX_USART3_UART_Init
    main.o(i.main) refers to usart.o(i.MX_USART6_UART_Init) for MX_USART6_UART_Init
    main.o(i.main) refers to remote_control.o(i.remote_control_init) for remote_control_init
    main.o(i.main) refers to bsp_can.o(i.CAN_Start) for CAN_Start
    main.o(i.main) refers to bsp_can.o(i.CAN1_Filter_Init) for CAN1_Filter_Init
    main.o(i.main) refers to bsp_can.o(i.CAN2_Filter_Init) for CAN2_Filter_Init
    main.o(i.main) refers to stm32f4xx_hal_uart.o(i.HAL_UART_Receive_DMA) for HAL_UART_Receive_DMA
    main.o(i.main) refers to stm32f4xx_hal.o(i.HAL_Delay) for HAL_Delay
    main.o(i.main) refers to freertos.o(i.MX_FREERTOS_Init) for MX_FREERTOS_Init
    main.o(i.main) refers to cmsis_os.o(i.osKernelStart) for osKernelStart
    main.o(i.main) refers to can.o(.bss) for hcan1
    main.o(i.main) refers to imu605_485.o(.bss) for rx_buffer
    main.o(i.main) refers to usart.o(.bss) for huart1
    main.o(i.main) refers to imu_ops9.o(.data) for ops9_buffer
[...]
    .data                                    0x20000128   Section        2  remote_control.o(.data)
    this_time_rx_len                         0x20000128   Data           2  remote_control.o(.data)
    .data                                    0x2000012c   Section        4  helm_wheel.o(.data)
    round_cnt                                0x2000012c   Data           4  helm_wheel.o(.data)
    .bss                                     0x20000130   Section      596  freertos.o(.bss)
    xIdleTaskTCBBuffer                       0x20000130   Data          84  freertos.o(.bss)
    xIdleStack                               0x20000184   Data         512  freertos.o(.bss)
    .bss                                     0x20000384   Section       80  can.o(.bss)
    .bss                                     0x200003d4   Section      684  usart.o(.bss)
    .bss                                     0x20000680   Section       72  stm32f4xx_hal_timebase_tim.o(.bss)
    .bss                                     0x200006c8   Section      240  tasks.o(.bss)
    pxReadyTasksLists                        0x200006c8   Data         140  tasks.o(.bss)
    xDelayedTaskList1                        0x20000754   Data          20  tasks.o(.bss)
    xDelayedTaskList2                        0x20000768   Data          20  tasks.o(.bss)
    xPendingReadyList                        0x2000077c   Data          20  tasks.o(.bss)
    xTasksWaitingTermination                 0x20000790   Data          20  tasks.o(.bss)
    xSuspendedTaskList                       0x200007a4   Data          20  tasks.o(.bss)
    .bss                                     0x200007b8   Section    15360  heap_4.o(.bss)
    ucHeap                                   0x200007b8   Data       15360  heap_4.o(.bss)
    .bss                                     0x200043b8   Section      472  can_receive.o(.bss)
    .bss                                     0x20004590   Section      132  chassis_api.o(.bss)
    .bss                                     0x20004614   Section       48  imu_ops9.o(.bss)
    posture                                  0x20004614   Data          24  imu_ops9.o(.bss)
    .bss                                     0x20004644   Section       79  imu605_485.o(.bss)
    .bss                                     0x20004694   Section     2520  pid_user.o(.bss)
    .bss                                     0x2000506c   Section       94  remote_control.o(.bss)
    sbus_rx_buf                              0x20005082   Data          72  remote_control.o(.bss)
    .bss                                     0x200050cc   Section       96  libspace.o(.bss)
    HEAP                                     0x20005130   Section      512  startup_stm32f407xx.o(HEAP)
    Heap_Mem                                 0x20005130   Data         512  startup_stm32f407xx.o(HEAP)
    STACK                                    0x20005330   Section     1024  startup_stm32f407xx.o(STACK)
    Stack_Mem                                0x20005330   Data        1024  startup_stm32f407xx.o(STACK)
    __initial_sp                             0x20005730   Data           0  startup_stm32f407xx.o(STACK)

    Global Symbols

    Symbol Name                              Value     Ov Type        Size  Object(Section)

    BuildAttributes$$THM_ISAv4$E$P$D$K$B$S$7EM$VFPi3$EXTD16$VFPS$VFMA$PE$A:L22UL41UL21$X:L11$S22US41US21$IEEE1$IW$USESV6$~STKCKD$USESV7$~SHL$OTIME$ROPI$IEEEX$EBA8$UX$STANDARDLIB$REQ8$PRES8$EABIv2 0x00000000   Number         0  anon$$obj.o ABSOLUTE
    __ARM_use_no_argv                        0x00000000   Number         0  main.o ABSOLUTE
    __ARM_exceptions_init                     - Undefined Weak Reference
    __alloca_initialize                       - Undefined Weak Reference
    __arm_fini_                               - Undefined Weak Reference
    __arm_preinit_                            - Undefined Weak Reference
    __cpp_initialize__aeabi_                  - Undefined Weak Reference
    __cxa_finalize                            - Undefined Weak Reference
    __rt_locale                               - Undefined Weak Reference
    __sigvec_lookup                           - Undefined Weak Reference
    _atexit_init                              - Undefined Weak Reference
    _call_atexit_fns                          - Undefined Weak Reference
    _clock_init                               - Undefined Weak Reference
    _fp_trap_init                             - Undefined Weak Reference
    _fp_trap_shutdown                         - Undefined Weak Reference
    _get_lc_collate                           - Undefined Weak Reference
    _get_lc_ctype                             - Undefined Weak Reference
    _get_lc_monetary                          - Undefined Weak Reference
    _get_lc_numeric                           - Undefined Weak Reference
    _get_lc_time                              - Undefined Weak Reference
    _getenv_init                              - Undefined Weak Reference
    _handle_redirection                       - Undefined Weak Reference
    _init_alloc                               - Undefined Weak Reference
    _init_user_alloc                          - Undefined Weak Reference
    _initio                                   - Undefined Weak Reference
    _rand_init                                - Undefined Weak Reference
    _signal_finish                            - Undefined Weak Reference
    _signal_init                              - Undefined Weak Reference
    _terminate_alloc                          - Undefined Weak Reference
    _terminate_user_alloc                     - Undefined Weak Reference
    _terminateio                              - Undefined Weak Reference
    __Vectors_Size                           0x00000188   Number         0  startup_stm32f407xx.o ABSOLUTE
    __Vectors                                0x08000000   Data           4  startup_stm32f407xx.o(RESET)
    __Vectors_End                            0x08000188   Data           0  startup_stm32f407xx.o(RESET)
    __main                                   0x08000189   Thumb Code     8  __main.o(!!!main)
    __scatterload                            0x08000191   Thumb Code     0  __scatter.o(!!!scatter)
    __scatterload_rt2                        0x08000191   Thumb Code    44  __scatter.o(!!!scatter)
    __scatterload_rt2_thumb_only             0x08000191   Thumb Code     0  __scatter.o(!!!scatter)
    __scatterload_null                       0x0800019f   Thumb Code     0  __scatter.o(!!!scatter)
    __decompress                             0x080001c5   Thumb Code    90  __dczerorl2.o(!!dczerorl2)
    __decompress1                            0x080001c5   Thumb Code     0  __dczerorl2.o(!!dczerorl2)
    __scatterload_zeroinit                   0x08000221   Thumb Code    28  __scatter_zi.o(!!handler_zi)
    __rt_lib_init                            0x0800023d   Thumb Code     0  libinit.o(.ARM.Collect$$libinit$$00000000)
    __rt_lib_init_fp_1                       0x0800023f   Thumb Code     0  libinit2.o(.ARM.Collect$$libinit$$00000001)
    __rt_lib_init_alloca_1                   0x08000243   Thumb Code     0  libinit2.o(.ARM.Collect$$libinit$$0000002E)
    __rt_lib_init_argv_1                     0x08000243   Thumb Code     0  libinit2.o(.ARM.Collect$$libinit$$0000002C)
    __rt_lib_init_atexit_1                   0x08000243   Thumb Code     0  libinit2.o(.ARM.Collect$$libinit$$0000001B)
    __rt_lib_init_clock_1                    0x08000243   Thumb Code     0  libinit2.o(.ARM.Collect$$libinit$$00000021)
    __rt_lib_init_cpp_1                      0x08000243   Thumb Code     0  libinit2.o(.ARM.Collect$$libinit$$00000032)
    __rt_lib_init_exceptions_1               0x08000243   Thumb Code     0  libinit2.o(.ARM.Collect$$libinit$$00000030)
    __rt_lib_init_fp_trap_1                  0x08000243   Thumb Code     0  libinit2.o(.ARM.Collect$$libinit$$0000001F)
    __rt_lib_init_getenv_1                   0x08000243   Thumb Code     0  libinit2.o(.ARM.Collect$$libinit$$00000023)
    __rt_lib_init_heap_1                     0x08000243   Thumb Code     0  libinit2.o(.ARM.Collect$$libinit$$0000000A)
    __rt_lib_init_lc_collate_1               0x08000243   Thumb Code     0  libinit2.o(.ARM.Collect$$libinit$$00000011)
    __rt_lib_init_lc_ctype_1                 0x08000243   Thumb Code     0  libinit2.o(.ARM.Collect$$libinit$$00000013)
    __rt_lib_init_lc_monetary_1              0x08000243   Thumb Code     0  libinit2.o(.ARM.Collect$$libinit$$00000015)
    __rt_lib_init_lc_numeric_1               0x08000243   Thumb Code     0  libinit2.o(.ARM.Collect$$libinit$$00000017)
    __rt_lib_init_lc_time_1                  0x08000243   Thumb Code     0  libinit2.o(.ARM.Collect$$libinit$$00000019)
    __rt_lib_init_preinit_1                  0x08000243   Thumb Code     0  libinit2.o(.ARM.Collect$$libinit$$00000004)
    __rt_lib_init_rand_1                     0x08000243   Thumb Code     0  libinit2.o(.ARM.Collect$$libinit$$0000000E)
    __rt_lib_init_return                     0x08000243   Thumb Code     0  libinit2.o(.ARM.Collect$$libinit$$00000033)
    __rt_lib_init_signal_1                   0x08000243   Thumb Code     0  libinit2.o(.ARM.Collect$$libinit$$0000001D)
    __rt_lib_init_stdio_1                    0x08000243   Thumb Code     0  libinit2.o(.ARM.Collect$$libinit$$00000025)
    __rt_lib_init_user_alloc_1               0x08000243   Thumb Code     0  libinit2.o(.ARM.Collect$$libinit$$0000000C)
    __rt_lib_shutdown                        0x08000245   Thumb Code     0  libshutdown.o(.ARM.Collect$$libshutdown$$00000000)
    __rt_lib_shutdown_cpp_1                  0x08000247   Thumb Code     0  libshutdown2.o(.ARM.Collect$$libshutdown$$00000004)
    __rt_lib_shutdown_fini_1                 0x08000247   Thumb Code     0  libshutdown2.o(.ARM.Collect$$libshutdown$$00000002)
    __rt_lib_shutdown_fp_trap_1              0x08000247   Thumb Code     0  libshutdown2.o(.ARM.Collect$$libshutdown$$00000009)
    __rt_lib_shutdown_heap_1                 0x08000247   Thumb Code     0  libshutdown2.o(.ARM.Collect$$libshutdown$$00000011)
    __rt_lib_shutdown_return                 0x08000247   Thumb Code     0  libshutdown2.o(.ARM.Collect$$libshutdown$$00000012)
    __rt_lib_shutdown_signal_1               0x08000247   Thumb Code     0  libshutdown2.o(.ARM.Collect$$libshutdown$$0000000C)
    __rt_lib_shutdown_stdio_1                0x08000247   Thumb Code     0  libshutdown2.o(.ARM.Collect$$libshutdown$$00000006)
    __rt_lib_shutdown_user_alloc_1           0x08000247   Thumb Code     0  libshutdown2.o(.ARM.Collect$$libshutdown$$0000000E)
    __rt_entry                               0x08000249   Thumb Code     0  __rtentry.o(.ARM.Collect$$rtentry$$00000000)
    __rt_entry_presh_1                       0x08000249   Thumb Code     0  __rtentry2.o(.ARM.Collect$$rtentry$$00000002)
    __rt_entry_sh                            0x08000249   Thumb Code     0  __rtentry4.o(.ARM.Collect$$rtentry$$00000004)
    __rt_entry_li                            0x0800024f   Thumb Code     0  __rtentry2.o(.ARM.Collect$$rtentry$$0000000A)
    __rt_entry_postsh_1                      0x0800024f   Thumb Code     0  __rtentry2.o(.ARM.Collect$$rtentry$$00000009)
    __rt_entry_main                          0x08000253   Thumb Code     0  __rtentry2.o(.ARM.Collect$$rtentry$$0000000D)
    __rt_entry_postli_1                      0x08000253   Thumb Code     0  __rtentry2.o(.ARM.Collect$$rtentry$$0000000C)
    __rt_exit                                0x0800025b   Thumb Code     0  rtexit.o(.ARM.Collect$$rtexit$$00000000)
    __rt_exit_ls                             0x0800025d   Thumb Code     0  rtexit2.o(.ARM.Collect$$rtexit$$00000003)
    __rt_exit_prels_1                        0x0800025d   Thumb Code     0  rtexit2.o(.ARM.Collect$$rtexit$$00000002)
    __rt_exit_exit                           0x08000261   Thumb Code     0  rtexit2.o(.ARM.Collect$$rtexit$$00000004)
    SVC_Handler                              0x08000269   Thumb Code    28  port.o(.emb_text)
    __asm___6_port_c_39a90d8d__prvStartFirstTask 0x08000289   Thumb Code    36  port.o(.emb_text)
    __asm___6_port_c_39a90d8d__prvEnableVFP  0x080002b1   Thumb Code    16  port.o(.emb_text)
    PendSV_Handler                           0x080002c5   Thumb Code    88  port.o(.emb_text)
    vPortGetIPSR                             0x08000321   Thumb Code     6  port.o(.emb_text)
    Reset_Handler                            0x08000329   Thumb Code     8  startup_stm32f407xx.o(.text)
    ADC_IRQHandler                           0x08000343   Thumb Code     0  startup_stm32f407xx.o(.text)
    CAN1_RX1_IRQHandler                      0x08000343   Thumb Code     0  startup_stm32f407xx.o(.text)
    CAN1_SCE_IRQHandler                      0x08000343   Thumb Code     0  startup_stm32f407xx.o(.text)
    CAN1_TX_IRQHandler                       0x08000343   Thumb Code     0  startup_stm32f407xx.o(.text)
    CAN2_RX1_IRQHandler                      0x08000343   Thumb Code     0  startup_stm32f407xx.o(.text)
    CAN2_SCE_IRQHandler                      0x08000343   Thumb Code     0  startup_stm32f407xx.o(.text)
    CAN2_TX_IRQHandler                       0x08000343   Thumb Code     0  startup_stm32f407xx.o(.text)
    DCMI_IRQHandler                          0x08000343   Thumb Code     0  startup_stm32f407xx.o(.text)
    DMA1_Stream0_IRQHandler                  0x08000343   Thumb Code     0  startup_stm32f407xx.o(.text)
    DMA1_Stream2_IRQHandler                  0x08000343   Thumb Code     0  startup_stm32f407xx.o(.text)
    DMA1_Stream3_IRQHandler                  0x08000343   Thumb Code     0  startup_stm32f407xx.o(.text)
    DMA1_Stream4_IRQHandler                  0x08000343   Thumb Code     0  startup_stm32f407xx.o(.text)
    DMA1_Stream5_IRQHandler                  0x08000343   Thumb Code     0  startup_stm32f407xx.o(.text)
    DMA1_Stream6_IRQHandler                  0x08000343   Thumb Code     0  startup_stm32f407xx.o(.text)
    DMA1_Stream7_IRQHandler                  0x08000343   Thumb Code     0  startup_stm32f407xx.o(.text)
    DMA2_Stream0_IRQHandler                  0x08000343   Thumb Code     0  startup_stm32f407xx.o(.text)
    DMA2_Stream3_IRQHandler                  0x08000343   Thumb Code     0  startup_stm32f407xx.o(.text)
    DMA2_Stream4_IRQHandler                  0x08000343   Thumb Code     0  startup_stm32f407xx.o(.text)
    DMA2_Stream5_IRQHandler                  0x08000343   Thumb Code     0  startup_stm32f407xx.o(.text)
    ETH_IRQHandler                           0x08000343   Thumb Code     0  startup_stm32f407xx.o(.text)
    ETH_WKUP_IRQHandler                      0x08000343   Thumb Code     0  startup_stm32f407xx.o(.text)
    EXTI0_IRQHandler                         0x08000343   Thumb Code     0  startup_stm32f407xx.o(.text)
    EXTI15_10_IRQHandler                     0x08000343   Thumb Code     0  startup_stm32f407xx.o(.text)
    EXTI1_IRQHandler                         0x08000343   Thumb Code     0  startup_stm32f407xx.o(.text)
    EXTI2_IRQHandler                         0x08000343   Thumb Code     0  startup_stm32f407xx.o(.text)
    EXTI3_IRQHandler                         0x08000343   Thumb Code     0  startup_stm32f407xx.o(.text)
    EXTI4_IRQHandler                         0x08000343   Thumb Code     0  startup_stm32f407xx.o(.text)
    EXTI9_5_IRQHandler                       0x08000343   Thumb Code     0  startup_stm32f407xx.o(.text)
    FLASH_IRQHandler                         0x08000343   Thumb Code     0  startup_stm32f407xx.o(.text)
    FMC_IRQHandler                           0x08000343   Thumb Code     0  startup_stm32f407xx.o(.text)
    FPU_IRQHandler                           0x08000343   Thumb Code     0  startup_stm32f407xx.o(.text)
    HASH_RNG_IRQHandler                      0x08000343   Thumb Code     0  startup_stm32f407xx.o(.text)
    I2C1_ER_IRQHandler                       0x08000343   Thumb Code     0  startup_stm32f407xx.o(.text)
    I2C1_EV_IRQHandler                       0x08000343   Thumb Code     0  startup_stm32f407xx.o(.text)
    I2C2_ER_IRQHandler                       0x08000343   Thumb Code     0  startup_stm32f407xx.o(.text)
    I2C2_EV_IRQHandler                       0x08000343   Thumb Code     0  startup_stm32f407xx.o(.text)
    I2C3_ER_IRQHandler                       0x08000343   Thumb Code     0  startup_stm32f407xx.o(.text)
    I2C3_EV_IRQHandler                       0x08000343   Thumb Code     0  startup_stm32f407xx.o(.text)
    OTG_FS_IRQHandler                        0x08000343   Thumb Code     0  startup_stm32f407xx.o(.text)
    OTG_FS_WKUP_IRQHandler                   0x08000343   Thumb Code     0  startup_stm32f407xx.o(.text)
    OTG_HS_EP1_IN_IRQHandler                 0x08000343   Thumb Code     0  startup_stm32f407xx.o(.text)
    OTG_HS_EP1_OUT_IRQHandler                0x08000343   Thumb Code     0  startup_stm32f407xx.o(.text)
    OTG_HS_IRQHandler                        0x08000343   Thumb Code     0  startup_stm32f407xx.o(.text)
    OTG_HS_WKUP_IRQHandler                   0x08000343   Thumb Code     0  startup_stm32f407xx.o(.text)
    PVD_IRQHandler                           0x08000343   Thumb Code     0  startup_stm32f407xx.o(.text)
    RCC_IRQHandler                           0x08000343   Thumb Code     0  startup_stm32f407xx.o(.text)
    RTC_Alarm_IRQHandler                     0x08000343   Thumb Code     0  startup_stm32f407xx.o(.text)
    RTC_WKUP_IRQHandler                      0x08000343   Thumb Code     0  startup_stm32f407xx.o(.text)
    SDIO_IRQHandler                          0x08000343   Thumb Code     0  startup_stm32f407xx.o(.text)
    SPI1_IRQHandler                          0x08000343   Thumb Code     0  startup_stm32f407xx.o(.text)
    SPI2_IRQHandler                          0x08000343   Thumb Code     0  startup_stm32f407xx.o(.text)
    SPI3_IRQHandler                          0x08000343   Thumb Code     0  startup_stm32f407xx.o(.text)
    TAMP_STAMP_IRQHandler                    0x08000343   Thumb Code     0  startup_stm32f407xx.o(.text)
    TIM1_BRK_TIM9_IRQHandler                 0x08000343   Thumb Code     0  startup_stm32f407xx.o(.text)
    TIM1_CC_IRQHandler                       0x08000343   Thumb Code     0  startup_stm32f407xx.o(.text)
    TIM1_TRG_COM_TIM11_IRQHandler            0x08000343   Thumb Code     0  startup_stm32f407xx.o(.text)
    TIM1_UP_TIM10_IRQHandler                 0x08000343   Thumb Code     0  startup_stm32f407xx.o(.text)
    TIM2_IRQHandler                          0x08000343   Thumb Code     0  startup_stm32f407xx.o(.text)
    TIM3_IRQHandler                          0x08000343   Thumb Code     0  startup_stm32f407xx.o(.text)
    TIM4_IRQHandler                          0x08000343   Thumb Code     0  startup_stm32f407xx.o(.text)
    TIM5_IRQHandler                          0x08000343   Thumb Code     0  startup_stm32f407xx.o(.text)
    TIM7_IRQHandler                          0x08000343   Thumb Code     0  startup_stm32f407xx.o(.text)
    TIM8_BRK_TIM12_IRQHandler                0x08000343   Thumb Code     0  startup_stm32f407xx.o(.text)
    TIM8_CC_IRQHandler                       0x08000343   Thumb Code     0  startup_stm32f407xx.o(.text)
    TIM8_TRG_COM_TIM14_IRQHandler            0x08000343   Thumb Code     0  startup_stm32f407xx.o(.text)
    TIM8_UP_TIM13_IRQHandler                 0x08000343   Thumb Code     0  startup_stm32f407xx.o(.text)
    UART4_IRQHandler                         0x08000343   Thumb Code     0  startup_stm32f407xx.o(.text)
    UART5_IRQHandler                         0x08000343   Thumb Code     0  startup_stm32f407xx.o(.text)
    USART2_IRQHandler                        0x08000343   Thumb Code     0  startup_stm32f407xx.o(.text)
    WWDG_IRQHandler                          0x08000343   Thumb Code     0  startup_stm32f407xx.o(.text)
    __user_initial_stackheap                 0x08000345   Thumb Code     0  startup_stm32f407xx.o(.text)
    __aeabi_uldivmod                         0x08000369   Thumb Code     0  lludivv7m.o(.text)
    _ll_udiv                                 0x08000369   Thumb Code   238  lludivv7m.o(.text)
    __aeabi_memcpy4                          0x08000457   Thumb Code     0  rt_memcpy_w.o(.text)
    __aeabi_memcpy8                          0x08000457   Thumb Code     0  rt_memcpy_w.o(.text)
    __rt_memcpy_w                            0x08000457   Thumb Code   100  rt_memcpy_w.o(.text)
    _memcpy_lastbytes_aligned                0x0800049f   Thumb Code     0  rt_memcpy_w.o(.text)
    __aeabi_memclr4                          0x080004bb   Thumb Code     0  rt_memclr_w.o(.text)
    __aeabi_memclr8                          0x080004bb   Thumb Code     0  rt_memclr_w.o(.text)
    __rt_memclr_w                            0x080004bb   Thumb Code    78  rt_memclr_w.o(.text)
    _memset_w                                0x080004bf   Thumb Code     0  rt_memclr_w.o(.text)
    __use_two_region_memory                  0x08000509   Thumb Code     2  heapauxi.o(.text)
    __rt_heap_escrow$2region                 0x0800050b   Thumb Code     2  heapauxi.o(.text)
    __rt_heap_expand$2region                 0x0800050d   Thumb Code     2  heapauxi.o(.text)
    __read_errno                             0x0800050f   Thumb Code    10  _rserrno.o(.text)
    __set_errno                              0x08000519   Thumb Code    12  _rserrno.o(.text)
    __aeabi_errno_addr                       0x08000525   Thumb Code     8  rt_errno_addr_intlibspace.o(.text)
    __errno$intlibspace                      0x08000525   Thumb Code     0  rt_errno_addr_intlibspace.o(.text)
    __rt_errno_addr$intlibspace              0x08000525   Thumb Code     0  rt_errno_addr_intlibspace.o(.text)
    __user_libspace                          0x0800052d   Thumb Code     8  libspace.o(.text)
    __user_perproc_libspace                  0x0800052d   Thumb Code     0  libspace.o(.text)
    __user_perthread_libspace                0x0800052d   Thumb Code     0  libspace.o(.text)
    __user_setup_stackheap                   0x08000535   Thumb Code    74  sys_stackheap_outer.o(.text)
    exit                                     0x0800057f   Thumb Code    18  exit.o(.text)
    _sys_exit                                0x08000591   Thumb Code     8  sys_exit.o(.text)
    __I$use$semihosting                      0x0800059d   Thumb Code     0  use_no_semi.o(.text)
    __use_no_semihosting_swi                 0x0800059d   Thumb Code     2  use_no_semi.o(.text)
    BusFault_Handler                         0x0800059f   Thumb Code     2  stm32f4xx_it.o(i.BusFault_Handler)
    __semihosting_library_function           0x0800059f   Thumb Code     0  indicate_semi.o(.text)
    CAN1_CMD_1                               0x080005a1   Thumb Code    60  can_receive.o(i.CAN1_CMD_1)
    CAN1_Filter_Init                         0x080005e9   Thumb Code    38  bsp_can.o(i.CAN1_Filter_Init)
    CAN1_RX0_IRQHandler                      0x08000615   Thumb Code     6  stm32f4xx_it.o(i.CAN1_RX0_IRQHandler)
    CAN2_Filter_Init                         0x08000621   Thumb Code    38  bsp_can.o(i.CAN2_Filter_Init)
    CAN2_RX0_IRQHandler                      0x0800064d   Thumb Code     6  stm32f4xx_it.o(i.CAN2_RX0_IRQHandler)
    CAN_Start                                0x08000659   Thumb Code    30  bsp_can.o(i.CAN_Start)
    Chassis_Loop_Out                         0x08000679   Thumb Code   210  chassis_api.o(i.Chassis_Loop_Out)
    Chassis_Sports_Calc                      0x08000751   Thumb Code   832  chassis_api.o(i.Chassis_Sports_Calc)
    DMA1_Stream1_IRQHandler                  0x08000ad5   Thumb Code     6  stm32f4xx_it.o(i.DMA1_Stream1_IRQHandler)
    DMA2_Stream1_IRQHandler                  0x08000ae1   Thumb Code     6  stm32f4xx_it.o(i.DMA2_Stream1_IRQHandler)
    DMA2_Stream2_IRQHandler                  0x08000aed   Thumb Code     6  stm32f4xx_it.o(i.DMA2_Stream2_IRQHandler)
    DMA2_Stream6_IRQHandler                  0x08000af9   Thumb Code     6  stm32f4xx_it.o(i.DMA2_Stream6_IRQHandler)
    DMA2_Stream7_IRQHandler                  0x08000b05   Thumb Code     6  stm32f4xx_it.o(i.DMA2_Stream7_IRQHandler)
    Data_Analyse                             0x08000bb5   Thumb Code   152  imu_ops9.o(i.Data_Analyse)
    DebugMon_Handler                         0x08000c55   Thumb Code     2  stm32f4xx_it.o(i.DebugMon_Handler)
    Error_Handler                            0x08000c57   Thumb Code     4  main.o(i.Error_Handler)
    Get_Chassis_Total_Yaw                    0x08000c5d   Thumb Code   110  global_position.o(i.Get_Chassis_Total_Yaw)
    Get_Chassis_Yaw_Offset                   0x08000cdd   Thumb Code    48  global_position.o(i.Get_Chassis_Yaw_Offset)
    Get_Chassis_Yaw_Target                   0x08000d19   Thumb Code    44  global_position.o(i.Get_Chassis_Yaw_Target)
    HAL_CAN_ActivateNotification             0x08000d51   Thumb Code    36  stm32f4xx_hal_can.o(i.HAL_CAN_ActivateNotification)
    HAL_CAN_AddTxMessage                     0x08000d75   Thumb Code   220  stm32f4xx_hal_can.o(i.HAL_CAN_AddTxMessage)
    HAL_CAN_ConfigFilter                     0x08000e51   Thumb Code   262  stm32f4xx_hal_can.o(i.HAL_CAN_ConfigFilter)
    HAL_CAN_ErrorCallback                    0x08000f5d   Thumb Code     2  stm32f4xx_hal_can.o(i.HAL_CAN_ErrorCallback)
    HAL_CAN_GetRxMessage                     0x08000f5f   Thumb Code   232  stm32f4xx_hal_can.o(i.HAL_CAN_GetRxMessage)
    HAL_CAN_IRQHandler                       0x08001047   Thumb Code   508  stm32f4xx_hal_can.o(i.HAL_CAN_IRQHandler)
    HAL_CAN_Init                             0x08001243   Thumb Code   282  stm32f4xx_hal_can.o(i.HAL_CAN_Init)
    HAL_CAN_MspInit                          0x0800135d   Thumb Code   226  can.o(i.HAL_CAN_MspInit)
    HAL_CAN_RxFifo0FullCallback              0x08001459   Thumb Code     2  stm32f4xx_hal_can.o(i.HAL_CAN_RxFifo0FullCallback)
    HAL_CAN_RxFifo0MsgPendingCallback        0x0800145d   Thumb Code   178  can_receive.o(i.HAL_CAN_RxFifo0MsgPendingCallback)
    HAL_CAN_RxFifo1FullCallback              0x08001521   Thumb Code     2  stm32f4xx_hal_can.o(i.HAL_CAN_RxFifo1FullCallback)
    HAL_CAN_RxFifo1MsgPendingCallback        0x08001523   Thumb Code     2  stm32f4xx_hal_can.o(i.HAL_CAN_RxFifo1MsgPendingCallback)
    HAL_CAN_SleepCallback                    0x08001525   Thumb Code     2  stm32f4xx_hal_can.o(i.HAL_CAN_SleepCallback)
    HAL_CAN_Start                            0x08001529   Thumb Code    88  stm32f4xx_hal_can.o(i.HAL_CAN_Start)
    HAL_CAN_TxMailbox0AbortCallback          0x08001581   Thumb Code     2  stm32f4xx_hal_can.o(i.HAL_CAN_TxMailbox0AbortCallback)
    HAL_CAN_TxMailbox0CompleteCallback       0x08001583   Thumb Code     2  stm32f4xx_hal_can.o(i.HAL_CAN_TxMailbox0CompleteCallback)
    HAL_CAN_TxMailbox1AbortCallback          0x08001585   Thumb Code     2  stm32f4xx_hal_can.o(i.HAL_CAN_TxMailbox1AbortCallback)
    HAL_CAN_TxMailbox1CompleteCallback       0x08001587   Thumb Code     2  stm32f4xx_hal_can.o(i.HAL_CAN_TxMailbox1CompleteCallback)
    HAL_CAN_TxMailbox2AbortCallback          0x08001589   Thumb Code     2  stm32f4xx_hal_can.o(i.HAL_CAN_TxMailbox2AbortCallback)
    HAL_CAN_TxMailbox2CompleteCallback       0x0800158b   Thumb Code     2  stm32f4xx_hal_can.o(i.HAL_CAN_TxMailbox2CompleteCallback)
    HAL_CAN_WakeUpFromRxMsgCallback          0x0800158d   Thumb Code     2  stm32f4xx_hal_can.o(i.HAL_CAN_WakeUpFromRxMsgCallback)
    HAL_DMA_Abort                            0x0800158f   Thumb Code   146  stm32f4xx_hal_dma.o(i.HAL_DMA_Abort)
    HAL_DMA_Abort_IT                         0x08001621   Thumb Code    36  stm32f4xx_hal_dma.o(i.HAL_DMA_Abort_IT)
    HAL_DMA_IRQHandler                       0x08001645   Thumb Code   412  stm32f4xx_hal_dma.o(i.HAL_DMA_IRQHandler)
    HAL_DMA_Init                             0x080017e5   Thumb Code   206  stm32f4xx_hal_dma.o(i.HAL_DMA_Init)
    HAL_DMA_Start_IT                         0x080018b9   Thumb Code   110  stm32f4xx_hal_dma.o(i.HAL_DMA_Start_IT)
    HAL_Delay                                0x08001929   Thumb Code    32  stm32f4xx_hal.o(i.HAL_Delay)
    HAL_GPIO_Init                            0x0800194d   Thumb Code   450  stm32f4xx_hal_gpio.o(i.HAL_GPIO_Init)
    HAL_GetTick                              0x08001b3d   Thumb Code     6  stm32f4xx_hal.o(i.HAL_GetTick)
    HAL_IncTick                              0x08001b49   Thumb Code    12  stm32f4xx_hal.o(i.HAL_IncTick)
    HAL_Init                                 0x08001b59   Thumb Code    48  stm32f4xx_hal.o(i.HAL_Init)
    HAL_InitTick                             0x08001b8d   Thumb Code   132  stm32f4xx_hal_timebase_tim.o(i.HAL_InitTick)
    HAL_MspInit                              0x08001c25   Thumb Code    52  stm32f4xx_hal_msp.o(i.HAL_MspInit)
    HAL_NVIC_EnableIRQ                       0x08001c5d   Thumb Code    26  stm32f4xx_hal_cortex.o(i.HAL_NVIC_EnableIRQ)
    HAL_NVIC_SetPriority                     0x08001c79   Thumb Code    60  stm32f4xx_hal_cortex.o(i.HAL_NVIC_SetPriority)
    HAL_NVIC_SetPriorityGrouping             0x08001cb9   Thumb Code    26  stm32f4xx_hal_cortex.o(i.HAL_NVIC_SetPriorityGrouping)
    HAL_RCC_ClockConfig                      0x08001cdd   Thumb Code   288  stm32f4xx_hal_rcc.o(i.HAL_RCC_ClockConfig)
    HAL_RCC_GetClockConfig                   0x08001e11   Thumb Code    54  stm32f4xx_hal_rcc.o(i.HAL_RCC_GetClockConfig)
    HAL_RCC_GetPCLK1Freq                     0x08001e51   Thumb Code    20  stm32f4xx_hal_rcc.o(i.HAL_RCC_GetPCLK1Freq)
    HAL_RCC_GetPCLK2Freq                     0x08001e71   Thumb Code    20  stm32f4xx_hal_rcc.o(i.HAL_RCC_GetPCLK2Freq)
    HAL_RCC_GetSysClockFreq                  0x08001e91   Thumb Code    88  stm32f4xx_hal_rcc.o(i.HAL_RCC_GetSysClockFreq)
    HAL_RCC_OscConfig                        0x08001ef5   Thumb Code   856  stm32f4xx_hal_rcc.o(i.HAL_RCC_OscConfig)
    HAL_TIMEx_BreakCallback                  0x08002261   Thumb Code     2  stm32f4xx_hal_tim_ex.o(i.HAL_TIMEx_BreakCallback)
    HAL_TIMEx_CommutCallback                 0x08002263   Thumb Code     2  stm32f4xx_hal_tim_ex.o(i.HAL_TIMEx_CommutCallback)
    HAL_TIM_Base_Init                        0x08002265   Thumb Code    90  stm32f4xx_hal_tim.o(i.HAL_TIM_Base_Init)
    HAL_TIM_Base_MspInit                     0x080022bf   Thumb Code     2  stm32f4xx_hal_tim.o(i.HAL_TIM_Base_MspInit)
    HAL_TIM_Base_Start_IT                    0x080022c1   Thumb Code   100  stm32f4xx_hal_tim.o(i.HAL_TIM_Base_Start_IT)
    HAL_TIM_IC_CaptureCallback               0x08002341   Thumb Code     2  stm32f4xx_hal_tim.o(i.HAL_TIM_IC_CaptureCallback)
    HAL_TIM_IRQHandler                       0x08002343   Thumb Code   358  stm32f4xx_hal_tim.o(i.HAL_TIM_IRQHandler)
    HAL_TIM_OC_DelayElapsedCallback          0x080024a9   Thumb Code     2  stm32f4xx_hal_tim.o(i.HAL_TIM_OC_DelayElapsedCallback)
    HAL_TIM_PWM_PulseFinishedCallback        0x080024ab   Thumb Code     2  stm32f4xx_hal_tim.o(i.HAL_TIM_PWM_PulseFinishedCallback)
    HAL_TIM_PeriodElapsedCallback            0x080024ad   Thumb Code    14  main.o(i.HAL_TIM_PeriodElapsedCallback)
    HAL_TIM_TriggerCallback                  0x080024c1   Thumb Code     2  stm32f4xx_hal_tim.o(i.HAL_TIM_TriggerCallback)
    HAL_UARTEx_RxEventCallback               0x080024c3   Thumb Code     2  stm32f4xx_hal_uart.o(i.HAL_UARTEx_RxEventCallback)
    HAL_UART_ErrorCallback                   0x080024c5   Thumb Code     2  stm32f4xx_hal_uart.o(i.HAL_UART_ErrorCallback)
    HAL_UART_IRQHandler                      0x080024c9   Thumb Code   610  stm32f4xx_hal_uart.o(i.HAL_UART_IRQHandler)
    HAL_UART_Init                            0x08002731   Thumb Code    98  stm32f4xx_hal_uart.o(i.HAL_UART_Init)
    HAL_UART_MspInit                         0x08002795   Thumb Code   616  usart.o(i.HAL_UART_MspInit)
    HAL_UART_Receive_DMA                     0x08002a2d   Thumb Code    42  stm32f4xx_hal_uart.o(i.HAL_UART_Receive_DMA)
    HAL_UART_RxCpltCallback                  0x08002a59   Thumb Code    40  imu605_485.o(i.HAL_UART_RxCpltCallback)
    HAL_UART_RxHalfCpltCallback              0x08002a91   Thumb Code     2  stm32f4xx_hal_uart.o(i.HAL_UART_RxHalfCpltCallback)
    HAL_UART_Transmit_DMA                    0x08002a95   Thumb Code   126  stm32f4xx_hal_uart.o(i.HAL_UART_Transmit_DMA)
    HAL_UART_TxCpltCallback                  0x08002b21   Thumb Code     2  stm32f4xx_hal_uart.o(i.HAL_UART_TxCpltCallback)
    HAL_UART_TxHalfCpltCallback              0x08002b23   Thumb Code     2  stm32f4xx_hal_uart.o(i.HAL_UART_TxHalfCpltCallback)
    HardFault_Handler                        0x08002b25   Thumb Code     2  stm32f4xx_it.o(i.HardFault_Handler)
    IMU_Read_Euler                           0x08002b29   Thumb Code   168  imu605_485.o(i.IMU_Read_Euler)
    IMU_Request_Data                         0x08002be1   Thumb Code    68  imu605_485.o(i.IMU_Request_Data)
    MX_CAN1_Init                             0x08002c29   Thumb Code    60  can.o(i.MX_CAN1_Init)
    MX_CAN2_Init                             0x08002c6d   Thumb Code    60  can.o(i.MX_CAN2_Init)
    MX_DMA_Init                              0x08002cb1   Thumb Code   120  dma.o(i.MX_DMA_Init)
    MX_FREERTOS_Init                         0x08002d2d   Thumb Code    74  freertos.o(i.MX_FREERTOS_Init)
    MX_GPIO_Init                             0x08002d81   Thumb Code   102  gpio.o(i.MX_GPIO_Init)
    MX_USART1_UART_Init                      0x08002ded   Thumb Code    48  usart.o(i.MX_USART1_UART_Init)
    MX_USART3_UART_Init                      0x08002e25   Thumb Code    50  usart.o(i.MX_USART3_UART_Init)
    MX_USART6_UART_Init                      0x08002e65   Thumb Code    48  usart.o(i.MX_USART6_UART_Init)
    MemManage_Handler                        0x08002e9d   Thumb Code     2  stm32f4xx_it.o(i.MemManage_Handler)
    NMI_Handler                              0x08002e9f   Thumb Code     2  stm32f4xx_it.o(i.NMI_Handler)
    PID_Yaw_realize                          0x08002ea1   Thumb Code    28  pid_user.o(i.PID_Yaw_realize)
    PID_calc                                 0x08002ec5   Thumb Code   292  pid.o(i.PID_calc)
    PID_devices_Init                         0x08002fed   Thumb Code   330  pid_user.o(i.PID_devices_Init)
    PID_init                                 0x08003169   Thumb Code    88  pid.o(i.PID_init)
    PID_velocity_realize_1                   0x080031c5   Thumb Code    52  pid_user.o(i.PID_velocity_realize_1)
    RC_init                                  0x08003201   Thumb Code    84  bsp_rc.o(i.RC_init)
    Remote_Control_Chassis_Mode              0x08003261   Thumb Code   124  chassis_api.o(i.Remote_Control_Chassis_Mode)
    Remote_Control_Chassis_Set_Mode          0x080032e9   Thumb Code    30  chassis_api.o(i.Remote_Control_Chassis_Set_Mode)
    Robot_Pose_Analysis                      0x08003311   Thumb Code    88  chassis_api.o(i.Robot_Pose_Analysis)
    SysTick_Handler                          0x08003375   Thumb Code    38  port.o(i.SysTick_Handler)
    SystemClock_Config                       0x080033a1   Thumb Code   140  main.o(i.SystemClock_Config)
    SystemInit                               0x08003435   Thumb Code    12  system_stm32f4xx.o(i.SystemInit)
    TIM6_DAC_IRQHandler                      0x08003445   Thumb Code     6  stm32f4xx_it.o(i.TIM6_DAC_IRQHandler)
    TIM_Base_SetConfig                       0x08003451   Thumb Code   156  stm32f4xx_hal_tim.o(i.TIM_Base_SetConfig)
    UART_Start_Receive_DMA                   0x08003891   Thumb Code   134  stm32f4xx_hal_uart.o(i.UART_Start_Receive_DMA)
    USART1_IRQHandler                        0x08003925   Thumb Code     6  stm32f4xx_it.o(i.USART1_IRQHandler)
    USART3_IRQHandler                        0x08003931   Thumb Code   156  remote_control.o(i.USART3_IRQHandler)
    USART6_IRQHandler                        0x080039e5   Thumb Code     6  stm32f4xx_it.o(i.USART6_IRQHandler)
    UsageFault_Handler                       0x080039f1   Thumb Code     2  stm32f4xx_it.o(i.UsageFault_Handler)
    __ARM_fpclassify                         0x080039f3   Thumb Code    48  fpclassify.o(i.__ARM_fpclassify)
    __CRC16                                  0x08003a25   Thumb Code    38  imu605_485.o(i.__CRC16)
    __hardfp_atan                            0x08003a71   Thumb Code   622  atan.o(i.__hardfp_atan)
    __hardfp_atan2                           0x08003d49   Thumb Code   448  atan2.o(i.__hardfp_atan2)
    __hardfp_sqrt                            0x08003f49   Thumb Code   122  sqrt.o(i.__hardfp_sqrt)
    __kernel_poly                            0x08003fc3   Thumb Code   248  poly.o(i.__kernel_poly)
    __mathlib_dbl_infnan                     0x080040bb   Thumb Code    20  dunder.o(i.__mathlib_dbl_infnan)
    __mathlib_dbl_infnan2                    0x080040cf   Thumb Code    20  dunder.o(i.__mathlib_dbl_infnan2)
    __mathlib_dbl_underflow                  0x080040e9   Thumb Code    24  dunder.o(i.__mathlib_dbl_underflow)
    atan                                     0x08004109   Thumb Code    16  atan.o(i.atan)
    calc_angle_helm_wheel                    0x08004119   Thumb Code   146  helm_wheel.o(i.calc_angle_helm_wheel)
    calc_min_angle                           0x080041c5   Thumb Code    70  helm_wheel.o(i.calc_min_angle)
    calc_motor_round_cnt                     0x08004219   Thumb Code    56  helm_wheel.o(i.calc_motor_round_cnt)
    chassis_task                             0x0800425d   Thumb Code    50  chassis_task.o(i.chassis_task)
    fabs                                     0x08004295   Thumb Code    24  fabs.o(i.fabs)
    get_moto_offset                          0x080042ad   Thumb Code    10  can_receive.o(i.get_moto_offset)
    get_motor_measure                        0x080042b7   Thumb Code    66  can_receive.o(i.get_motor_measure)
    imu_request_task                         0x080042f9   Thumb Code    16  imu605_485.o(i.imu_request_task)
    main                                     0x08004309   Thumb Code    98  main.o(i.main)
    ops_reset_task                           0x08004391   Thumb Code     2  imu_ops9.o(i.ops_reset_task)
    osDelay                                  0x08004393   Thumb Code    14  cmsis_os.o(i.osDelay)
    osKernelStart                            0x080043a1   Thumb Code    10  cmsis_os.o(i.osKernelStart)
    osThreadCreate                           0x080043ab   Thumb Code    84  cmsis_os.o(i.osThreadCreate)
    pvPortMalloc                             0x0800474d   Thumb Code   216  heap_4.o(i.pvPortMalloc)
    pxPortInitialiseStack                    0x08004829   Thumb Code    40  port.o(i.pxPortInitialiseStack)
    remote_control_init                      0x08004855   Thumb Code    12  remote_control.o(i.remote_control_init)
    uxListRemove                             0x08004919   Thumb Code    38  list.o(i.uxListRemove)
    vApplicationGetIdleTaskMemory            0x08004941   Thumb Code    16  freertos.o(i.vApplicationGetIdleTaskMemory)
    vListInitialise                          0x08004955   Thumb Code    22  list.o(i.vListInitialise)
    vListInitialiseItem                      0x0800496b   Thumb Code     6  list.o(i.vListInitialiseItem)
    vListInsert                              0x08004971   Thumb Code    48  list.o(i.vListInsert)
    vListInsertEnd                           0x080049a1   Thumb Code    24  list.o(i.vListInsertEnd)
    vPortEnterCritical                       0x080049b9   Thumb Code    54  port.o(i.vPortEnterCritical)
    vPortExitCritical                        0x080049f9   Thumb Code    34  port.o(i.vPortExitCritical)
    vPortFree                                0x08004a21   Thumb Code    94  heap_4.o(i.vPortFree)
    vPortSetupTimerInterrupt                 0x08004a85   Thumb Code    32  port.o(i.vPortSetupTimerInterrupt)
    vTaskDelay                               0x08004aa9   Thumb Code    66  tasks.o(i.vTaskDelay)
    vTaskStartScheduler                      0x08004af5   Thumb Code    90  tasks.o(i.vTaskStartScheduler)
    vTaskSuspendAll                          0x08004b61   Thumb Code    10  tasks.o(i.vTaskSuspendAll)
    vTaskSwitchContext                       0x08004b71   Thumb Code    82  tasks.o(i.vTaskSwitchContext)
    xPortStartScheduler                      0x08004bcd   Thumb Code   222  port.o(i.xPortStartScheduler)
    xTaskCreate                              0x08004cc1   Thumb Code    90  tasks.o(i.xTaskCreate)
    xTaskCreateStatic                        0x08004d1b   Thumb Code    86  tasks.o(i.xTaskCreateStatic)
    xTaskIncrementTick                       0x08004d71   Thumb Code   194  tasks.o(i.xTaskIncrementTick)
    xTaskResumeAll                           0x08004e3d   Thumb Code   182  tasks.o(i.xTaskResumeAll)
    __aeabi_dneg                             0x08004f01   Thumb Code     0  basic.o(x$fpl$basic)
    _dneg                                    0x08004f01   Thumb Code     6  basic.o(x$fpl$basic)
    __aeabi_fneg                             0x08004f07   Thumb Code     0  basic.o(x$fpl$basic)
    _fneg                                    0x08004f07   Thumb Code     6  basic.o(x$fpl$basic)
    _dabs                                    0x08004f0d   Thumb Code     6  basic.o(x$fpl$basic)
    _fabs                                    0x08004f13   Thumb Code     6  basic.o(x$fpl$basic)
    __aeabi_d2f                              0x08004f19   Thumb Code     0  d2f.o(x$fpl$d2f)
    _d2f                                     0x08004f19   Thumb Code    98  d2f.o(x$fpl$d2f)
    __aeabi_dadd                             0x08004f7d   Thumb Code     0  daddsub_clz.o(x$fpl$dadd)
    _dadd                                    0x08004f7d   Thumb Code   332  daddsub_clz.o(x$fpl$dadd)
    __fpl_dcmp_Inf                           0x080050cd   Thumb Code    24  dcmpi.o(x$fpl$dcmpinf)
    __aeabi_ddiv                             0x080050e5   Thumb Code     0  ddiv.o(x$fpl$ddiv)
    _ddiv                                    0x080050e5   Thumb Code   552  ddiv.o(x$fpl$ddiv)
    __aeabi_cdcmpeq                          0x08005395   Thumb Code     0  deqf.o(x$fpl$deqf)
    _dcmpeq                                  0x08005395   Thumb Code   120  deqf.o(x$fpl$deqf)
    __aeabi_i2d                              0x0800540d   Thumb Code     0  dflt_clz.o(x$fpl$dflt)
    _dflt                                    0x0800540d   Thumb Code    46  dflt_clz.o(x$fpl$dflt)
    __aeabi_dmul                             0x0800543d   Thumb Code     0  dmul.o(x$fpl$dmul)
    _dmul                                    0x0800543d   Thumb Code   332  dmul.o(x$fpl$dmul)
    __fpl_dnaninf                            0x08005591   Thumb Code   156  dnaninf.o(x$fpl$dnaninf)
    __fpl_dretinf                            0x0800562d   Thumb Code    12  dretinf.o(x$fpl$dretinf)
    __aeabi_drsub                            0x08005639   Thumb Code     0  daddsub_clz.o(x$fpl$drsb)
    _drsb                                    0x08005639   Thumb Code    22  daddsub_clz.o(x$fpl$drsb)
    _dsqrt                                   0x08005651   Thumb Code   404  dsqrt_umaal.o(x$fpl$dsqrt)
    __aeabi_dsub                             0x080057e9   Thumb Code     0  daddsub_clz.o(x$fpl$dsub)
    _dsub                                    0x080057e9   Thumb Code   464  daddsub_clz.o(x$fpl$dsub)
    __aeabi_f2d                              0x080059bd   Thumb Code     0  f2d.o(x$fpl$f2d)
    _f2d                                     0x080059bd   Thumb Code    86  f2d.o(x$fpl$f2d)
    __fpl_fnaninf                            0x08005a13   Thumb Code   140  fnaninf.o(x$fpl$fnaninf)
    _fp_init                                 0x08005a9f   Thumb Code    10  fpinit.o(x$fpl$fpinit)
    __fplib_config_fpu_vfp                   0x08005aa7   Thumb Code     0  fpinit.o(x$fpl$fpinit)
    __fplib_config_pureend_doubles           0x08005aa7   Thumb Code     0  fpinit.o(x$fpl$fpinit)
    __fpl_fretinf                            0x08005aa9   Thumb Code    10  fretinf.o(x$fpl$fretinf)
    __I$use$fp                               0x08005ab2   Number         0  usenofp.o(x$fpl$usenofp)
    AHBPrescTable                            0x08005b10   Data          16  system_stm32f4xx.o(.constdata)
    APBPrescTable                            0x08005b20   Data           8  system_stm32f4xx.o(.constdata)
    __mathlib_zero                           0x08005dc0   Data           8  qnan.o(.constdata)
    Region$$Table$$Base                      0x08005de8   Number         0  anon$$obj.o(Region$$Table)
    Region$$Table$$Limit                     0x08005e08   Number         0  anon$$obj.o(Region$$Table)
    CHASSISHandle                            0x20000000   Data           4  freertos.o(.data)
    IMU_REQUESTHandle                        0x20000004   Data           4  freertos.o(.data)
    OPS_RESETHandle                          0x20000008   Data           4  freertos.o(.data)
    uwTickFreq                               0x20000010   Data           1  stm32f4xx_hal.o(.data)
    uwTickPrio                               0x20000014   Data           4  stm32f4xx_hal.o(.data)
    uwTick                                   0x20000018   Data           4  stm32f4xx_hal.o(.data)
    SystemCoreClock                          0x2000001c   Data           4  system_stm32f4xx.o(.data)
    pxCurrentTCB                             0x20000020   Data           4  tasks.o(.data)
    can_send_data                            0x2000008a   Data           8  can_receive.o(.data)
    actChassis                               0x20000094   Data           1  chassis_api.o(.data)
    res                                      0x20000098   Data           4  chassis_api.o(.data)
    prev_res                                 0x2000009c   Data           4  chassis_api.o(.data)
    res1                                     0x200000a0   Data           4  chassis_api.o(.data)
    round_cnt                                0x200000a4   Data           4  chassis_api.o(.data)
    round1                                   0x200000a8   Data           4  chassis_api.o(.data)
    round2                                   0x200000ac   Data           4  chassis_api.o(.data)
    direction_coefficient                    0x200000b0   Data           4  chassis_api.o(.data)
    ops9_buffer                              0x200000d0   Data           1  imu_ops9.o(.data)
    motor_speed_3508_pid                     0x200000d4   Data          12  pid_user.o(.data)
    motor_position_3508_pid                  0x200000e0   Data          12  pid_user.o(.data)
    motor_speed_2006_pid                     0x200000ec   Data          12  pid_user.o(.data)
    motor_position_2006_pid                  0x200000f8   Data          12  pid_user.o(.data)
    motor_yaw_pid                            0x20000104   Data          12  pid_user.o(.data)
    motor_pos_x_pid                          0x20000110   Data          12  pid_user.o(.data)
    motor_pos_y_pid                          0x2000011c   Data          12  pid_user.o(.data)
    hcan1                                    0x20000384   Data          40  can.o(.bss)
    hcan2                                    0x200003ac   Data          40  can.o(.bss)
    huart1                                   0x200003d4   Data          68  usart.o(.bss)
    huart3                                   0x20000418   Data          68  usart.o(.bss)
    huart6                                   0x2000045c   Data          68  usart.o(.bss)
    hdma_usart1_rx                           0x200004a0   Data          96  usart.o(.bss)
    hdma_usart1_tx                           0x20000500   Data          96  usart.o(.bss)
    hdma_usart3_rx                           0x20000560   Data          96  usart.o(.bss)
    hdma_usart6_rx                           0x200005c0   Data          96  usart.o(.bss)
    hdma_usart6_tx                           0x20000620   Data          96  usart.o(.bss)
    htim6                                    0x20000680   Data          72  stm32f4xx_hal_timebase_tim.o(.bss)
    motor_can1                               0x200043b8   Data         224  can_receive.o(.bss)
    motor_can2                               0x20004498   Data         224  can_receive.o(.bss)
    can_tx_message                           0x20004578   Data          24  can_receive.o(.bss)
    absolute_chassis_speed                   0x20004590   Data          12  chassis_api.o(.bss)
    absolute_chassis_measure                 0x2000459c   Data          56  chassis_api.o(.bss)
    Angle_Helm_Target                        0x200045d4   Data          16  chassis_api.o(.bss)
    Speed_Motor_Target                       0x200045e4   Data          16  chassis_api.o(.bss)
    M3508_Target                             0x200045f4   Data          16  chassis_api.o(.bss)
    speed_yaw                                0x20004604   Data          16  chassis_api.o(.bss)
    ops9                                     0x2000462c   Data          24  imu_ops9.o(.bss)
    rx_buffer                                0x20004644   Data          11  imu605_485.o(.bss)
    hwt605                                   0x2000464f   Data          68  imu605_485.o(.bss)
    pid_v_1                                  0x20004694   Data         576  pid_user.o(.bss)
    pid_pos_1                                0x200048d4   Data         576  pid_user.o(.bss)
    pid_v_2                                  0x20004b14   Data         576  pid_user.o(.bss)
    pid_pos_2                                0x20004d54   Data         576  pid_user.o(.bss)
    pid_yaw                                  0x20004f94   Data          72  pid_user.o(.bss)
    pid_pos_x                                0x20004fdc   Data          72  pid_user.o(.bss)
    pid_pos_y                                0x20005024   Data          72  pid_user.o(.bss)
    rc_ctrl                                  0x2000506c   Data          22  remote_control.o(.bss)
    __libspace_start                         0x200050cc   Data          96  libspace.o(.bss)
    __temporary_stack_top$libspace           0x2000512c   Data           0  libspace.o(.bss)



==============================================================================

Memory Map of the image

  Image Entry point : 0x08000189

  Load Region LR_IROM1 (Base: 0x08000000, Size: 0x00005f38, Max: 0x00100000, ABSOLUTE, COMPRESSED[0x00005e50])

    Execution Region ER_IROM1 (Exec base: 0x08000000, Load base: 0x08000000, Size: 0x00005e08, Max: 0x00100000, ABSOLUTE)

    Exec Addr    Load Addr    Size         Type   Attr      Idx    E Section Name        Object

    0x08000000   0x08000000   0x00000188   Data   RO            3    RESET               startup_stm32f407xx.o
    0x08000188   0x08000188   0x00000008   Code   RO         5450  * !!!main             c_w.l(__main.o)
    0x08000190   0x08000190   0x00000034   Code   RO         5734    !!!scatter          c_w.l(__scatter.o)
    0x080001c4   0x080001c4   0x0000005a   Code   RO         5732    !!dczerorl2         c_w.l(__dczerorl2.o)
    0x0800021e   0x0800021e   0x00000002   PAD
    0x08000220   0x08000220   0x0000001c   Code   RO         5736    !!handler_zi        c_w.l(__scatter_zi.o)
    0x0800023c   0x0800023c   0x00000002   Code   RO         5603    .ARM.Collect$$libinit$$00000000  c_w.l(libinit.o)
    0x0800023e   0x0800023e   0x00000004   Code   RO         5612    .ARM.Collect$$libinit$$00000001  c_w.l(libinit2.o)
    0x08000242   0x08000242   0x00000000   Code   RO         5615    .ARM.Collect$$libinit$$00000004  c_w.l(libinit2.o)
    0x08000242   0x08000242   0x00000000   Code   RO         5618    .ARM.Collect$$libinit$$0000000A  c_w.l(libinit2.o)
    0x08000242   0x08000242   0x00000000   Code   RO         5620    .ARM.Collect$$libinit$$0000000C  c_w.l(libinit2.o)
    0x08000242   0x08000242   0x00000000   Code   RO         5622    .ARM.Collect$$libinit$$0000000E  c_w.l(libinit2.o)
    0x08000242   0x08000242   0x00000000   Code   RO         5625    .ARM.Collect$$libinit$$00000011  c_w.l(libinit2.o)
    0x08000242   0x08000242   0x00000000   Code   RO         5627    .ARM.Collect$$libinit$$00000013  c_w.l(libinit2.o)
    0x08000242   0x08000242   0x00000000   Code   RO         5629    .ARM.Collect$$libinit$$00000015  c_w.l(libinit2.o)
    0x08000242   0x08000242   0x00000000   Code   RO         5631    .ARM.Collect$$libinit$$00000017  c_w.l(libinit2.o)
    0x08000242   0x08000242   0x00000000   Code   RO         5633    .ARM.Collect$$libinit$$00000019  c_w.l(libinit2.o)
    0x08000242   0x08000242   0x00000000   Code   RO         5635    .ARM.Collect$$libinit$$0000001B  c_w.l(libinit2.o)
    0x08000242   0x08000242   0x00000000   Code   RO         5637    .ARM.Collect$$libinit$$0000001D  c_w.l(libinit2.o)
    0x08000242   0x08000242   0x00000000   Code   RO         5639    .ARM.Collect$$libinit$$0000001F  c_w.l(libinit2.o)
    0x08000242   0x08000242   0x00000000   Code   RO         5641    .ARM.Collect$$libinit$$00000021  c_w.l(libinit2.o)
    0x08000242   0x08000242   0x00000000   Code   RO         5643    .ARM.Collect$$libinit$$00000023  c_w.l(libinit2.o)
    0x08000242   0x08000242   0x00000000   Code   RO         5645    .ARM.Collect$$libinit$$00000025  c_w.l(libinit2.o)
    0x08000242   0x08000242   0x00000000   Code   RO         5649    .ARM.Collect$$libinit$$0000002C  c_w.l(libinit2.o)
    0x08000242   0x08000242   0x00000000   Code   RO         5651    .ARM.Collect$$libinit$$0000002E  c_w.l(libinit2.o)
    0x08000242   0x08000242   0x00000000   Code   RO         5653    .ARM.Collect$$libinit$$00000030  c_w.l(libinit2.o)
    0x08000242   0x08000242   0x00000000   Code   RO         5655    .ARM.Collect$$libinit$$00000032  c_w.l(libinit2.o)
    0x08000242   0x08000242   0x00000002   Code   RO         5656    .ARM.Collect$$libinit$$00000033  c_w.l(libinit2.o)
    0x08000244   0x08000244   0x00000002   Code   RO         5687    .ARM.Collect$$libshutdown$$00000000  c_w.l(libshutdown.o)
    0x08000246   0x08000246   0x00000000   Code   RO         5713    .ARM.Collect$$libshutdown$$00000002  c_w.l(libshutdown2.o)
    0x08000246   0x08000246   0x00000000   Code   RO         5715    .ARM.Collect$$libshutdown$$00000004  c_w.l(libshutdown2.o)
    0x08000246   0x08000246   0x00000000   Code   RO         5717    .ARM.Collect$$libshutdown$$00000006  c_w.l(libshutdown2.o)
    0x08000246   0x08000246   0x00000000   Code   RO         5720    .ARM.Collect$$libshutdown$$00000009  c_w.l(libshutdown2.o)
    0x08000246   0x08000246   0x00000000   Code   RO         5723    .ARM.Collect$$libshutdown$$0000000C  c_w.l(libshutdown2.o)
    0x08000246   0x08000246   0x00000000   Code   RO         5725    .ARM.Collect$$libshutdown$$0000000E  c_w.l(libshutdown2.o)
    0x08000246   0x08000246   0x00000000   Code   RO         5728    .ARM.Collect$$libshutdown$$00000011  c_w.l(libshutdown2.o)
    0x08000246   0x08000246   0x00000002   Code   RO         5729    .ARM.Collect$$libshutdown$$00000012  c_w.l(libshutdown2.o)
    0x08000248   0x08000248   0x00000000   Code   RO         5498    .ARM.Collect$$rtentry$$00000000  c_w.l(__rtentry.o)
    0x08000248   0x08000248   0x00000000   Code   RO         5560    .ARM.Collect$$rtentry$$00000002  c_w.l(__rtentry2.o)
    0x08000248   0x08000248   0x00000006   Code   RO         5572    .ARM.Collect$$rtentry$$00000004  c_w.l(__rtentry4.o)
    0x0800024e   0x0800024e   0x00000000   Code   RO         5562    .ARM.Collect$$rtentry$$00000009  c_w.l(__rtentry2.o)
    0x0800024e   0x0800024e   0x00000004   Code   RO         5563    .ARM.Collect$$rtentry$$0000000A  c_w.l(__rtentry2.o)
    0x08000252   0x08000252   0x00000000   Code   RO         5565    .ARM.Collect$$rtentry$$0000000C  c_w.l(__rtentry2.o)
    0x08000252   0x08000252   0x00000008   Code   RO         5566    .ARM.Collect$$rtentry$$0000000D  c_w.l(__rtentry2.o)
    0x0800025a   0x0800025a   0x00000002   Code   RO         5604    .ARM.Collect$$rtexit$$00000000  c_w.l(rtexit.o)
    0x0800025c   0x0800025c   0x00000000   Code   RO         5660    .ARM.Collect$$rtexit$$00000002  c_w.l(rtexit2.o)
    0x0800025c   0x0800025c   0x00000004   Code   RO         5661    .ARM.Collect$$rtexit$$00000003  c_w.l(rtexit2.o)
    0x08000260   0x08000260   0x00000006   Code   RO         5662    .ARM.Collect$$rtexit$$00000004  c_w.l(rtexit2.o)
    0x08000266   0x08000266   0x00000002   PAD
    0x08000268   0x08000268   0x000000be   Code   RO         4611    .emb_text           port.o
    0x08000326   0x08000326   0x00000002   PAD
    0x08000328   0x08000328   0x00000040   Code   RO            4    .text               startup_stm32f407xx.o
    0x08000368   0x08000368   0x000000ee   Code   RO         5438    .text               c_w.l(lludivv7m.o)
    0x08000456   0x08000456   0x00000064   Code   RO         5442    .text               c_w.l(rt_memcpy_w.o)
    0x080004ba   0x080004ba   0x0000004e   Code   RO         5446    .text               c_w.l(rt_memclr_w.o)
    0x08000508   0x08000508   0x00000006   Code   RO         5448    .text               c_w.l(heapauxi.o)
    0x0800050e   0x0800050e   0x00000016   Code   RO         5503    .text               c_w.l(_rserrno.o)
    0x08000524   0x08000524   0x00000008   Code   RO         5579    .text               c_w.l(rt_errno_addr_intlibspace.o)
    0x0800052c   0x0800052c   0x00000008   Code   RO         5587    .text               c_w.l(libspace.o)
    0x08000534   0x08000534   0x0000004a   Code   RO         5590    .text               c_w.l(sys_stackheap_outer.o)
    0x0800057e   0x0800057e   0x00000012   Code   RO         5592    .text               c_w.l(exit.o)
    0x08000590   0x08000590   0x0000000c   Code   RO         5657    .text               c_w.l(sys_exit.o)
    0x0800059c   0x0800059c   0x00000002   Code   RO         5676    .text               c_w.l(use_no_semi.o)
    0x0800059e   0x0800059e   0x00000000   Code   RO         5678    .text               c_w.l(indicate_semi.o)
    0x0800059e   0x0800059e   0x00000002   Code   RO          473    i.BusFault_Handler  stm32f4xx_it.o
    0x080005a0   0x080005a0   0x00000048   Code   RO         4691    i.CAN1_CMD_1        can_receive.o
    0x080005e8   0x080005e8   0x0000002c   Code   RO         5339    i.CAN1_Filter_Init  bsp_can.o
    0x08000614   0x08000614   0x0000000c   Code   RO          474    i.CAN1_RX0_IRQHandler  stm32f4xx_it.o
    0x08000620   0x08000620   0x0000002c   Code   RO         5340    i.CAN2_Filter_Init  bsp_can.o
    0x0800064c   0x0800064c   0x0000000c   Code   RO          475    i.CAN2_RX0_IRQHandler  stm32f4xx_it.o
    0x08000658   0x08000658   0x0000001e   Code   RO         5341    i.CAN_Start         bsp_can.o
    0x08000676   0x08000676   0x00000002   PAD
    0x08000678   0x08000678   0x000000d8   Code   RO         4761    i.Chassis_Loop_Out  chassis_api.o
    0x08000750   0x08000750   0x00000384   Code   RO         4762    i.Chassis_Sports_Calc  chassis_api.o
    0x08000ad4   0x08000ad4   0x0000000c   Code   RO          476    i.DMA1_Stream1_IRQHandler  stm32f4xx_it.o
    0x08000ae0   0x08000ae0   0x0000000c   Code   RO          477    i.DMA2_Stream1_IRQHandler  stm32f4xx_it.o
    0x08000aec   0x08000aec   0x0000000c   Code   RO          478    i.DMA2_Stream2_IRQHandler  stm32f4xx_it.o
    0x08000af8   0x08000af8   0x0000000c   Code   RO          479    i.DMA2_Stream6_IRQHandler  stm32f4xx_it.o
    0x08000b04   0x08000b04   0x0000000c   Code   RO          480    i.DMA2_Stream7_IRQHandler  stm32f4xx_it.o
    0x08000b10   0x08000b10   0x00000028   Code   RO         1347    i.DMA_CalcBaseAndBitshift  stm32f4xx_hal_dma.o
    0x08000b38   0x08000b38   0x00000054   Code   RO         1348    i.DMA_CheckFifoParam  stm32f4xx_hal_dma.o
    0x08000b8c   0x08000b8c   0x00000028   Code   RO         1349    i.DMA_SetConfig     stm32f4xx_hal_dma.o
    0x08000bb4   0x08000bb4   0x000000a0   Code   RO         4893    i.Data_Analyse      imu_ops9.o
    0x08000c54   0x08000c54   0x00000002   Code   RO          481    i.DebugMon_Handler  stm32f4xx_it.o
    0x08000c56   0x08000c56   0x00000004   Code   RO           13    i.Error_Handler     main.o
    0x08000c5a   0x08000c5a   0x00000002   PAD
    0x08000c5c   0x08000c5c   0x00000080   Code   RO         4843    i.Get_Chassis_Total_Yaw  global_position.o
    0x08000cdc   0x08000cdc   0x0000003c   Code   RO         4844    i.Get_Chassis_Yaw_Offset  global_position.o
    0x08000d18   0x08000d18   0x00000038   Code   RO         4845    i.Get_Chassis_Yaw_Target  global_position.o
    0x08000d50   0x08000d50   0x00000024   Code   RO          655    i.HAL_CAN_ActivateNotification  stm32f4xx_hal_can.o
    0x08000d74   0x08000d74   0x000000dc   Code   RO          656    i.HAL_CAN_AddTxMessage  stm32f4xx_hal_can.o
    0x08000e50   0x08000e50   0x0000010c   Code   RO          657    i.HAL_CAN_ConfigFilter  stm32f4xx_hal_can.o
    0x08000f5c   0x08000f5c   0x00000002   Code   RO          660    i.HAL_CAN_ErrorCallback  stm32f4xx_hal_can.o
    0x08000f5e   0x08000f5e   0x000000e8   Code   RO          663    i.HAL_CAN_GetRxMessage  stm32f4xx_hal_can.o
    0x08001046   0x08001046   0x000001fc   Code   RO          667    i.HAL_CAN_IRQHandler  stm32f4xx_hal_can.o
    0x08001242   0x08001242   0x0000011a   Code   RO          668    i.HAL_CAN_Init      stm32f4xx_hal_can.o
    0x0800135c   0x0800135c   0x000000fc   Code   RO          347    i.HAL_CAN_MspInit   can.o
    0x08001458   0x08001458   0x00000002   Code   RO          675    i.HAL_CAN_RxFifo0FullCallback  stm32f4xx_hal_can.o
    0x0800145a   0x0800145a   0x00000002   PAD
    0x0800145c   0x0800145c   0x000000c4   Code   RO         4695    i.HAL_CAN_RxFifo0MsgPendingCallback  can_receive.o
    0x08001520   0x08001520   0x00000002   Code   RO          677    i.HAL_CAN_RxFifo1FullCallback  stm32f4xx_hal_can.o
    0x08001522   0x08001522   0x00000002   Code   RO          678    i.HAL_CAN_RxFifo1MsgPendingCallback  stm32f4xx_hal_can.o
    0x08001524   0x08001524   0x00000002   Code   RO          679    i.HAL_CAN_SleepCallback  stm32f4xx_hal_can.o
    0x08001526   0x08001526   0x00000002   PAD
    0x08001528   0x08001528   0x00000058   Code   RO          680    i.HAL_CAN_Start     stm32f4xx_hal_can.o
    0x08001580   0x08001580   0x00000002   Code   RO          682    i.HAL_CAN_TxMailbox0AbortCallback  stm32f4xx_hal_can.o
    0x08001582   0x08001582   0x00000002   Code   RO          683    i.HAL_CAN_TxMailbox0CompleteCallback  stm32f4xx_hal_can.o
    0x08001584   0x08001584   0x00000002   Code   RO          684    i.HAL_CAN_TxMailbox1AbortCallback  stm32f4xx_hal_can.o
    0x08001586   0x08001586   0x00000002   Code   RO          685    i.HAL_CAN_TxMailbox1CompleteCallback  stm32f4xx_hal_can.o
    0x08001588   0x08001588   0x00000002   Code   RO          686    i.HAL_CAN_TxMailbox2AbortCallback  stm32f4xx_hal_can.o
    0x0800158a   0x0800158a   0x00000002   Code   RO          687    i.HAL_CAN_TxMailbox2CompleteCallback  stm32f4xx_hal_can.o
    0x0800158c   0x0800158c   0x00000002   Code   RO          689    i.HAL_CAN_WakeUpFromRxMsgCallback  stm32f4xx_hal_can.o
    0x0800158e   0x0800158e   0x00000092   Code   RO         1350    i.HAL_DMA_Abort     stm32f4xx_hal_dma.o
    0x08001620   0x08001620   0x00000024   Code   RO         1351    i.HAL_DMA_Abort_IT  stm32f4xx_hal_dma.o
    0x08001644   0x08001644   0x000001a0   Code   RO         1355    i.HAL_DMA_IRQHandler  stm32f4xx_hal_dma.o
    0x080017e4   0x080017e4   0x000000d4   Code   RO         1356    i.HAL_DMA_Init      stm32f4xx_hal_dma.o
    0x080018b8   0x080018b8   0x0000006e   Code   RO         1360    i.HAL_DMA_Start_IT  stm32f4xx_hal_dma.o
    0x08001926   0x08001926   0x00000002   PAD
    0x08001928   0x08001928   0x00000024   Code   RO         1769    i.HAL_Delay         stm32f4xx_hal.o
    0x0800194c   0x0800194c   0x000001f0   Code   RO         1243    i.HAL_GPIO_Init     stm32f4xx_hal_gpio.o
    0x08001b3c   0x08001b3c   0x0000000c   Code   RO         1775    i.HAL_GetTick       stm32f4xx_hal.o
    0x08001b48   0x08001b48   0x00000010   Code   RO         1781    i.HAL_IncTick       stm32f4xx_hal.o
    0x08001b58   0x08001b58   0x00000034   Code   RO         1782    i.HAL_Init          stm32f4xx_hal.o
    0x08001b8c   0x08001b8c   0x00000098   Code   RO          615    i.HAL_InitTick      stm32f4xx_hal_timebase_tim.o
    0x08001c24   0x08001c24   0x00000038   Code   RO          591    i.HAL_MspInit       stm32f4xx_hal_msp.o
    0x08001c5c   0x08001c5c   0x0000001a   Code   RO         1632    i.HAL_NVIC_EnableIRQ  stm32f4xx_hal_cortex.o
    0x08001c76   0x08001c76   0x00000002   PAD
    0x08001c78   0x08001c78   0x00000040   Code   RO         1638    i.HAL_NVIC_SetPriority  stm32f4xx_hal_cortex.o
    0x08001cb8   0x08001cb8   0x00000024   Code   RO         1639    i.HAL_NVIC_SetPriorityGrouping  stm32f4xx_hal_cortex.o
    0x08001cdc   0x08001cdc   0x00000134   Code   RO          889    i.HAL_RCC_ClockConfig  stm32f4xx_hal_rcc.o
    0x08001e10   0x08001e10   0x00000040   Code   RO          893    i.HAL_RCC_GetClockConfig  stm32f4xx_hal_rcc.o
    0x08001e50   0x08001e50   0x00000020   Code   RO          896    i.HAL_RCC_GetPCLK1Freq  stm32f4xx_hal_rcc.o
    0x08001e70   0x08001e70   0x00000020   Code   RO          897    i.HAL_RCC_GetPCLK2Freq  stm32f4xx_hal_rcc.o
    0x08001e90   0x08001e90   0x00000064   Code   RO          898    i.HAL_RCC_GetSysClockFreq  stm32f4xx_hal_rcc.o
    0x08001ef4   0x08001ef4   0x0000036c   Code   RO          901    i.HAL_RCC_OscConfig  stm32f4xx_hal_rcc.o
    0x08002260   0x08002260   0x00000002   Code   RO         2726    i.HAL_TIMEx_BreakCallback  stm32f4xx_hal_tim_ex.o
    0x08002262   0x08002262   0x00000002   Code   RO         2727    i.HAL_TIMEx_CommutCallback  stm32f4xx_hal_tim_ex.o
    0x08002264   0x08002264   0x0000005a   Code   RO         2022    i.HAL_TIM_Base_Init  stm32f4xx_hal_tim.o
    0x080022be   0x080022be   0x00000002   Code   RO         2024    i.HAL_TIM_Base_MspInit  stm32f4xx_hal_tim.o
    0x080022c0   0x080022c0   0x00000080   Code   RO         2027    i.HAL_TIM_Base_Start_IT  stm32f4xx_hal_tim.o
    0x08002340   0x08002340   0x00000002   Code   RO         2056    i.HAL_TIM_IC_CaptureCallback  stm32f4xx_hal_tim.o
    0x08002342   0x08002342   0x00000166   Code   RO         2070    i.HAL_TIM_IRQHandler  stm32f4xx_hal_tim.o
    0x080024a8   0x080024a8   0x00000002   Code   RO         2073    i.HAL_TIM_OC_DelayElapsedCallback  stm32f4xx_hal_tim.o
    0x080024aa   0x080024aa   0x00000002   Code   RO         2100    i.HAL_TIM_PWM_PulseFinishedCallback  stm32f4xx_hal_tim.o
    0x080024ac   0x080024ac   0x00000014   Code   RO           14    i.HAL_TIM_PeriodElapsedCallback  main.o
    0x080024c0   0x080024c0   0x00000002   Code   RO         2113    i.HAL_TIM_TriggerCallback  stm32f4xx_hal_tim.o
    0x080024c2   0x080024c2   0x00000002   Code   RO         3004    i.HAL_UARTEx_RxEventCallback  stm32f4xx_hal_uart.o
    0x080024c4   0x080024c4   0x00000002   Code   RO         3018    i.HAL_UART_ErrorCallback  stm32f4xx_hal_uart.o
    0x080024c6   0x080024c6   0x00000002   PAD
    0x080024c8   0x080024c8   0x00000268   Code   RO         3021    i.HAL_UART_IRQHandler  stm32f4xx_hal_uart.o
    0x08002730   0x08002730   0x00000062   Code   RO         3022    i.HAL_UART_Init     stm32f4xx_hal_uart.o
    0x08002792   0x08002792   0x00000002   PAD
    0x08002794   0x08002794   0x00000298   Code   RO          420    i.HAL_UART_MspInit  usart.o
    0x08002a2c   0x08002a2c   0x0000002a   Code   RO         3026    i.HAL_UART_Receive_DMA  stm32f4xx_hal_uart.o
    0x08002a56   0x08002a56   0x00000002   PAD
    0x08002a58   0x08002a58   0x00000038   Code   RO         4953    i.HAL_UART_RxCpltCallback  imu605_485.o
    0x08002a90   0x08002a90   0x00000002   Code   RO         3029    i.HAL_UART_RxHalfCpltCallback  stm32f4xx_hal_uart.o
    0x08002a92   0x08002a92   0x00000002   PAD
    0x08002a94   0x08002a94   0x0000008c   Code   RO         3031    i.HAL_UART_Transmit_DMA  stm32f4xx_hal_uart.o
    0x08002b20   0x08002b20   0x00000002   Code   RO         3033    i.HAL_UART_TxCpltCallback  stm32f4xx_hal_uart.o
    0x08002b22   0x08002b22   0x00000002   Code   RO         3034    i.HAL_UART_TxHalfCpltCallback  stm32f4xx_hal_uart.o
    0x08002b24   0x08002b24   0x00000002   Code   RO          482    i.HardFault_Handler  stm32f4xx_it.o
    0x08002b26   0x08002b26   0x00000002   PAD
    0x08002b28   0x08002b28   0x000000b8   Code   RO         4954    i.IMU_Read_Euler    imu605_485.o
    0x08002be0   0x08002be0   0x00000048   Code   RO         4955    i.IMU_Request_Data  imu605_485.o
    0x08002c28   0x08002c28   0x00000044   Code   RO          348    i.MX_CAN1_Init      can.o
    0x08002c6c   0x08002c6c   0x00000044   Code   RO          349    i.MX_CAN2_Init      can.o
    0x08002cb0   0x08002cb0   0x0000007c   Code   RO          395    i.MX_DMA_Init       dma.o
    0x08002d2c   0x08002d2c   0x00000054   Code   RO          284    i.MX_FREERTOS_Init  freertos.o
    0x08002d80   0x08002d80   0x0000006c   Code   RO          257    i.MX_GPIO_Init      gpio.o
    0x08002dec   0x08002dec   0x00000038   Code   RO          421    i.MX_USART1_UART_Init  usart.o
    0x08002e24   0x08002e24   0x00000040   Code   RO          422    i.MX_USART3_UART_Init  usart.o
    0x08002e64   0x08002e64   0x00000038   Code   RO          423    i.MX_USART6_UART_Init  usart.o
    0x08002e9c   0x08002e9c   0x00000002   Code   RO          483    i.MemManage_Handler  stm32f4xx_it.o
    0x08002e9e   0x08002e9e   0x00000002   Code   RO          484    i.NMI_Handler       stm32f4xx_it.o
    0x08002ea0   0x08002ea0   0x00000024   Code   RO         5060    i.PID_Yaw_realize   pid_user.o
    0x08002ec4   0x08002ec4   0x00000128   Code   RO         5022    i.PID_calc          pid.o
    0x08002fec   0x08002fec   0x0000017c   Code   RO         5063    i.PID_devices_Init  pid_user.o
    0x08003168   0x08003168   0x0000005c   Code   RO         5024    i.PID_init          pid.o
    0x080031c4   0x080031c4   0x0000003c   Code   RO         5066    i.PID_velocity_realize_1  pid_user.o
    0x08003200   0x08003200   0x00000060   Code   RO         5414    i.RC_init           bsp_rc.o
    0x08003260   0x08003260   0x00000088   Code   RO         4763    i.Remote_Control_Chassis_Mode  chassis_api.o
    0x080032e8   0x080032e8   0x00000028   Code   RO         4764    i.Remote_Control_Chassis_Set_Mode  chassis_api.o
    0x08003310   0x08003310   0x00000064   Code   RO         4765    i.Robot_Pose_Analysis  chassis_api.o
    0x08003374   0x08003374   0x0000002c   Code   RO         4612    i.SysTick_Handler   port.o
    0x080033a0   0x080033a0   0x00000094   Code   RO           15    i.SystemClock_Config  main.o
    0x08003434   0x08003434   0x00000010   Code   RO         3351    i.SystemInit        system_stm32f4xx.o
    0x08003444   0x08003444   0x0000000c   Code   RO          485    i.TIM6_DAC_IRQHandler  stm32f4xx_it.o
    0x08003450   0x08003450   0x000000c8   Code   RO         2115    i.TIM_Base_SetConfig  stm32f4xx_hal_tim.o
    0x08003518   0x08003518   0x00000010   Code   RO         3035    i.UART_DMAAbortOnError  stm32f4xx_hal_uart.o
    0x08003528   0x08003528   0x0000004a   Code   RO         3036    i.UART_DMAError     stm32f4xx_hal_uart.o
    0x08003572   0x08003572   0x00000082   Code   RO         3037    i.UART_DMAReceiveCplt  stm32f4xx_hal_uart.o
    0x080035f4   0x080035f4   0x0000001a   Code   RO         3039    i.UART_DMARxHalfCplt  stm32f4xx_hal_uart.o
    0x0800360e   0x0800360e   0x00000042   Code   RO         3041    i.UART_DMATransmitCplt  stm32f4xx_hal_uart.o
    0x08003650   0x08003650   0x0000000a   Code   RO         3043    i.UART_DMATxHalfCplt  stm32f4xx_hal_uart.o
    0x0800365a   0x0800365a   0x0000004e   Code   RO         3045    i.UART_EndRxTransfer  stm32f4xx_hal_uart.o
    0x080036a8   0x080036a8   0x0000001c   Code   RO         3046    i.UART_EndTxTransfer  stm32f4xx_hal_uart.o
    0x080036c4   0x080036c4   0x000000c0   Code   RO         3047    i.UART_Receive_IT   stm32f4xx_hal_uart.o
    0x08003784   0x08003784   0x0000010c   Code   RO         3048    i.UART_SetConfig    stm32f4xx_hal_uart.o
    0x08003890   0x08003890   0x00000094   Code   RO         3049    i.UART_Start_Receive_DMA  stm32f4xx_hal_uart.o
    0x08003924   0x08003924   0x0000000c   Code   RO          486    i.USART1_IRQHandler  stm32f4xx_it.o
    0x08003930   0x08003930   0x000000b4   Code   RO         5141    i.USART3_IRQHandler  remote_control.o
    0x080039e4   0x080039e4   0x0000000c   Code   RO          487    i.USART6_IRQHandler  stm32f4xx_it.o
    0x080039f0   0x080039f0   0x00000002   Code   RO          488    i.UsageFault_Handler  stm32f4xx_it.o
    0x080039f2   0x080039f2   0x00000030   Code   RO         5583    i.__ARM_fpclassify  m_wm.l(fpclassify.o)
    0x08003a22   0x08003a22   0x00000002   PAD
    0x08003a24   0x08003a24   0x0000002c   Code   RO         4958    i.__CRC16           imu605_485.o
    0x08003a50   0x08003a50   0x00000020   Code   RO         1645    i.__NVIC_SetPriority  stm32f4xx_hal_cortex.o
    0x08003a70   0x08003a70   0x000002d8   Code   RO         5524    i.__hardfp_atan     m_wm.l(atan.o)
    0x08003d48   0x08003d48   0x00000200   Code   RO         5474    i.__hardfp_atan2    m_wm.l(atan2.o)
    0x08003f48   0x08003f48   0x0000007a   Code   RO         5486    i.__hardfp_sqrt     m_wm.l(sqrt.o)
    0x08003fc2   0x08003fc2   0x000000f8   Code   RO         5585    i.__kernel_poly     m_wm.l(poly.o)
    0x080040ba   0x080040ba   0x00000014   Code   RO         5539    i.__mathlib_dbl_infnan  m_wm.l(dunder.o)
    0x080040ce   0x080040ce   0x00000014   Code   RO         5540    i.__mathlib_dbl_infnan2  m_wm.l(dunder.o)
    0x080040e2   0x080040e2   0x00000006   PAD
    0x080040e8   0x080040e8   0x00000020   Code   RO         5544    i.__mathlib_dbl_underflow  m_wm.l(dunder.o)
    0x08004108   0x08004108   0x00000010   Code   RO         5526    i.atan              m_wm.l(atan.o)
    0x08004118   0x08004118   0x000000ac   Code   RO         5302    i.calc_angle_helm_wheel  helm_wheel.o
    0x080041c4   0x080041c4   0x00000054   Code   RO         5303    i.calc_min_angle    helm_wheel.o
    0x08004218   0x08004218   0x00000044   Code   RO         5304    i.calc_motor_round_cnt  helm_wheel.o
    0x0800425c   0x0800425c   0x00000038   Code   RO         4818    i.chassis_task      chassis_task.o
    0x08004294   0x08004294   0x00000018   Code   RO         5554    i.fabs              m_wm.l(fabs.o)
    0x080042ac   0x080042ac   0x0000000a   Code   RO         4696    i.get_moto_offset   can_receive.o
    0x080042b6   0x080042b6   0x00000042   Code   RO         4697    i.get_motor_measure  can_receive.o
    0x080042f8   0x080042f8   0x00000010   Code   RO         4959    i.imu_request_task  imu605_485.o
    0x08004308   0x08004308   0x0000007c   Code   RO           16    i.main              main.o
    0x08004384   0x08004384   0x0000000c   Code   RO         4177    i.makeFreeRtosPriority  cmsis_os.o
    0x08004390   0x08004390   0x00000002   Code   RO         4897    i.ops_reset_task    imu_ops9.o
    0x08004392   0x08004392   0x0000000e   Code   RO         4179    i.osDelay           cmsis_os.o
    0x080043a0   0x080043a0   0x0000000a   Code   RO         4182    i.osKernelStart     cmsis_os.o
    0x080043aa   0x080043aa   0x00000054   Code   RO         4216    i.osThreadCreate    cmsis_os.o
    0x080043fe   0x080043fe   0x00000002   PAD
    0x08004400   0x08004400   0x00000070   Code   RO         3853    i.prvAddCurrentTaskToDelayedList  tasks.o
    0x08004470   0x08004470   0x000000d0   Code   RO         3854    i.prvAddNewTaskToReadyList  tasks.o
    0x08004540   0x08004540   0x00000034   Code   RO         3855    i.prvDeleteTCB      tasks.o
    0x08004574   0x08004574   0x0000004c   Code   RO         4544    i.prvHeapInit       heap_4.o
    0x080045c0   0x080045c0   0x00000060   Code   RO         3856    i.prvIdleTask       tasks.o
    0x08004620   0x08004620   0x00000098   Code   RO         3857    i.prvInitialiseNewTask  tasks.o
    0x080046b8   0x080046b8   0x0000004c   Code   RO         4545    i.prvInsertBlockIntoFreeList  heap_4.o
    0x08004704   0x08004704   0x00000020   Code   RO         3858    i.prvResetNextTaskUnblockTime  tasks.o
    0x08004724   0x08004724   0x00000028   Code   RO         4613    i.prvTaskExitError  port.o
    0x0800474c   0x0800474c   0x000000dc   Code   RO         4546    i.pvPortMalloc      heap_4.o
    0x08004828   0x08004828   0x0000002c   Code   RO         4614    i.pxPortInitialiseStack  port.o
    0x08004854   0x08004854   0x00000010   Code   RO         5143    i.remote_control_init  remote_control.o
    0x08004864   0x08004864   0x000000b4   Code   RO         5144    i.sbus_to_rc        remote_control.o
    0x08004918   0x08004918   0x00000026   Code   RO         3489    i.uxListRemove      list.o
    0x0800493e   0x0800493e   0x00000002   PAD
    0x08004940   0x08004940   0x00000014   Code   RO          288    i.vApplicationGetIdleTaskMemory  freertos.o
    0x08004954   0x08004954   0x00000016   Code   RO         3490    i.vListInitialise   list.o
    0x0800496a   0x0800496a   0x00000006   Code   RO         3491    i.vListInitialiseItem  list.o
    0x08004970   0x08004970   0x00000030   Code   RO         3492    i.vListInsert       list.o
    0x080049a0   0x080049a0   0x00000018   Code   RO         3493    i.vListInsertEnd    list.o
    0x080049b8   0x080049b8   0x00000040   Code   RO         4616    i.vPortEnterCritical  port.o
    0x080049f8   0x080049f8   0x00000028   Code   RO         4617    i.vPortExitCritical  port.o
    0x08004a20   0x08004a20   0x00000064   Code   RO         4547    i.vPortFree         heap_4.o
    0x08004a84   0x08004a84   0x00000024   Code   RO         4618    i.vPortSetupTimerInterrupt  port.o
    0x08004aa8   0x08004aa8   0x0000004c   Code   RO         3867    i.vTaskDelay        tasks.o
    0x08004af4   0x08004af4   0x0000006c   Code   RO         3881    i.vTaskStartScheduler  tasks.o
    0x08004b60   0x08004b60   0x00000010   Code   RO         3883    i.vTaskSuspendAll   tasks.o
    0x08004b70   0x08004b70   0x0000005c   Code   RO         3884    i.vTaskSwitchContext  tasks.o
    0x08004bcc   0x08004bcc   0x000000f4   Code   RO         4620    i.xPortStartScheduler  port.o
    0x08004cc0   0x08004cc0   0x0000005a   Code   RO         3887    i.xTaskCreate       tasks.o
    0x08004d1a   0x08004d1a   0x00000056   Code   RO         3888    i.xTaskCreateStatic  tasks.o
    0x08004d70   0x08004d70   0x000000cc   Code   RO         3895    i.xTaskIncrementTick  tasks.o
    0x08004e3c   0x08004e3c   0x000000c4   Code   RO         3901    i.xTaskResumeAll    tasks.o
    0x08004f00   0x08004f00   0x00000018   Code   RO         5507    x$fpl$basic         fz_wm.l(basic.o)
    0x08004f18   0x08004f18   0x00000062   Code   RO         5452    x$fpl$d2f           fz_wm.l(d2f.o)
    0x08004f7a   0x08004f7a   0x00000002   PAD
    0x08004f7c   0x08004f7c   0x00000150   Code   RO         5454    x$fpl$dadd          fz_wm.l(daddsub_clz.o)
    0x080050cc   0x080050cc   0x00000018   Code   RO         5581    x$fpl$dcmpinf       fz_wm.l(dcmpi.o)
    0x080050e4   0x080050e4   0x000002b0   Code   RO         5461    x$fpl$ddiv          fz_wm.l(ddiv.o)
    0x08005394   0x08005394   0x00000078   Code   RO         5509    x$fpl$deqf          fz_wm.l(deqf.o)
    0x0800540c   0x0800540c   0x0000002e   Code   RO         5465    x$fpl$dflt          fz_wm.l(dflt_clz.o)
    0x0800543a   0x0800543a   0x00000002   PAD
    0x0800543c   0x0800543c   0x00000154   Code   RO         5470    x$fpl$dmul          fz_wm.l(dmul.o)
    0x08005590   0x08005590   0x0000009c   Code   RO         5513    x$fpl$dnaninf       fz_wm.l(dnaninf.o)
    0x0800562c   0x0800562c   0x0000000c   Code   RO         5515    x$fpl$dretinf       fz_wm.l(dretinf.o)
    0x08005638   0x08005638   0x00000016   Code   RO         5455    x$fpl$drsb          fz_wm.l(daddsub_clz.o)
    0x0800564e   0x0800564e   0x00000002   PAD
    0x08005650   0x08005650   0x00000198   Code   RO         5517    x$fpl$dsqrt         fz_wm.l(dsqrt_umaal.o)
    0x080057e8   0x080057e8   0x000001d4   Code   RO         5456    x$fpl$dsub          fz_wm.l(daddsub_clz.o)
    0x080059bc   0x080059bc   0x00000056   Code   RO         5472    x$fpl$f2d           fz_wm.l(f2d.o)
    0x08005a12   0x08005a12   0x0000008c   Code   RO         5519    x$fpl$fnaninf       fz_wm.l(fnaninf.o)
    0x08005a9e   0x08005a9e   0x0000000a   Code   RO         5672    x$fpl$fpinit        fz_wm.l(fpinit.o)
    0x08005aa8   0x08005aa8   0x0000000a   Code   RO         5521    x$fpl$fretinf       fz_wm.l(fretinf.o)
    0x08005ab2   0x08005ab2   0x00000000   Code   RO         5523    x$fpl$usenofp       fz_wm.l(usenofp.o)
    0x08005ab2   0x08005ab2   0x00000002   PAD
    0x08005ab4   0x08005ab4   0x00000054   Data   RO          290    .constdata          freertos.o
    0x08005b08   0x08005b08   0x00000008   Data   RO         1362    .constdata          stm32f4xx_hal_dma.o
    0x08005b10   0x08005b10   0x00000010   Data   RO         3352    .constdata          system_stm32f4xx.o
    0x08005b20   0x08005b20   0x00000008   Data   RO         3353    .constdata          system_stm32f4xx.o
    0x08005b28   0x08005b28   0x00000200   Data   RO         4961    .constdata          imu605_485.o
    0x08005d28   0x08005d28   0x00000098   Data   RO         5527    .constdata          m_wm.l(atan.o)
    0x08005dc0   0x08005dc0   0x00000008   Data   RO         5558    .constdata          m_wm.l(qnan.o)
    0x08005dc8   0x08005dc8   0x00000020   Data   RO          291    .conststring        freertos.o
    0x08005de8   0x08005de8   0x00000020   Data   RO         5730    Region$$Table       anon$$obj.o


    Execution Region RW_IRAM1 (Exec base: 0x20000000, Load base: 0x08005e08, Size: 0x00005730, Max: 0x0001c000, ABSOLUTE, COMPRESSED[0x00000048])

    Exec Addr    Load Addr    Size         Type   Attr      Idx    E Section Name        Object

    0x20000000   COMPRESSED   0x0000000c   Data   RW          292    .data               freertos.o
    0x2000000c   COMPRESSED   0x00000004   Data   RW          351    .data               can.o
    0x20000010   COMPRESSED   0x0000000c   Data   RW         1789    .data               stm32f4xx_hal.o
    0x2000001c   COMPRESSED   0x00000004   Data   RW         3354    .data               system_stm32f4xx.o
    0x20000020   COMPRESSED   0x0000003c   Data   RW         3904    .data               tasks.o
    0x2000005c   COMPRESSED   0x00000020   Data   RW         4553    .data               heap_4.o
    0x2000007c   COMPRESSED   0x0000000c   Data   RW         4621    .data               port.o
    0x20000088   COMPRESSED   0x0000000a   Data   RW         4700    .data               can_receive.o
    0x20000092   COMPRESSED   0x00000002   PAD
    0x20000094   COMPRESSED   0x00000020   Data   RW         4768    .data               chassis_api.o
    0x200000b4   COMPRESSED   0x0000000c   Data   RW         4848    .data               global_position.o
    0x200000c0   COMPRESSED   0x00000010   Data   RW         4901    .data               imu_ops9.o
    0x200000d0   COMPRESSED   0x00000001   Data   RW         4902    .data               imu_ops9.o
    0x200000d1   COMPRESSED   0x00000001   PAD
    0x200000d2   COMPRESSED   0x00000002   Data   RW         4962    .data               imu605_485.o
    0x200000d4   COMPRESSED   0x00000054   Data   RW         5069    .data               pid_user.o
    0x20000128   COMPRESSED   0x00000002   Data   RW         5146    .data               remote_control.o
    0x2000012a   COMPRESSED   0x00000002   PAD
    0x2000012c   COMPRESSED   0x00000004   Data   RW         5305    .data               helm_wheel.o
    0x20000130        -       0x00000254   Zero   RW          289    .bss                freertos.o
    0x20000384        -       0x00000050   Zero   RW          350    .bss                can.o
    0x200003d4        -       0x000002ac   Zero   RW          424    .bss                usart.o
    0x20000680        -       0x00000048   Zero   RW          618    .bss                stm32f4xx_hal_timebase_tim.o
    0x200006c8        -       0x000000f0   Zero   RW         3903    .bss                tasks.o
    0x200007b8        -       0x00003c00   Zero   RW         4552    .bss                heap_4.o
    0x200043b8        -       0x000001d8   Zero   RW         4699    .bss                can_receive.o
    0x20004590        -       0x00000084   Zero   RW         4766    .bss                chassis_api.o
    0x20004614        -       0x00000030   Zero   RW         4899    .bss                imu_ops9.o
    0x20004644        -       0x0000004f   Zero   RW         4960    .bss                imu605_485.o
    0x20004693   COMPRESSED   0x00000001   PAD
    0x20004694        -       0x000009d8   Zero   RW         5068    .bss                pid_user.o
    0x2000506c        -       0x0000005e   Zero   RW         5145    .bss                remote_control.o
    0x200050ca   COMPRESSED   0x00000002   PAD
    0x200050cc        -       0x00000060   Zero   RW         5588    .bss                c_w.l(libspace.o)
    0x2000512c   COMPRESSED   0x00000004   PAD
    0x20005130        -       0x00000200   Zero   RW            2    HEAP                startup_stm32f407xx.o
    0x20005330        -       0x00000400   Zero   RW            1    STACK               startup_stm32f407xx.o


    Execution Region RW_IRAM2 (Exec base: 0x2001c000, Load base: 0x08005e50, Size: 0x00000000, Max: 0x00004000, ABSOLUTE)

    **** No section assigned to this execution region ****


==============================================================================

Image component sizes


      Code (inc. data)   RO Data    RW Data    ZI Data      Debug   Object Name

       118         12          0          0          0       2160   bsp_can.o
        96         12          0          0          0       1063   bsp_rc.o
       388         42          0          4         80       2602   can.o
       344         30          0         10        472       3696   can_receive.o
      1392        108          0         32        132       4787   chassis_api.o
        56          6          0          0          0        567   chassis_task.o
       120          0          0          0          0      23553   cmsis_os.o
       124          4          0          0          0        894   dma.o
         0          0          0          0          0      17040   event_groups.o
       104         14        116         12        596       2253   freertos.o
       244         42          0         12          0       1782   global_position.o
       108          6          0          0          0       5531   gpio.o
       472         24          0         32      15360       7607   heap_4.o
       324         52          0          4          0       2292   helm_wheel.o
       372         42        512          2         79       5376   imu605_485.o
       162         14          0         17         48       3975   imu_ops9.o
       138          0          0          0          0       3710   list.o
       296         40          0          0          0     742150   main.o
       388          8          0          0          0       1954   pid.o
       476         66          0         84       2520       3705   pid_user.o
       702         72          0         12          0      11260   port.o
       376         28          0          2         94     577989   remote_control.o
        64         26        392          0       1536        868   startup_stm32f407xx.o
       116         18          0         12          0       8898   stm32f4xx_hal.o
      1658          6          0          0          0      14767   stm32f4xx_hal_can.o
       158         14          0          0          0      33302   stm32f4xx_hal_cortex.o
      1084         16          8          0          0       7574   stm32f4xx_hal_dma.o
       496         46          0          0          0       1580   stm32f4xx_hal_gpio.o
        56          4          0          0          0        918   stm32f4xx_hal_msp.o
      1412         86          0          0          0       6069   stm32f4xx_hal_rcc.o
       786         72          0          0          0       7604   stm32f4xx_hal_tim.o
         4          0          0          0          0       1673   stm32f4xx_hal_tim_ex.o
       152         20          0          0         72       1555   stm32f4xx_hal_timebase_tim.o
      1942         44          0          0          0      15774   stm32f4xx_hal_uart.o
       132         60          0          0          0       7945   stm32f4xx_it.o
         0          0          0          0          0        424   stream_buffer.o
        16          4         24          4          0       1199   system_stm32f4xx.o
      1520        112          0         60        240      19926   tasks.o
       840         78          0          0        684       3831   usart.o

    ----------------------------------------------------------------------
     17264       1228       1084        304      21916    1559853   Object Totals
         0          0         32          0          0          0   (incl. Generated)
        28          0          0          5          3          0   (incl. Padding)

    ----------------------------------------------------------------------

      Code (inc. data)   RO Data    RW Data    ZI Data      Debug   Library Member Name

        90          0          0          0          0          0   __dczerorl2.o
         8          0          0          0          0         68   __main.o
         0          0          0          0          0          0   __rtentry.o
        12          0          0          0          0          0   __rtentry2.o
         6          0          0          0          0          0   __rtentry4.o
        52          8          0          0          0          0   __scatter.o
        28          0          0          0          0          0   __scatter_zi.o
        22          0          0          0          0        100   _rserrno.o
        18          0          0          0          0         80   exit.o
         6          0          0          0          0        152   heapauxi.o
         0          0          0          0          0          0   indicate_semi.o
         2          0          0          0          0          0   libinit.o
         6          0          0          0          0          0   libinit2.o
         2          0          0          0          0          0   libshutdown.o
         2          0          0          0          0          0   libshutdown2.o
         8          4          0          0         96         68   libspace.o
       238          0          0          0          0        100   lludivv7m.o
         8          4          0          0          0         68   rt_errno_addr_intlibspace.o
        78          0          0          0          0         80   rt_memclr_w.o
       100          0          0          0          0         80   rt_memcpy_w.o
         2          0          0          0          0          0   rtexit.o
        10          0          0          0          0          0   rtexit2.o
        12          4          0          0          0         68   sys_exit.o
        74          0          0          0          0         80   sys_stackheap_outer.o
         2          0          0          0          0         68   use_no_semi.o
        24          0          0          0          0        164   basic.o
        98          4          0          0          0        140   d2f.o
       826         16          0          0          0        492   daddsub_clz.o
        24          0          0          0          0        116   dcmpi.o
       688        140          0          0          0        256   ddiv.o
       120          4          0          0          0        140   deqf.o
        46          0          0          0          0        116   dflt_clz.o
       340         12          0          0          0        152   dmul.o
       156          4          0          0          0        140   dnaninf.o
        12          0          0          0          0        116   dretinf.o
       408         56          0          0          0        168   dsqrt_umaal.o
        86          4          0          0          0        132   f2d.o
       140          4          0          0          0        132   fnaninf.o
        10          0          0          0          0        116   fpinit.o
        10          0          0          0          0        116   fretinf.o
         0          0          0          0          0          0   usenofp.o
       744        106        152          0          0        352   atan.o
       512         64          0          0          0        208   atan2.o
        72          8          0          0          0        372   dunder.o
        24          0          0          0          0        124   fabs.o
        48          0          0          0          0        124   fpclassify.o
       248          0          0          0          0        152   poly.o
         0          0          8          0          0          0   qnan.o
       122          0          0          0          0        148   sqrt.o

    ----------------------------------------------------------------------
      5564        442        160          0        100       4988   Library Totals
        20          0          0          0          4          0   (incl. Padding)

    ----------------------------------------------------------------------

      Code (inc. data)   RO Data    RW Data    ZI Data      Debug   Library Name

       786         20          0          0         96       1012   c_w.l
      2988        244          0          0          0       2496   fz_wm.l
      1770        178        160          0          0       1480   m_wm.l

    ----------------------------------------------------------------------
      5564        442        160          0        100       4988   Library Totals

    ----------------------------------------------------------------------

==============================================================================


      Code (inc. data)   RO Data    RW Data    ZI Data      Debug   

     22828       1670       1244        304      22016    1545625   Grand Totals
     22828       1670       1244         72      22016    1545625   ELF Image Totals (compressed)
     22828       1670       1244         72          0          0   ROM Totals

==============================================================================

    Total RO  Size (Code + RO Data)                24072 (  23.51kB)
    Total RW  Size (RW Data + ZI Data)             22320 (  21.80kB)
    Total ROM Size (Code + RO Data + RW Data)      24144 (  23.58kB)

==============================================================================

